Archive member included to satisfy reference by file (symbol)

library.a(initialize.o)       obj/Lab7C-Main-c.o (ClearDisplay)
library.a(stm32f429i_discovery.o)
                              library.a(initialize.o) (BSP_PB_Init)
library.a(stm32f429i_discovery_lcd.o)
                              library.a(initialize.o) (BSP_LCD_LayerDefaultInit)
library.a(stm32f429i_discovery_sdram.o)
                              library.a(stm32f429i_discovery_lcd.o) (BSP_SDRAM_Init)
library.a(stm32f4xx_hal.o)    library.a(initialize.o) (HAL_Init)
library.a(stm32f4xx_hal_cortex.o)
                              library.a(stm32f4xx_hal.o) (HAL_NVIC_SetPriorityGrouping)
library.a(stm32f4xx_hal_dma.o)
                              library.a(stm32f429i_discovery_sdram.o) (HAL_DMA_Init)
library.a(stm32f4xx_hal_dma2d.o)
                              library.a(stm32f429i_discovery_lcd.o) (HAL_DMA2D_Init)
library.a(stm32f4xx_hal_gpio.o)
                              library.a(stm32f429i_discovery.o) (HAL_GPIO_Init)
library.a(stm32f4xx_hal_i2c.o)
                              library.a(stm32f429i_discovery.o) (HAL_I2C_Init)
library.a(stm32f4xx_hal_ltdc.o)
                              library.a(stm32f429i_discovery_lcd.o) (HAL_LTDC_Init)
library.a(stm32f4xx_hal_rcc.o)
                              library.a(initialize.o) (HAL_RCC_OscConfig)
library.a(stm32f4xx_hal_rcc_ex.o)
                              library.a(stm32f429i_discovery_lcd.o) (HAL_RCCEx_PeriphCLKConfig)
library.a(stm32f4xx_hal_sdram.o)
                              library.a(stm32f429i_discovery_sdram.o) (HAL_SDRAM_Init)
library.a(stm32f4xx_hal_spi.o)
                              library.a(stm32f429i_discovery.o) (HAL_SPI_Init)
library.a(stm32f4xx_it.o)     library.a(initialize.o) (IncludeThis)
library.a(stm32f4xx_ll_fmc.o)
                              library.a(stm32f4xx_hal_sdram.o) (FMC_SDRAM_Init)
library.a(svcHandler.o)       library.a(stm32f4xx_it.o) (SVC_Exception)
library.a(system_stm32f4xx.o)
                              library.a(stm32f4xx_hal_rcc.o) (SystemCoreClock)
library.a(touch.o)            obj/Lab7C-Main-c.o (TS_Init)
library.a(startup_stm32f429xx.o)
                              library.a(initialize.o) (Reset_Handler)
library.a(ili9341.o)          library.a(stm32f429i_discovery_lcd.o) (ili9341_drv)
library.a(stm32f429i_discovery_ts.o)
                              library.a(touch.o) (BSP_TS_Init)
library.a(stmpe811.o)         library.a(stm32f429i_discovery_ts.o) (stmpe811_ts_drv)
y:/coen20/gcc/bin/../lib/gcc/arm-none-eabi/9.3.1/../../../../arm-none-eabi/lib/thumb/v7e-m+fp/hard\libc.a(lib_a-exit.o)
                              y:/coen20/gcc/bin/../lib/gcc/arm-none-eabi/9.3.1/../../../../arm-none-eabi/lib/thumb/v7e-m+fp/hard/crt0.o (exit)
y:/coen20/gcc/bin/../lib/gcc/arm-none-eabi/9.3.1/../../../../arm-none-eabi/lib/thumb/v7e-m+fp/hard\libc.a(lib_a-impure.o)
                              y:/coen20/gcc/bin/../lib/gcc/arm-none-eabi/9.3.1/../../../../arm-none-eabi/lib/thumb/v7e-m+fp/hard\libc.a(lib_a-exit.o) (_global_impure_ptr)
y:/coen20/gcc/bin/../lib/gcc/arm-none-eabi/9.3.1/../../../../arm-none-eabi/lib/thumb/v7e-m+fp/hard\libc.a(lib_a-init.o)
                              y:/coen20/gcc/bin/../lib/gcc/arm-none-eabi/9.3.1/../../../../arm-none-eabi/lib/thumb/v7e-m+fp/hard/crt0.o (__libc_init_array)
y:/coen20/gcc/bin/../lib/gcc/arm-none-eabi/9.3.1/../../../../arm-none-eabi/lib/thumb/v7e-m+fp/hard\libc.a(lib_a-memcpy.o)
                              library.a(svcHandler.o) (memcpy)
y:/coen20/gcc/bin/../lib/gcc/arm-none-eabi/9.3.1/../../../../arm-none-eabi/lib/thumb/v7e-m+fp/hard\libc.a(lib_a-memset.o)
                              y:/coen20/gcc/bin/../lib/gcc/arm-none-eabi/9.3.1/../../../../arm-none-eabi/lib/thumb/v7e-m+fp/hard/crt0.o (memset)
y:/coen20/gcc/bin/../lib/gcc/arm-none-eabi/9.3.1/../../../../arm-none-eabi/lib/thumb/v7e-m+fp/hard\libc.a(lib_a-printf.o)
                              library.a(initialize.o) (printf)
y:/coen20/gcc/bin/../lib/gcc/arm-none-eabi/9.3.1/../../../../arm-none-eabi/lib/thumb/v7e-m+fp/hard\libc.a(lib_a-sprintf.o)
                              library.a(svcHandler.o) (sprintf)
y:/coen20/gcc/bin/../lib/gcc/arm-none-eabi/9.3.1/../../../../arm-none-eabi/lib/thumb/v7e-m+fp/hard\libc.a(lib_a-strcpy.o)
                              library.a(initialize.o) (strcpy)
y:/coen20/gcc/bin/../lib/gcc/arm-none-eabi/9.3.1/../../../../arm-none-eabi/lib/thumb/v7e-m+fp/hard\libc.a(lib_a-strlen.o)
                              library.a(svcHandler.o) (strlen)
y:/coen20/gcc/bin/../lib/gcc/arm-none-eabi/9.3.1/../../../../arm-none-eabi/lib/thumb/v7e-m+fp/hard\libc.a(lib_a-svfprintf.o)
                              y:/coen20/gcc/bin/../lib/gcc/arm-none-eabi/9.3.1/../../../../arm-none-eabi/lib/thumb/v7e-m+fp/hard\libc.a(lib_a-sprintf.o) (_svfprintf_r)
y:/coen20/gcc/bin/../lib/gcc/arm-none-eabi/9.3.1/../../../../arm-none-eabi/lib/thumb/v7e-m+fp/hard\libc.a(lib_a-vfprintf.o)
[...]
Memory Configuration

Name             Origin             Length             Attributes
ROM              0x08000000         0x00200000         xr
RAM              0x20000000         0x00030000         xrw
CCM              0x10000000         0x00010000         xrw
*default*        0x00000000         0xffffffff

Linker script and memory map

LOAD y:/coen20/gcc/bin/../lib/gcc/arm-none-eabi/9.3.1/thumb/v7e-m+fp/hard/crti.o
LOAD y:/coen20/gcc/bin/../lib/gcc/arm-none-eabi/9.3.1/thumb/v7e-m+fp/hard/crtbegin.o
LOAD y:/coen20/gcc/bin/../lib/gcc/arm-none-eabi/9.3.1/../../../../arm-none-eabi/lib/thumb/v7e-m+fp/hard/crt0.o
LOAD obj/Lab7C-Main-c.o
LOAD obj/Lab7C-Implementation-s.o
LOAD library.a
LOAD library.a
LOAD y:/coen20/gcc/bin/../lib/gcc/arm-none-eabi/9.3.1/../../../../arm-none-eabi/lib/thumb/v7e-m+fp/hard\libm.a
LOAD y:/coen20/gcc/bin/../lib/gcc/arm-none-eabi/9.3.1/../../../../arm-none-eabi/lib/thumb/v7e-m+fp/hard\libc.a
LOAD y:/coen20/gcc/bin/../lib/gcc/arm-none-eabi/9.3.1/../../../../arm-none-eabi/lib/thumb/v7e-m+fp/hard\libnosys.a
LOAD y:/coen20/gcc/bin/../lib/gcc/arm-none-eabi/9.3.1/../../../../arm-none-eabi/lib/thumb/v7e-m+fp/hard\libc.a
START GROUP
LOAD y:/coen20/gcc/bin/../lib/gcc/arm-none-eabi/9.3.1/thumb/v7e-m+fp/hard\libgcc.a
LOAD y:/coen20/gcc/bin/../lib/gcc/arm-none-eabi/9.3.1/../../../../arm-none-eabi/lib/thumb/v7e-m+fp/hard\libc.a
END GROUP
LOAD y:/coen20/gcc/bin/../lib/gcc/arm-none-eabi/9.3.1/thumb/v7e-m+fp/hard/crtend.o
LOAD y:/coen20/gcc/bin/../lib/gcc/arm-none-eabi/9.3.1/thumb/v7e-m+fp/hard/crtn.o

.text           0x08000000    0x106ac
 *(.isr_vector)
 .isr_vector    0x08000000      0x1ac library.a(startup_stm32f429xx.o)
                0x08000000                __isr_vector
 *(.text*)
 .text          0x080001ac       0x40 y:/coen20/gcc/bin/../lib/gcc/arm-none-eabi/9.3.1/thumb/v7e-m+fp/hard/crtbegin.o
 .text          0x080001ec       0x7c y:/coen20/gcc/bin/../lib/gcc/arm-none-eabi/9.3.1/../../../../arm-none-eabi/lib/thumb/v7e-m+fp/hard/crt0.o
                0x080001ec                _stack_init
                0x080001f4                _start
                0x080001f4                _mainCRTStartup
 .text.startup.main
                0x08000268      0x9e8 obj/Lab7C-Main-c.o
                0x08000268                main
 .text.InitializeTouchScreen
                0x08000c50       0x30 obj/Lab7C-Main-c.o
 .text.SolvePuzzle
                0x08000c80      0x20c obj/Lab7C-Main-c.o
 .text.DisplayCell
                0x08000e8c       0xb8 obj/Lab7C-Main-c.o
 .text.SanityChecksOK
                0x08000f44      0x138 obj/Lab7C-Main-c.o
 .text.EditConfiguration
                0x0800107c      0x4b8 obj/Lab7C-Main-c.o
 .text.InitializeFlags
                0x08001534       0xb8 obj/Lab7C-Main-c.o
 .text.ReportLine.constprop.0
                0x080015ec       0x54 obj/Lab7C-Main-c.o
 .text          0x08001640       0x2c obj/Lab7C-Implementation-s.o
                0x08001640                PutNibble
                0x0800165c                GetNibble
 .text.TextRows
                0x0800166c       0x12 library.a(initialize.o)
 .text._close   0x0800167e        0x2 library.a(initialize.o)
                0x0800167e                _close
 .text._fstat   0x08001680        0x2 library.a(initialize.o)
                0x08001680                _fstat
 .text._getpid  0x08001682        0x2 library.a(initialize.o)
                0x08001682                _getpid
 .text._isatty  0x08001684        0x2 library.a(initialize.o)
                0x08001684                _isatty
 .text._kill    0x08001686        0x2 library.a(initialize.o)
                0x08001686                _kill
 .text._lseek   0x08001688        0x2 library.a(initialize.o)
                0x08001688                _lseek
 .text._read    0x0800168a        0x2 library.a(initialize.o)
                0x0800168a                _read
 .text.ClearDisplay
                0x0800168c       0x34 library.a(initialize.o)
                0x0800168c                ClearDisplay
 .text.DisplayHeader
                0x080016c0       0x7c library.a(initialize.o)
                0x080016c0                DisplayHeader
 .text.DisplayFooter
                0x0800173c       0x58 library.a(initialize.o)
                0x0800173c                DisplayFooter
 .text._write   0x08001794      0x104 library.a(initialize.o)
                0x08001794                _write
 .text.InitializeHardware
                0x08001898      0x124 library.a(initialize.o)
                0x08001898                InitializeHardware
 .text.WaitForPushButton
                0x080019bc       0x18 library.a(initialize.o)
                0x080019bc                WaitForPushButton
 .text.PushButtonPressed
                0x080019d4       0x10 library.a(initialize.o)
                0x080019d4                PushButtonPressed
 .text.GetClockCycleCount
                0x080019e4        0xc library.a(initialize.o)
                0x080019e4                GetClockCycleCount
 .text.GetRandomNumber
                0x080019f0       0x14 library.a(initialize.o)
                0x080019f0                GetRandomNumber
 .text.SPIx_Init
                0x08001a04       0x98 library.a(stm32f429i_discovery.o)
 .text.SPIx_Write
                0x08001a9c       0x30 library.a(stm32f429i_discovery.o)
 .text.I2Cx_Init
                0x08001acc       0xe8 library.a(stm32f429i_discovery.o)
 .text.I2Cx_Error
                0x08001bb4       0x14 library.a(stm32f429i_discovery.o)
 .text.SPIx_WriteRead
                0x08001bc8       0x40 library.a(stm32f429i_discovery.o)
 .text.BSP_PB_Init
                0x08001c08       0x70 library.a(stm32f429i_discovery.o)
                0x08001c08                BSP_PB_Init
 .text.BSP_PB_GetState
                0x08001c78       0x14 library.a(stm32f429i_discovery.o)
                0x08001c78                BSP_PB_GetState
 .text.LCD_IO_Init
                0x08001c8c       0xb0 library.a(stm32f429i_discovery.o)
                0x08001c8c                LCD_IO_Init
 .text.LCD_IO_WriteData
                0x08001d3c       0x38 library.a(stm32f429i_discovery.o)
                0x08001d3c                LCD_IO_WriteData
 .text.LCD_IO_WriteReg
                0x08001d74       0x38 library.a(stm32f429i_discovery.o)
                0x08001d74                LCD_IO_WriteReg
 .text.LCD_IO_ReadData
                0x08001dac       0x6c library.a(stm32f429i_discovery.o)
                0x08001dac                LCD_IO_ReadData
 .text.LCD_Delay
                0x08001e18        0x4 library.a(stm32f429i_discovery.o)
                0x08001e18                LCD_Delay
 .text.IOE_Init
                0x08001e1c        0x4 library.a(stm32f429i_discovery.o)
                0x08001e1c                IOE_Init
 .text.IOE_ITConfig
                0x08001e20       0x54 library.a(stm32f429i_discovery.o)
                0x08001e20                IOE_ITConfig
 .text.IOE_Write
                0x08001e74       0x34 library.a(stm32f429i_discovery.o)
                0x08001e74                IOE_Write
 .text.IOE_Read
                0x08001ea8       0x3c library.a(stm32f429i_discovery.o)
                0x08001ea8                IOE_Read
 .text.IOE_ReadMultiple
                0x08001ee4       0x30 library.a(stm32f429i_discovery.o)
                0x08001ee4                IOE_ReadMultiple
 .text.IOE_Delay
                0x08001f14        0x4 library.a(stm32f429i_discovery.o)
                0x08001f14                IOE_Delay
 .text.GYRO_IO_Init
                0x08001f18       0x6c library.a(stm32f429i_discovery.o)
                0x08001f18                GYRO_IO_Init
 .text.GYRO_IO_Read
                0x08001f84       0x48 library.a(stm32f429i_discovery.o)
                0x08001f84                GYRO_IO_Read
 .text.FillBuffer
                0x08001fcc       0x64 library.a(stm32f429i_discovery_lcd.o)
 .text.BSP_LCD_GetXSize
                0x08002030       0x10 library.a(stm32f429i_discovery_lcd.o)
                0x08002030                BSP_LCD_GetXSize
 .text.BSP_LCD_GetYSize
                0x08002040       0x10 library.a(stm32f429i_discovery_lcd.o)
                0x08002040                BSP_LCD_GetYSize
 .text.BSP_LCD_LayerDefaultInit
                0x08002050       0x7c library.a(stm32f429i_discovery_lcd.o)
                0x08002050                BSP_LCD_LayerDefaultInit
 .text.BSP_LCD_SelectLayer
                0x080020cc        0xc library.a(stm32f429i_discovery_lcd.o)
                0x080020cc                BSP_LCD_SelectLayer
 .text.BSP_LCD_GetTextColor
                0x080020d8       0x18 library.a(stm32f429i_discovery_lcd.o)
                0x080020d8                BSP_LCD_GetTextColor
 .text.BSP_LCD_GetBackColor
                0x080020f0       0x18 library.a(stm32f429i_discovery_lcd.o)
                0x080020f0                BSP_LCD_GetBackColor
 .text.BSP_LCD_SetTextColor
                0x08002108       0x18 library.a(stm32f429i_discovery_lcd.o)
                0x08002108                BSP_LCD_SetTextColor
 .text.BSP_LCD_SetBackColor
                0x08002120       0x18 library.a(stm32f429i_discovery_lcd.o)
                0x08002120                BSP_LCD_SetBackColor
 .text.BSP_LCD_SetFont
                0x08002138       0x18 library.a(stm32f429i_discovery_lcd.o)
                0x08002138                BSP_LCD_SetFont
 .text.BSP_LCD_Init
                0x08002150      0x1bc library.a(stm32f429i_discovery_lcd.o)
                0x08002150                BSP_LCD_Init
 .text.BSP_LCD_GetFont
                0x0800230c       0x18 library.a(stm32f429i_discovery_lcd.o)
                0x0800230c                BSP_LCD_GetFont
 .text.BSP_LCD_Clear
                0x08002324       0x40 library.a(stm32f429i_discovery_lcd.o)
                0x08002324                BSP_LCD_Clear
 .text.BSP_LCD_DrawHLine
                0x08002364       0x50 library.a(stm32f429i_discovery_lcd.o)
                0x08002364                BSP_LCD_DrawHLine
 .text.BSP_LCD_DrawVLine
                0x080023b4       0x5c library.a(stm32f429i_discovery_lcd.o)
                0x080023b4                BSP_LCD_DrawVLine
 .text.BSP_LCD_DrawRect
                0x08002410       0x34 library.a(stm32f429i_discovery_lcd.o)
                0x08002410                BSP_LCD_DrawRect
 .text.BSP_LCD_FillRect
                0x08002444       0x78 library.a(stm32f429i_discovery_lcd.o)
                0x08002444                BSP_LCD_FillRect
 .text.BSP_LCD_DisplayOn
                0x080024bc       0x10 library.a(stm32f429i_discovery_lcd.o)
                0x080024bc                BSP_LCD_DisplayOn
 .text.BSP_LCD_DrawPixel
                0x080024cc       0x2c library.a(stm32f429i_discovery_lcd.o)
                0x080024cc                BSP_LCD_DrawPixel
 .text.BSP_LCD_DisplayChar
                0x080024f8       0xd4 library.a(stm32f429i_discovery_lcd.o)
                0x080024f8                BSP_LCD_DisplayChar
 .text.BSP_LCD_DisplayStringAt
                0x080025cc       0x9c library.a(stm32f429i_discovery_lcd.o)
                0x080025cc                BSP_LCD_DisplayStringAt
 .text.BSP_SDRAM_Initialization_sequence
                0x08002668       0x94 library.a(stm32f429i_discovery_sdram.o)
                0x08002668                BSP_SDRAM_Initialization_sequence
 .text.BSP_SDRAM_Init
                0x080026fc      0x1c8 library.a(stm32f429i_discovery_sdram.o)
                0x080026fc                BSP_SDRAM_Init
 .text.HAL_MspInit
                0x080028c4        0x2 library.a(stm32f4xx_hal.o)
                0x080028c4                HAL_MspInit
 .text.HAL_InitTick
                0x080028c6       0x28 library.a(stm32f4xx_hal.o)
                0x080028c6                HAL_InitTick
 *fill*         0x080028ee        0x2 
 .text.HAL_Init
                0x080028f0       0x34 library.a(stm32f4xx_hal.o)
                0x080028f0                HAL_Init
 .text.HAL_IncTick
                0x08002924       0x10 library.a(stm32f4xx_hal.o)
                0x08002924                HAL_IncTick
 .text.HAL_GetTick
                0x08002934        0xc library.a(stm32f4xx_hal.o)
                0x08002934                HAL_GetTick
 .text.HAL_Delay
                0x08002940       0x1a library.a(stm32f4xx_hal.o)
                0x08002940                HAL_Delay
 *fill*         0x0800295a        0x2 
 .text.HAL_NVIC_SetPriorityGrouping
                0x0800295c       0x24 library.a(stm32f4xx_hal_cortex.o)
                0x0800295c                HAL_NVIC_SetPriorityGrouping
 .text.HAL_NVIC_SetPriority
                0x08002980       0x64 library.a(stm32f4xx_hal_cortex.o)
                0x08002980                HAL_NVIC_SetPriority
 .text.HAL_NVIC_EnableIRQ
                0x080029e4       0x18 library.a(stm32f4xx_hal_cortex.o)
                0x080029e4                HAL_NVIC_EnableIRQ
 .text.HAL_SYSTICK_Config
                0x080029fc       0x28 library.a(stm32f4xx_hal_cortex.o)
                0x080029fc                HAL_SYSTICK_Config
 .text.HAL_DMA_Init
                0x08002a24       0x78 library.a(stm32f4xx_hal_dma.o)
                0x08002a24                HAL_DMA_Init
 .text.HAL_DMA_DeInit
                0x08002a9c      0xacc library.a(stm32f4xx_hal_dma.o)
                0x08002a9c                HAL_DMA_DeInit
 .text.DMA2D_SetConfig
                0x08003568       0x80 library.a(stm32f4xx_hal_dma2d.o)
 .text.HAL_DMA2D_MspInit
                0x080035e8        0x2 library.a(stm32f4xx_hal_dma2d.o)
                0x080035e8                HAL_DMA2D_MspInit
 .text.HAL_DMA2D_Init
                0x080035ea       0x5c library.a(stm32f4xx_hal_dma2d.o)
                0x080035ea                HAL_DMA2D_Init
 .text.HAL_DMA2D_Start
                0x08003646       0x40 library.a(stm32f4xx_hal_dma2d.o)
                0x08003646                HAL_DMA2D_Start
 .text.HAL_DMA2D_PollForTransfer
                0x08003686       0xc4 library.a(stm32f4xx_hal_dma2d.o)
                0x08003686                HAL_DMA2D_PollForTransfer
 *fill*         0x0800374a        0x2 
 .text.HAL_DMA2D_ConfigLayer
                0x0800374c       0xdc library.a(stm32f4xx_hal_dma2d.o)
                0x0800374c                HAL_DMA2D_ConfigLayer
 .text.HAL_GPIO_Init
                0x08003828      0x1d0 library.a(stm32f4xx_hal_gpio.o)
                0x08003828                HAL_GPIO_Init
 .text.HAL_GPIO_ReadPin
                0x080039f8        0xc library.a(stm32f4xx_hal_gpio.o)
                0x080039f8                HAL_GPIO_ReadPin
 .text.HAL_GPIO_WritePin
                0x08003a04        0xa library.a(stm32f4xx_hal_gpio.o)
                0x08003a04                HAL_GPIO_WritePin
 .text.I2C_WaitOnMasterAddressFlagUntilTimeout
                0x08003a0e       0x66 library.a(stm32f4xx_hal_i2c.o)
 .text.I2C_WaitOnFlagUntilTimeout
                0x08003a74       0x90 library.a(stm32f4xx_hal_i2c.o)
 .text.I2C_RequestMemoryWrite
                0x08003b04       0x98 library.a(stm32f4xx_hal_i2c.o)
 .text.I2C_RequestMemoryRead
                0x08003b9c       0xe8 library.a(stm32f4xx_hal_i2c.o)
 .text.HAL_I2C_MspInit
                0x08003c84        0x2 library.a(stm32f4xx_hal_i2c.o)
                0x08003c84                HAL_I2C_MspInit
 *fill*         0x08003c86        0x2 
 .text.HAL_I2C_Init
                0x08003c88       0xe0 library.a(stm32f4xx_hal_i2c.o)
                0x08003c88                HAL_I2C_Init
 .text.HAL_I2C_MspDeInit
                0x08003d68        0x2 library.a(stm32f4xx_hal_i2c.o)
                0x08003d68                HAL_I2C_MspDeInit
 .text.HAL_I2C_DeInit
                0x08003d6a       0x2c library.a(stm32f4xx_hal_i2c.o)
                0x08003d6a                HAL_I2C_DeInit
 *fill*         0x08003d96        0x2 
 .text.HAL_I2C_Mem_Write
                0x08003d98       0xe8 library.a(stm32f4xx_hal_i2c.o)
                0x08003d98                HAL_I2C_Mem_Write
 .text.HAL_I2C_Mem_Read
                0x08003e80      0x1bc library.a(stm32f4xx_hal_i2c.o)
                0x08003e80                HAL_I2C_Mem_Read
 .text.HAL_I2C_GetState
                0x0800403c        0x6 library.a(stm32f4xx_hal_i2c.o)
                0x0800403c                HAL_I2C_GetState
 *fill*         0x08004042        0x2 
 .text.LTDC_SetConfig
                0x08004044      0x144 library.a(stm32f4xx_hal_ltdc.o)
 .text.HAL_LTDC_MspInit
                0x08004188        0x2 library.a(stm32f4xx_hal_ltdc.o)
                0x08004188                HAL_LTDC_MspInit
 *fill*         0x0800418a        0x2 
 .text.HAL_LTDC_Init
                0x0800418c       0xfc library.a(stm32f4xx_hal_ltdc.o)
                0x0800418c                HAL_LTDC_Init
 .text.HAL_LTDC_ConfigLayer
                0x08004288       0x5c library.a(stm32f4xx_hal_ltdc.o)
                0x08004288                HAL_LTDC_ConfigLayer
 .text.HAL_LTDC_EnableDither
                0x080042e4       0x34 library.a(stm32f4xx_hal_ltdc.o)
                0x080042e4                HAL_LTDC_EnableDither
 .text.HAL_RCC_OscConfig
                0x08004318      0x330 library.a(stm32f4xx_hal_rcc.o)
                0x08004318                HAL_RCC_OscConfig
 .text.HAL_RCC_ClockConfig
                0x08004648      0x1f8 library.a(stm32f4xx_hal_rcc.o)
                0x08004648                HAL_RCC_ClockConfig
 .text.HAL_RCC_GetSysClockFreq
                0x08004840       0x78 library.a(stm32f4xx_hal_rcc.o)
                0x08004840                HAL_RCC_GetSysClockFreq
 .text.HAL_RCC_GetHCLKFreq
                0x080048b8       0x38 library.a(stm32f4xx_hal_rcc.o)
                0x080048b8                HAL_RCC_GetHCLKFreq
 .text.HAL_RCC_GetPCLK1Freq
                0x080048f0       0x30 library.a(stm32f4xx_hal_rcc.o)
                0x080048f0                HAL_RCC_GetPCLK1Freq
 .text.HAL_RCCEx_PeriphCLKConfig
                0x08004920      0x2d8 library.a(stm32f4xx_hal_rcc_ex.o)
                0x08004920                HAL_RCCEx_PeriphCLKConfig
 .text.HAL_SDRAM_MspInit
                0x08004bf8        0x2 library.a(stm32f4xx_hal_sdram.o)
                0x08004bf8                HAL_SDRAM_MspInit
 .text.HAL_SDRAM_Init
                0x08004bfa       0x40 library.a(stm32f4xx_hal_sdram.o)
                0x08004bfa                HAL_SDRAM_Init
 .text.HAL_SDRAM_SendCommand
                0x08004c3a       0x2e library.a(stm32f4xx_hal_sdram.o)
                0x08004c3a                HAL_SDRAM_SendCommand
 .text.HAL_SDRAM_ProgramRefreshRate
                0x08004c68       0x24 library.a(stm32f4xx_hal_sdram.o)
                0x08004c68                HAL_SDRAM_ProgramRefreshRate
 .text.SPI_WaitOnFlagUntilTimeout
                0x08004c8c       0x94 library.a(stm32f4xx_hal_spi.o)
 .text.HAL_SPI_MspInit
                0x08004d20        0x2 library.a(stm32f4xx_hal_spi.o)
                0x08004d20                HAL_SPI_MspInit
 .text.HAL_SPI_Init
                0x08004d22       0x82 library.a(stm32f4xx_hal_spi.o)
                0x08004d22                HAL_SPI_Init
 .text.HAL_SPI_MspDeInit
                0x08004da4        0x2 library.a(stm32f4xx_hal_spi.o)
                0x08004da4                HAL_SPI_MspDeInit
 .text.HAL_SPI_DeInit
                0x08004da6       0x26 library.a(stm32f4xx_hal_spi.o)
                0x08004da6                HAL_SPI_DeInit
 .text.HAL_SPI_Transmit
                0x08004dcc      0x164 library.a(stm32f4xx_hal_spi.o)
                0x08004dcc                HAL_SPI_Transmit
 .text.HAL_SPI_TransmitReceive
                0x08004f30      0x2c2 library.a(stm32f4xx_hal_spi.o)
                0x08004f30                HAL_SPI_TransmitReceive
 .text.HAL_SPI_Receive
                0x080051f2      0x1d2 library.a(stm32f4xx_hal_spi.o)
                0x080051f2                HAL_SPI_Receive
 .text.HAL_SPI_GetState
                0x080053c4        0x6 library.a(stm32f4xx_hal_spi.o)
                0x080053c4                HAL_SPI_GetState
 .text.NMI_Handler
                0x080053ca        0x2 library.a(stm32f4xx_it.o)
                0x080053ca                NMI_Handler
 .text.SVC_Handler
                0x080053cc       0x20 library.a(stm32f4xx_it.o)
                0x080053cc                SVC_Handler
 .text.DebugMon_Handler
                0x080053ec        0x2 library.a(stm32f4xx_it.o)
                0x080053ec                DebugMon_Handler
 .text.PendSV_Handler
                0x080053ee        0x2 library.a(stm32f4xx_it.o)
                0x080053ee                PendSV_Handler
 .text.SysTick_Handler
                0x080053f0        0x4 library.a(stm32f4xx_it.o)
                0x080053f0                SysTick_Handler
 .text.FMC_SDRAM_Init
                0x080053f4       0x68 library.a(stm32f4xx_ll_fmc.o)
                0x080053f4                FMC_SDRAM_Init
 .text.FMC_SDRAM_Timing_Init
                0x0800545c       0x72 library.a(stm32f4xx_ll_fmc.o)
                0x0800545c                FMC_SDRAM_Timing_Init
 .text.FMC_SDRAM_SendCommand
                0x080054ce       0x50 library.a(stm32f4xx_ll_fmc.o)
                0x080054ce                FMC_SDRAM_SendCommand
 .text.FMC_SDRAM_ProgramRefreshRate
                0x0800551e        0xc library.a(stm32f4xx_ll_fmc.o)
                0x0800551e                FMC_SDRAM_ProgramRefreshRate
 *fill*         0x0800552a        0x2 
 .text.SVC_Label
                0x0800552c       0x58 library.a(svcHandler.o)
 .text.Preserve
                0x08005584       0xa8 library.a(svcHandler.o)
 .text.HardStopHandler
                0x0800562c       0x94 library.a(svcHandler.o)
 .text.F32      0x080056c0       0xc0 library.a(svcHandler.o)
 .text.Restore  0x08005780       0x5c library.a(svcHandler.o)
 .text.FlPtRegs
                0x080057dc       0x9c library.a(svcHandler.o)
 .text._MemManageHandler
                0x08005878       0x10 library.a(svcHandler.o)
                0x08005878                _MemManageHandler
 .text.MemManage_Handler
                0x08005888        0xc library.a(svcHandler.o)
                0x08005888                MemManage_Handler
 .text._BusFault_Handler
                0x08005894       0x10 library.a(svcHandler.o)
                0x08005894                _BusFault_Handler
 .text.BusFault_Handler
                0x080058a4        0xc library.a(svcHandler.o)
                0x080058a4                BusFault_Handler
 .text._HardFault_Handler
                0x080058b0       0x10 library.a(svcHandler.o)
                0x080058b0                _HardFault_Handler
 .text.HardFault_Handler
                0x080058c0        0xc library.a(svcHandler.o)
                0x080058c0                HardFault_Handler
 .text._UsageFault_Handler
                0x080058cc       0x5c library.a(svcHandler.o)
                0x080058cc                _UsageFault_Handler
 .text.UsageFault_Handler
                0x08005928        0xc library.a(svcHandler.o)
                0x08005928                UsageFault_Handler
 .text.SVC_Exception
                0x08005934       0xd8 library.a(svcHandler.o)
                0x08005934                SVC_Exception
 .text.SystemInit
                0x08005a0c       0x4c library.a(system_stm32f4xx.o)
                0x08005a0c                SystemInit
 .text.TS_Init  0x08005a58       0x2c library.a(touch.o)
                0x08005a58                TS_Init
 .text.TS_Touched
                0x08005a84       0x30 library.a(touch.o)
                0x08005a84                TS_Touched
 .text.TS_GetX  0x08005ab4        0xc library.a(touch.o)
                0x08005ab4                TS_GetX
 .text.TS_GetY  0x08005ac0        0xc library.a(touch.o)
                0x08005ac0                TS_GetY
 .text          0x08005acc      0x118 library.a(startup_stm32f429xx.o)
                0x08005acc                Reset_Handler
                0x08005b24                Default_Handler
                0x08005b26                WWDG_IRQHandler
                0x08005b28                PVD_IRQHandler
                0x08005b2a                TAMP_STAMP_IRQHandler
                0x08005b2c                RTC_WKUP_IRQHandler
                0x08005b2e                FLASH_IRQHandler
                0x08005b30                RCC_IRQHandler
                0x08005b32                EXTI0_IRQHandler
                0x08005b34                EXTI1_IRQHandler
                0x08005b36                EXTI2_IRQHandler
                0x08005b38                EXTI3_IRQHandler
                0x08005b3a                EXTI4_IRQHandler
                0x08005b3c                DMA1_Stream0_IRQHandler
                0x08005b3e                DMA1_Stream1_IRQHandler
                0x08005b40                DMA1_Stream2_IRQHandler
                0x08005b42                DMA1_Stream3_IRQHandler
                0x08005b44                DMA1_Stream4_IRQHandler
                0x08005b46                DMA1_Stream5_IRQHandler
                0x08005b48                DMA1_Stream6_IRQHandler
                0x08005b4a                ADC_IRQHandler
                0x08005b4c                CAN1_TX_IRQHandler
                0x08005b4e                CAN1_RX0_IRQHandler
                0x08005b50                CAN1_RX1_IRQHandler
                0x08005b52                CAN1_SCE_IRQHandler
                0x08005b54                EXTI9_5_IRQHandler
                0x08005b56                TIM1_BRK_TIM9_IRQHandler
                0x08005b58                TIM1_UP_TIM10_IRQHandler
                0x08005b5a                TIM1_TRG_COM_TIM11_IRQHandler
                0x08005b5c                TIM1_CC_IRQHandler
                0x08005b5e                TIM2_IRQHandler
                0x08005b60                TIM3_IRQHandler
                0x08005b62                TIM4_IRQHandler
                0x08005b64                I2C1_EV_IRQHandler
                0x08005b66                I2C1_ER_IRQHandler
                0x08005b68                I2C2_EV_IRQHandler
                0x08005b6a                I2C2_ER_IRQHandler
                0x08005b6c                SPI1_IRQHandler
                0x08005b6e                SPI2_IRQHandler
                0x08005b70                USART1_IRQHandler
                0x08005b72                USART2_IRQHandler
                0x08005b74                USART3_IRQHandler
                0x08005b76                EXTI15_10_IRQHandler
                0x08005b78                RTC_Alarm_IRQHandler
                0x08005b7a                OTG_FS_WKUP_IRQHandler
                0x08005b7c                TIM8_BRK_TIM12_IRQHandler
                0x08005b7e                TIM8_UP_TIM13_IRQHandler
                0x08005b80                TIM8_TRG_COM_TIM14_IRQHandler
                0x08005b82                TIM8_CC_IRQHandler
                0x08005b84                DMA1_Stream7_IRQHandler
                0x08005b86                FSMC_IRQHandler
                0x08005b88                SDIO_IRQHandler
                0x08005b8a                TIM5_IRQHandler
                0x08005b8c                SPI3_IRQHandler
                0x08005b8e                UART4_IRQHandler
                0x08005b90                UART5_IRQHandler
                0x08005b92                TIM6_DAC_IRQHandler
                0x08005b94                TIM7_IRQHandler
                0x08005b96                DMA2_Stream0_IRQHandler
                0x08005b98                DMA2_Stream1_IRQHandler
                0x08005b9a                DMA2_Stream2_IRQHandler
                0x08005b9c                DMA2_Stream3_IRQHandler
                0x08005b9e                DMA2_Stream4_IRQHandler
                0x08005ba0                ETH_IRQHandler
                0x08005ba2                ETH_WKUP_IRQHandler
                0x08005ba4                CAN2_TX_IRQHandler
                0x08005ba6                CAN2_RX0_IRQHandler
                0x08005ba8                CAN2_RX1_IRQHandler
                0x08005baa                CAN2_SCE_IRQHandler
                0x08005bac                OTG_FS_IRQHandler
                0x08005bae                DMA2_Stream5_IRQHandler
                0x08005bb0                DMA2_Stream6_IRQHandler
                0x08005bb2                DMA2_Stream7_IRQHandler
                0x08005bb4                USART6_IRQHandler
                0x08005bb6                I2C3_EV_IRQHandler
                0x08005bb8                I2C3_ER_IRQHandler
                0x08005bba                OTG_HS_EP1_OUT_IRQHandler
                0x08005bbc                OTG_HS_EP1_IN_IRQHandler
                0x08005bbe                OTG_HS_WKUP_IRQHandler
                0x08005bc0                OTG_HS_IRQHandler
                0x08005bc2                DCMI_IRQHandler
                0x08005bc4                CRYP_IRQHandler
                0x08005bc6                HASH_RNG_IRQHandler
                0x08005bc8                FPU_IRQHandler
                0x08005bca                UART7_IRQHandler
                0x08005bcc                UART8_IRQHandler
                0x08005bce                SPI4_IRQHandler
                0x08005bd0                SPI5_IRQHandler
                0x08005bd2                SPI6_IRQHandler
                0x08005bd4                SAI1_IRQHandler
                0x08005bd6                LTDC_IRQHandler
                0x08005bd8                LTDC_ER_IRQHandler
                0x08005bda                DMA2D_IRQHandler
 .text.ili9341_GetLcdPixelWidth
                0x08005be4        0x4 library.a(ili9341.o)
                0x08005be4                ili9341_GetLcdPixelWidth
 .text.ili9341_GetLcdPixelHeight
                0x08005be8        0x6 library.a(ili9341.o)
                0x08005be8                ili9341_GetLcdPixelHeight
 .text.ili9341_DisplayOn
                0x08005bee        0x6 library.a(ili9341.o)
                0x08005bee                ili9341_DisplayOn
 .text.ili9341_DisplayOff
                0x08005bf4        0x6 library.a(ili9341.o)
                0x08005bf4                ili9341_DisplayOff
 .text.ili9341_Init
                0x08005bfa      0x292 library.a(ili9341.o)
                0x08005bfa                ili9341_Init
 .text.ili9341_ReadID
                0x08005e8c       0x12 library.a(ili9341.o)
                0x08005e8c                ili9341_ReadID
 *fill*         0x08005e9e        0x2 
 .text.BSP_TS_Init
                0x08005ea0       0x44 library.a(stm32f429i_discovery_ts.o)
                0x08005ea0                BSP_TS_Init
 .text.BSP_TS_GetState
                0x08005ee4      0x138 library.a(stm32f429i_discovery_ts.o)
                0x08005ee4                BSP_TS_GetState
 .text.stmpe811_Reset
                0x0800601c       0x28 library.a(stmpe811.o)
                0x0800601c                stmpe811_Reset
 .text.stmpe811_ReadID
                0x08006044       0x24 library.a(stmpe811.o)
                0x08006044                stmpe811_ReadID
 .text.stmpe811_TS_DetectTouch
                0x08006068       0x38 library.a(stmpe811.o)
                0x08006068                stmpe811_TS_DetectTouch
 .text.stmpe811_TS_GetXY
                0x080060a0       0x3c library.a(stmpe811.o)
                0x080060a0                stmpe811_TS_GetXY
 .text.stmpe811_Init
                0x080060dc       0x30 library.a(stmpe811.o)
                0x080060dc                stmpe811_Init
 .text.stmpe811_EnableGlobalIT
                0x0800610c       0x1e library.a(stmpe811.o)
                0x0800610c                stmpe811_EnableGlobalIT
 .text.stmpe811_DisableGlobalIT
                0x0800612a       0x1c library.a(stmpe811.o)
                0x0800612a                stmpe811_DisableGlobalIT
 .text.stmpe811_EnableITSource
                0x08006146       0x20 library.a(stmpe811.o)
                0x08006146                stmpe811_EnableITSource
 .text.stmpe811_TS_EnableIT
                0x08006166       0x1c library.a(stmpe811.o)
                0x08006166                stmpe811_TS_EnableIT
 .text.stmpe811_DisableITSource
                0x08006182       0x20 library.a(stmpe811.o)
                0x08006182                stmpe811_DisableITSource
 .text.stmpe811_TS_DisableIT
                0x080061a2       0x14 library.a(stmpe811.o)
                0x080061a2                stmpe811_TS_DisableIT
 .text.stmpe811_ReadGITStatus
                0x080061b6       0x10 library.a(stmpe811.o)
                0x080061b6                stmpe811_ReadGITStatus
 .text.stmpe811_TS_ITStatus
                0x080061c6        0x6 library.a(stmpe811.o)
                0x080061c6                stmpe811_TS_ITStatus
 .text.stmpe811_ClearGlobalIT
                0x080061cc        0xa library.a(stmpe811.o)
                0x080061cc                stmpe811_ClearGlobalIT
 .text.stmpe811_TS_ClearIT
                0x080061d6        0x6 library.a(stmpe811.o)
                0x080061d6                stmpe811_TS_ClearIT
 .text.stmpe811_IO_EnableAF
                0x080061dc       0x20 library.a(stmpe811.o)
                0x080061dc                stmpe811_IO_EnableAF
 .text.stmpe811_TS_Start
                0x080061fc       0xa4 library.a(stmpe811.o)
                0x080061fc                stmpe811_TS_Start
 .text.exit     0x080062a0       0x20 y:/coen20/gcc/bin/../lib/gcc/arm-none-eabi/9.3.1/../../../../arm-none-eabi/lib/thumb/v7e-m+fp/hard\libc.a(lib_a-exit.o)
                0x080062a0                exit
 .text.__libc_init_array
                0x080062c0       0x48 y:/coen20/gcc/bin/../lib/gcc/arm-none-eabi/9.3.1/../../../../arm-none-eabi/lib/thumb/v7e-m+fp/hard\libc.a(lib_a-init.o)
                0x080062c0                __libc_init_array
 .text          0x08006308      0x134 y:/coen20/gcc/bin/../lib/gcc/arm-none-eabi/9.3.1/../../../../arm-none-eabi/lib/thumb/v7e-m+fp/hard\libc.a(lib_a-memcpy.o)
                0x08006308                memcpy
 .text.memset   0x0800643c       0xa0 y:/coen20/gcc/bin/../lib/gcc/arm-none-eabi/9.3.1/../../../../arm-none-eabi/lib/thumb/v7e-m+fp/hard\libc.a(lib_a-memset.o)
                0x0800643c                memset
 .text.sprintf  0x080064dc       0x44 y:/coen20/gcc/bin/../lib/gcc/arm-none-eabi/9.3.1/../../../../arm-none-eabi/lib/thumb/v7e-m+fp/hard\libc.a(lib_a-sprintf.o)
                0x080064dc                sprintf
 .text.strcpy   0x08006520       0xbc y:/coen20/gcc/bin/../lib/gcc/arm-none-eabi/9.3.1/../../../../arm-none-eabi/lib/thumb/v7e-m+fp/hard\libc.a(lib_a-strcpy.o)
                0x08006520                strcpy
 *fill*         0x080065dc       0x24 
 .text          0x08006600       0xdc y:/coen20/gcc/bin/../lib/gcc/arm-none-eabi/9.3.1/../../../../arm-none-eabi/lib/thumb/v7e-m+fp/hard\libc.a(lib_a-strlen.o)
                0x08006600                strlen
 *fill*         0x080066dc        0x4 
 .text._svfprintf_r
                0x080066e0     0x1b38 y:/coen20/gcc/bin/../lib/gcc/arm-none-eabi/9.3.1/../../../../arm-none-eabi/lib/thumb/v7e-m+fp/hard\libc.a(lib_a-svfprintf.o)
                0x080066e0                _svfprintf_r
 .text._vsnprintf_r
                0x08008218       0x70 y:/coen20/gcc/bin/../lib/gcc/arm-none-eabi/9.3.1/../../../../arm-none-eabi/lib/thumb/v7e-m+fp/hard\libc.a(lib_a-vsnprintf.o)
                0x08008218                _vsnprintf_r
 .text.vsnprintf
                0x08008288       0x20 y:/coen20/gcc/bin/../lib/gcc/arm-none-eabi/9.3.1/../../../../arm-none-eabi/lib/thumb/v7e-m+fp/hard\libc.a(lib_a-vsnprintf.o)
                0x08008288                vsnprintf
 .text.__swsetup_r
                0x080082a8       0xd0 y:/coen20/gcc/bin/../lib/gcc/arm-none-eabi/9.3.1/../../../../arm-none-eabi/lib/thumb/v7e-m+fp/hard\libc.a(lib_a-wsetup.o)
                0x080082a8                __swsetup_r
 .text.startup.register_fini
                0x08008378       0x14 y:/coen20/gcc/bin/../lib/gcc/arm-none-eabi/9.3.1/../../../../arm-none-eabi/lib/thumb/v7e-m+fp/hard\libc.a(lib_a-__call_atexit.o)
 .text.__call_exitprocs
                0x0800838c       0xcc y:/coen20/gcc/bin/../lib/gcc/arm-none-eabi/9.3.1/../../../../arm-none-eabi/lib/thumb/v7e-m+fp/hard\libc.a(lib_a-__call_atexit.o)
                0x0800838c                __call_exitprocs
 .text.atexit   0x08008458        0xc y:/coen20/gcc/bin/../lib/gcc/arm-none-eabi/9.3.1/../../../../arm-none-eabi/lib/thumb/v7e-m+fp/hard\libc.a(lib_a-atexit.o)
                0x08008458                atexit
 .text.quorem   0x08008464      0x11c y:/coen20/gcc/bin/../lib/gcc/arm-none-eabi/9.3.1/../../../../arm-none-eabi/lib/thumb/v7e-m+fp/hard\libc.a(lib_a-dtoa.o)
 .text._dtoa_r  0x08008580      0xf44 y:/coen20/gcc/bin/../lib/gcc/arm-none-eabi/9.3.1/../../../../arm-none-eabi/lib/thumb/v7e-m+fp/hard\libc.a(lib_a-dtoa.o)
                0x08008580                _dtoa_r
 .text.__sflush_r
                0x080094c4      0x130 y:/coen20/gcc/bin/../lib/gcc/arm-none-eabi/9.3.1/../../../../arm-none-eabi/lib/thumb/v7e-m+fp/hard\libc.a(lib_a-fflush.o)
                0x080094c4                __sflush_r
 .text._fflush_r
                0x080095f4       0x5c y:/coen20/gcc/bin/../lib/gcc/arm-none-eabi/9.3.1/../../../../arm-none-eabi/lib/thumb/v7e-m+fp/hard\libc.a(lib_a-fflush.o)
                0x080095f4                _fflush_r
 .text.std      0x08009650       0x50 y:/coen20/gcc/bin/../lib/gcc/arm-none-eabi/9.3.1/../../../../arm-none-eabi/lib/thumb/v7e-m+fp/hard\libc.a(lib_a-findfp.o)
 .text._cleanup_r
                0x080096a0        0xc y:/coen20/gcc/bin/../lib/gcc/arm-none-eabi/9.3.1/../../../../arm-none-eabi/lib/thumb/v7e-m+fp/hard\libc.a(lib_a-findfp.o)
                0x080096a0                _cleanup_r
 .text.__sinit  0x080096ac       0x54 y:/coen20/gcc/bin/../lib/gcc/arm-none-eabi/9.3.1/../../../../arm-none-eabi/lib/thumb/v7e-m+fp/hard\libc.a(lib_a-findfp.o)
                0x080096ac                __sinit
 .text.__sfp_lock_acquire
                0x08009700        0xc y:/coen20/gcc/bin/../lib/gcc/arm-none-eabi/9.3.1/../../../../arm-none-eabi/lib/thumb/v7e-m+fp/hard\libc.a(lib_a-findfp.o)
                0x08009700                __sfp_lock_acquire
 .text.__sfp_lock_release
                0x0800970c        0xc y:/coen20/gcc/bin/../lib/gcc/arm-none-eabi/9.3.1/../../../../arm-none-eabi/lib/thumb/v7e-m+fp/hard\libc.a(lib_a-findfp.o)
                0x0800970c                __sfp_lock_release
 .text.__libc_fini_array
                0x08009718       0x2c y:/coen20/gcc/bin/../lib/gcc/arm-none-eabi/9.3.1/../../../../arm-none-eabi/lib/thumb/v7e-m+fp/hard\libc.a(lib_a-fini.o)
                0x08009718                __libc_fini_array
 .text._malloc_trim_r
                0x08009744       0xa0 y:/coen20/gcc/bin/../lib/gcc/arm-none-eabi/9.3.1/../../../../arm-none-eabi/lib/thumb/v7e-m+fp/hard\libc.a(lib_a-freer.o)
                0x08009744                _malloc_trim_r
 .text._free_r  0x080097e4      0x208 y:/coen20/gcc/bin/../lib/gcc/arm-none-eabi/9.3.1/../../../../arm-none-eabi/lib/thumb/v7e-m+fp/hard\libc.a(lib_a-freer.o)
                0x080097e4                _free_r
 .text._fwalk_reent
                0x080099ec       0x48 y:/coen20/gcc/bin/../lib/gcc/arm-none-eabi/9.3.1/../../../../arm-none-eabi/lib/thumb/v7e-m+fp/hard\libc.a(lib_a-fwalk.o)
                0x080099ec                _fwalk_reent
 .text._localeconv_r
                0x08009a34        0x8 y:/coen20/gcc/bin/../lib/gcc/arm-none-eabi/9.3.1/../../../../arm-none-eabi/lib/thumb/v7e-m+fp/hard\libc.a(lib_a-localeconv.o)
                0x08009a34                _localeconv_r
 .text.__retarget_lock_init_recursive
                0x08009a3c        0x4 y:/coen20/gcc/bin/../lib/gcc/arm-none-eabi/9.3.1/../../../../arm-none-eabi/lib/thumb/v7e-m+fp/hard\libc.a(lib_a-lock.o)
                0x08009a3c                __retarget_lock_init_recursive
 .text.__retarget_lock_close_recursive
                0x08009a40        0x4 y:/coen20/gcc/bin/../lib/gcc/arm-none-eabi/9.3.1/../../../../arm-none-eabi/lib/thumb/v7e-m+fp/hard\libc.a(lib_a-lock.o)
                0x08009a40                __retarget_lock_close_recursive
 .text.__retarget_lock_acquire_recursive
                0x08009a44        0x4 y:/coen20/gcc/bin/../lib/gcc/arm-none-eabi/9.3.1/../../../../arm-none-eabi/lib/thumb/v7e-m+fp/hard\libc.a(lib_a-lock.o)
                0x08009a44                __retarget_lock_acquire_recursive
 .text.__retarget_lock_release_recursive
                0x08009a48        0x4 y:/coen20/gcc/bin/../lib/gcc/arm-none-eabi/9.3.1/../../../../arm-none-eabi/lib/thumb/v7e-m+fp/hard\libc.a(lib_a-lock.o)
                0x08009a48                __retarget_lock_release_recursive
 .text.__swhatbuf_r
                0x08009a4c       0x5c y:/coen20/gcc/bin/../lib/gcc/arm-none-eabi/9.3.1/../../../../arm-none-eabi/lib/thumb/v7e-m+fp/hard\libc.a(lib_a-makebuf.o)
                0x08009a4c                __swhatbuf_r
 .text.__smakebuf_r
                0x08009aa8       0x98 y:/coen20/gcc/bin/../lib/gcc/arm-none-eabi/9.3.1/../../../../arm-none-eabi/lib/thumb/v7e-m+fp/hard\libc.a(lib_a-makebuf.o)
                0x08009aa8                __smakebuf_r
 .text._malloc_r
                0x08009b40      0x574 y:/coen20/gcc/bin/../lib/gcc/arm-none-eabi/9.3.1/../../../../arm-none-eabi/lib/thumb/v7e-m+fp/hard\libc.a(lib_a-mallocr.o)
                0x08009b40                _malloc_r
 *fill*         0x0800a0b4        0xc 
 .text          0x0800a0c0       0xa0 y:/coen20/gcc/bin/../lib/gcc/arm-none-eabi/9.3.1/../../../../arm-none-eabi/lib/thumb/v7e-m+fp/hard\libc.a(lib_a-memchr.o)
                0x0800a0c0                memchr
 .text.__malloc_lock
                0x0800a160        0xc y:/coen20/gcc/bin/../lib/gcc/arm-none-eabi/9.3.1/../../../../arm-none-eabi/lib/thumb/v7e-m+fp/hard\libc.a(lib_a-mlock.o)
                0x0800a160                __malloc_lock
 .text.__malloc_unlock
                0x0800a16c        0xc y:/coen20/gcc/bin/../lib/gcc/arm-none-eabi/9.3.1/../../../../arm-none-eabi/lib/thumb/v7e-m+fp/hard\libc.a(lib_a-mlock.o)
                0x0800a16c                __malloc_unlock
 .text._Balloc  0x0800a178       0x4c y:/coen20/gcc/bin/../lib/gcc/arm-none-eabi/9.3.1/../../../../arm-none-eabi/lib/thumb/v7e-m+fp/hard\libc.a(lib_a-mprec.o)
                0x0800a178                _Balloc
 .text._Bfree   0x0800a1c4       0x14 y:/coen20/gcc/bin/../lib/gcc/arm-none-eabi/9.3.1/../../../../arm-none-eabi/lib/thumb/v7e-m+fp/hard\libc.a(lib_a-mprec.o)
                0x0800a1c4                _Bfree
 .text.__multadd
                0x0800a1d8       0xac y:/coen20/gcc/bin/../lib/gcc/arm-none-eabi/9.3.1/../../../../arm-none-eabi/lib/thumb/v7e-m+fp/hard\libc.a(lib_a-mprec.o)
                0x0800a1d8                __multadd
 .text.__hi0bits
                0x0800a284       0x40 y:/coen20/gcc/bin/../lib/gcc/arm-none-eabi/9.3.1/../../../../arm-none-eabi/lib/thumb/v7e-m+fp/hard\libc.a(lib_a-mprec.o)
                0x0800a284                __hi0bits
 .text.__lo0bits
                0x0800a2c4       0x60 y:/coen20/gcc/bin/../lib/gcc/arm-none-eabi/9.3.1/../../../../arm-none-eabi/lib/thumb/v7e-m+fp/hard\libc.a(lib_a-mprec.o)
                0x0800a2c4                __lo0bits
 .text.__i2b    0x0800a324       0x2c y:/coen20/gcc/bin/../lib/gcc/arm-none-eabi/9.3.1/../../../../arm-none-eabi/lib/thumb/v7e-m+fp/hard\libc.a(lib_a-mprec.o)
                0x0800a324                __i2b
 .text.__multiply
                0x0800a350      0x160 y:/coen20/gcc/bin/../lib/gcc/arm-none-eabi/9.3.1/../../../../arm-none-eabi/lib/thumb/v7e-m+fp/hard\libc.a(lib_a-mprec.o)
                0x0800a350                __multiply
 .text.__pow5mult
                0x0800a4b0       0x98 y:/coen20/gcc/bin/../lib/gcc/arm-none-eabi/9.3.1/../../../../arm-none-eabi/lib/thumb/v7e-m+fp/hard\libc.a(lib_a-mprec.o)
                0x0800a4b0                __pow5mult
 .text.__lshift
                0x0800a548       0xe8 y:/coen20/gcc/bin/../lib/gcc/arm-none-eabi/9.3.1/../../../../arm-none-eabi/lib/thumb/v7e-m+fp/hard\libc.a(lib_a-mprec.o)
                0x0800a548                __lshift
 .text.__mcmp   0x0800a630       0x3c y:/coen20/gcc/bin/../lib/gcc/arm-none-eabi/9.3.1/../../../../arm-none-eabi/lib/thumb/v7e-m+fp/hard\libc.a(lib_a-mprec.o)
                0x0800a630                __mcmp
 .text.__mdiff  0x0800a66c      0x148 y:/coen20/gcc/bin/../lib/gcc/arm-none-eabi/9.3.1/../../../../arm-none-eabi/lib/thumb/v7e-m+fp/hard\libc.a(lib_a-mprec.o)
                0x0800a66c                __mdiff
 .text.__d2b    0x0800a7b4       0xd0 y:/coen20/gcc/bin/../lib/gcc/arm-none-eabi/9.3.1/../../../../arm-none-eabi/lib/thumb/v7e-m+fp/hard\libc.a(lib_a-mprec.o)
                0x0800a7b4                __d2b
 .text.frexp    0x0800a884       0x6c y:/coen20/gcc/bin/../lib/gcc/arm-none-eabi/9.3.1/../../../../arm-none-eabi/lib/thumb/v7e-m+fp/hard\libc.a(lib_a-s_frexp.o)
                0x0800a884                frexp
 .text._sbrk_r  0x0800a8f0       0x24 y:/coen20/gcc/bin/../lib/gcc/arm-none-eabi/9.3.1/../../../../arm-none-eabi/lib/thumb/v7e-m+fp/hard\libc.a(lib_a-sbrkr.o)
                0x0800a8f0                _sbrk_r
 .text.__sread  0x0800a914       0x24 y:/coen20/gcc/bin/../lib/gcc/arm-none-eabi/9.3.1/../../../../arm-none-eabi/lib/thumb/v7e-m+fp/hard\libc.a(lib_a-stdio.o)
                0x0800a914                __sread
 .text.__swrite
                0x0800a938       0x40 y:/coen20/gcc/bin/../lib/gcc/arm-none-eabi/9.3.1/../../../../arm-none-eabi/lib/thumb/v7e-m+fp/hard\libc.a(lib_a-stdio.o)
                0x0800a938                __swrite
 .text.__sseek  0x0800a978       0x20 y:/coen20/gcc/bin/../lib/gcc/arm-none-eabi/9.3.1/../../../../arm-none-eabi/lib/thumb/v7e-m+fp/hard\libc.a(lib_a-stdio.o)
                0x0800a978                __sseek
 .text.__sclose
                0x0800a998        0x8 y:/coen20/gcc/bin/../lib/gcc/arm-none-eabi/9.3.1/../../../../arm-none-eabi/lib/thumb/v7e-m+fp/hard\libc.a(lib_a-stdio.o)
                0x0800a998                __sclose
 .text.strncpy  0x0800a9a0       0x68 y:/coen20/gcc/bin/../lib/gcc/arm-none-eabi/9.3.1/../../../../arm-none-eabi/lib/thumb/v7e-m+fp/hard\libc.a(lib_a-strncpy.o)
                0x0800a9a0                strncpy
 .text.__ssprint_r
                0x0800aa08       0xf8 y:/coen20/gcc/bin/../lib/gcc/arm-none-eabi/9.3.1/../../../../arm-none-eabi/lib/thumb/v7e-m+fp/hard\libc.a(lib_a-svfiprintf.o)
                0x0800aa08                __ssprint_r
 .text.__sprint_r.part.0
                0x0800ab00       0x78 y:/coen20/gcc/bin/../lib/gcc/arm-none-eabi/9.3.1/../../../../arm-none-eabi/lib/thumb/v7e-m+fp/hard\libc.a(lib_a-vfiprintf.o)
 .text._vfiprintf_r
                0x0800ab78      0xd4c y:/coen20/gcc/bin/../lib/gcc/arm-none-eabi/9.3.1/../../../../arm-none-eabi/lib/thumb/v7e-m+fp/hard\libc.a(lib_a-vfiprintf.o)
                0x0800ab78                _vfiprintf_r
 .text.__sbprintf
                0x0800b8c4       0x84 y:/coen20/gcc/bin/../lib/gcc/arm-none-eabi/9.3.1/../../../../arm-none-eabi/lib/thumb/v7e-m+fp/hard\libc.a(lib_a-vfiprintf.o)
 .text._write_r
                0x0800b948       0x2c y:/coen20/gcc/bin/../lib/gcc/arm-none-eabi/9.3.1/../../../../arm-none-eabi/lib/thumb/v7e-m+fp/hard\libc.a(lib_a-writer.o)
                0x0800b948                _write_r
 .text.__register_exitproc
                0x0800b974       0x8c y:/coen20/gcc/bin/../lib/gcc/arm-none-eabi/9.3.1/../../../../arm-none-eabi/lib/thumb/v7e-m+fp/hard\libc.a(lib_a-__atexit.o)
                0x0800b974                __register_exitproc
 .text.__assert_func
                0x0800ba00       0x3c y:/coen20/gcc/bin/../lib/gcc/arm-none-eabi/9.3.1/../../../../arm-none-eabi/lib/thumb/v7e-m+fp/hard\libc.a(lib_a-assert.o)
                0x0800ba00                __assert_func
 .text._calloc_r
                0x0800ba3c       0x60 y:/coen20/gcc/bin/../lib/gcc/arm-none-eabi/9.3.1/../../../../arm-none-eabi/lib/thumb/v7e-m+fp/hard\libc.a(lib_a-callocr.o)
                0x0800ba3c                _calloc_r
 .text._close_r
                0x0800ba9c       0x24 y:/coen20/gcc/bin/../lib/gcc/arm-none-eabi/9.3.1/../../../../arm-none-eabi/lib/thumb/v7e-m+fp/hard\libc.a(lib_a-closer.o)
                0x0800ba9c                _close_r
 .text._fclose_r
                0x0800bac0       0xcc y:/coen20/gcc/bin/../lib/gcc/arm-none-eabi/9.3.1/../../../../arm-none-eabi/lib/thumb/v7e-m+fp/hard\libc.a(lib_a-fclose.o)
                0x0800bac0                _fclose_r
 .text.fiprintf
                0x0800bb8c       0x28 y:/coen20/gcc/bin/../lib/gcc/arm-none-eabi/9.3.1/../../../../arm-none-eabi/lib/thumb/v7e-m+fp/hard\libc.a(lib_a-fiprintf.o)
                0x0800bb8c                fiprintf
 .text.__fputwc
                0x0800bbb4       0xa8 y:/coen20/gcc/bin/../lib/gcc/arm-none-eabi/9.3.1/../../../../arm-none-eabi/lib/thumb/v7e-m+fp/hard\libc.a(lib_a-fputwc.o)
                0x0800bbb4                __fputwc
 .text._fputwc_r
                0x0800bc5c       0x68 y:/coen20/gcc/bin/../lib/gcc/arm-none-eabi/9.3.1/../../../../arm-none-eabi/lib/thumb/v7e-m+fp/hard\libc.a(lib_a-fputwc.o)
                0x0800bc5c                _fputwc_r
 .text._fstat_r
                0x0800bcc4       0x2c y:/coen20/gcc/bin/../lib/gcc/arm-none-eabi/9.3.1/../../../../arm-none-eabi/lib/thumb/v7e-m+fp/hard\libc.a(lib_a-fstatr.o)
                0x0800bcc4                _fstat_r
 .text.__sfvwrite_r
                0x0800bcf0      0x2e0 y:/coen20/gcc/bin/../lib/gcc/arm-none-eabi/9.3.1/../../../../arm-none-eabi/lib/thumb/v7e-m+fp/hard\libc.a(lib_a-fvwrite.o)
                0x0800bcf0                __sfvwrite_r
 .text._isatty_r
                0x0800bfd0       0x24 y:/coen20/gcc/bin/../lib/gcc/arm-none-eabi/9.3.1/../../../../arm-none-eabi/lib/thumb/v7e-m+fp/hard\libc.a(lib_a-isattyr.o)
                0x0800bfd0                _isatty_r
 .text.__locale_mb_cur_max
                0x0800bff4        0xc y:/coen20/gcc/bin/../lib/gcc/arm-none-eabi/9.3.1/../../../../arm-none-eabi/lib/thumb/v7e-m+fp/hard\libc.a(lib_a-locale.o)
                0x0800bff4                __locale_mb_cur_max
 .text._lseek_r
                0x0800c000       0x2c y:/coen20/gcc/bin/../lib/gcc/arm-none-eabi/9.3.1/../../../../arm-none-eabi/lib/thumb/v7e-m+fp/hard\libc.a(lib_a-lseekr.o)
                0x0800c000                _lseek_r
 .text.__ascii_mbtowc
                0x0800c02c       0x2c y:/coen20/gcc/bin/../lib/gcc/arm-none-eabi/9.3.1/../../../../arm-none-eabi/lib/thumb/v7e-m+fp/hard\libc.a(lib_a-mbtowc_r.o)
                0x0800c02c                __ascii_mbtowc
 .text.memmove  0x0800c058       0xd8 y:/coen20/gcc/bin/../lib/gcc/arm-none-eabi/9.3.1/../../../../arm-none-eabi/lib/thumb/v7e-m+fp/hard\libc.a(lib_a-memmove.o)
                0x0800c058                memmove
 .text._read_r  0x0800c130       0x2c y:/coen20/gcc/bin/../lib/gcc/arm-none-eabi/9.3.1/../../../../arm-none-eabi/lib/thumb/v7e-m+fp/hard\libc.a(lib_a-readr.o)
                0x0800c130                _read_r
 .text._realloc_r
                0x0800c15c      0x3e0 y:/coen20/gcc/bin/../lib/gcc/arm-none-eabi/9.3.1/../../../../arm-none-eabi/lib/thumb/v7e-m+fp/hard\libc.a(lib_a-reallocr.o)
                0x0800c15c                _realloc_r
 .text.__swbuf_r
                0x0800c53c       0xb0 y:/coen20/gcc/bin/../lib/gcc/arm-none-eabi/9.3.1/../../../../arm-none-eabi/lib/thumb/v7e-m+fp/hard\libc.a(lib_a-wbuf.o)
                0x0800c53c                __swbuf_r
 .text._wcrtomb_r
                0x0800c5ec       0x3c y:/coen20/gcc/bin/../lib/gcc/arm-none-eabi/9.3.1/../../../../arm-none-eabi/lib/thumb/v7e-m+fp/hard\libc.a(lib_a-wcrtomb.o)
                0x0800c5ec                _wcrtomb_r
 .text.__ascii_wctomb
                0x0800c628       0x1c y:/coen20/gcc/bin/../lib/gcc/arm-none-eabi/9.3.1/../../../../arm-none-eabi/lib/thumb/v7e-m+fp/hard\libc.a(lib_a-wctomb_r.o)
                0x0800c628                __ascii_wctomb
 .text.abort    0x0800c644       0x10 y:/coen20/gcc/bin/../lib/gcc/arm-none-eabi/9.3.1/../../../../arm-none-eabi/lib/thumb/v7e-m+fp/hard\libc.a(lib_a-abort.o)
                0x0800c644                abort
 .text._raise_r
                0x0800c654       0x58 y:/coen20/gcc/bin/../lib/gcc/arm-none-eabi/9.3.1/../../../../arm-none-eabi/lib/thumb/v7e-m+fp/hard\libc.a(lib_a-signal.o)
                0x0800c654                _raise_r
 .text.raise    0x0800c6ac       0x10 y:/coen20/gcc/bin/../lib/gcc/arm-none-eabi/9.3.1/../../../../arm-none-eabi/lib/thumb/v7e-m+fp/hard\libc.a(lib_a-signal.o)
                0x0800c6ac                raise
 .text._kill_r  0x0800c6bc       0x2c y:/coen20/gcc/bin/../lib/gcc/arm-none-eabi/9.3.1/../../../../arm-none-eabi/lib/thumb/v7e-m+fp/hard\libc.a(lib_a-signalr.o)
                0x0800c6bc                _kill_r
 .text._getpid_r
                0x0800c6e8        0x4 y:/coen20/gcc/bin/../lib/gcc/arm-none-eabi/9.3.1/../../../../arm-none-eabi/lib/thumb/v7e-m+fp/hard\libc.a(lib_a-signalr.o)
                0x0800c6e8                _getpid_r
 .text._sbrk    0x0800c6ec       0x1c y:/coen20/gcc/bin/../lib/gcc/arm-none-eabi/9.3.1/../../../../arm-none-eabi/lib/thumb/v7e-m+fp/hard\libnosys.a(sbrk.o)
                0x0800c6ec                _sbrk
 .text._exit    0x0800c708        0x4 y:/coen20/gcc/bin/../lib/gcc/arm-none-eabi/9.3.1/../../../../arm-none-eabi/lib/thumb/v7e-m+fp/hard\libnosys.a(_exit.o)
                0x0800c708                _exit
 .text          0x0800c70c      0x378 y:/coen20/gcc/bin/../lib/gcc/arm-none-eabi/9.3.1/thumb/v7e-m+fp/hard\libgcc.a(_arm_addsubdf3.o)
                0x0800c70c                __aeabi_drsub
                0x0800c714                __aeabi_dsub
                0x0800c714                __subdf3
                0x0800c718                __aeabi_dadd
                0x0800c718                __adddf3
                0x0800c990                __floatunsidf
                0x0800c990                __aeabi_ui2d
                0x0800c9b0                __floatsidf
                0x0800c9b0                __aeabi_i2d
                0x0800c9d4                __aeabi_f2d
                0x0800c9d4                __extendsfdf2
                0x0800ca18                __floatundidf
                0x0800ca18                __aeabi_ul2d
                0x0800ca28                __floatdidf
                0x0800ca28                __aeabi_l2d
 .text          0x0800ca84      0x424 y:/coen20/gcc/bin/../lib/gcc/arm-none-eabi/9.3.1/thumb/v7e-m+fp/hard\libgcc.a(_arm_muldivdf3.o)
                0x0800ca84                __aeabi_dmul
                0x0800ca84                __muldf3
                0x0800ccd8                __divdf3
                0x0800ccd8                __aeabi_ddiv
 .text          0x0800cea8      0x110 y:/coen20/gcc/bin/../lib/gcc/arm-none-eabi/9.3.1/thumb/v7e-m+fp/hard\libgcc.a(_arm_cmpdf2.o)
                0x0800cea8                __gtdf2
                0x0800cea8                __gedf2
                0x0800ceb0                __ltdf2
                0x0800ceb0                __ledf2
                0x0800ceb8                __nedf2
                0x0800ceb8                __eqdf2
                0x0800ceb8                __cmpdf2
                0x0800cf34                __aeabi_cdrcmple
                0x0800cf44                __aeabi_cdcmpeq
                0x0800cf44                __aeabi_cdcmple
                0x0800cf54                __aeabi_dcmpeq
                0x0800cf68                __aeabi_dcmplt
                0x0800cf7c                __aeabi_dcmple
                0x0800cf90                __aeabi_dcmpge
                0x0800cfa4                __aeabi_dcmpgt
 .text          0x0800cfb8       0x2c y:/coen20/gcc/bin/../lib/gcc/arm-none-eabi/9.3.1/thumb/v7e-m+fp/hard\libgcc.a(_arm_unorddf2.o)
                0x0800cfb8                __unorddf2
                0x0800cfb8                __aeabi_dcmpun
 .text          0x0800cfe4       0x50 y:/coen20/gcc/bin/../lib/gcc/arm-none-eabi/9.3.1/thumb/v7e-m+fp/hard\libgcc.a(_arm_fixdfsi.o)
                0x0800cfe4                __aeabi_d2iz
                0x0800cfe4                __fixdfsi
 .text          0x0800d034       0x30 y:/coen20/gcc/bin/../lib/gcc/arm-none-eabi/9.3.1/thumb/v7e-m+fp/hard\libgcc.a(_aeabi_uldivmod.o)
                0x0800d034                __aeabi_uldivmod
 .text          0x0800d064      0x2c4 y:/coen20/gcc/bin/../lib/gcc/arm-none-eabi/9.3.1/thumb/v7e-m+fp/hard\libgcc.a(_udivmoddi4.o)
                0x0800d064                __udivmoddi4
 .text          0x0800d328        0x4 y:/coen20/gcc/bin/../lib/gcc/arm-none-eabi/9.3.1/thumb/v7e-m+fp/hard\libgcc.a(_dvmd_tls.o)
                0x0800d328                __aeabi_idiv0
                0x0800d328                __aeabi_ldiv0
 *(.init)
 .init          0x0800d32c        0x4 y:/coen20/gcc/bin/../lib/gcc/arm-none-eabi/9.3.1/thumb/v7e-m+fp/hard/crti.o
                0x0800d32c                _init
 .init          0x0800d330        0x8 y:/coen20/gcc/bin/../lib/gcc/arm-none-eabi/9.3.1/thumb/v7e-m+fp/hard/crtn.o
 *(.fini)
 .fini          0x0800d338        0x4 y:/coen20/gcc/bin/../lib/gcc/arm-none-eabi/9.3.1/thumb/v7e-m+fp/hard/crti.o
                0x0800d338                _fini
 .fini          0x0800d33c        0x8 y:/coen20/gcc/bin/../lib/gcc/arm-none-eabi/9.3.1/thumb/v7e-m+fp/hard/crtn.o
 *crtbegin.o(.ctors)
 *crtbegin?.o(.ctors)
 *(EXCLUDE_FILE(*crtend.o *crtend?.o) .ctors)
 *(SORT_BY_NAME(.ctors.*))
 *(.ctors)
 *crtbegin.o(.dtors)
 *crtbegin?.o(.dtors)
 *(EXCLUDE_FILE(*crtend.o *crtend?.o) .dtors)
 *(SORT_BY_NAME(.dtors.*))
 *(.dtors)
 *(.rodata*)
 .rodata        0x0800d344      0x203 obj/Lab7C-Main-c.o
 .rodata.DisplayHeader.str1.1
                0x0800d547       0x27 library.a(initialize.o)
 .rodata._write.str1.1
                0x0800d56e       0x27 library.a(initialize.o)
                                  0x1 (size before relaxing)
 .rodata.Font12_Table
                0x0800d56e      0x474 library.a(stm32f429i_discovery_lcd.o)
                0x0800d56e                Font12_Table
 .rodata.Font16_Table
                0x0800d9e2      0xbe0 library.a(stm32f429i_discovery_lcd.o)
                0x0800d9e2                Font16_Table
 .rodata.Font24_Table
                0x0800e5c2     0x1ab8 library.a(stm32f429i_discovery_lcd.o)
                0x0800e5c2                Font24_Table
 .rodata.CSWTCH.4
                0x0801007a        0x7 library.a(stm32f4xx_hal_ltdc.o)
 .rodata.APBAHBPrescTable
                0x08010081       0x10 library.a(stm32f4xx_hal_rcc.o)
                0x08010081                APBAHBPrescTable
 .rodata.SVC_Label.str1.1
                0x08010091        0xe library.a(svcHandler.o)
 .rodata.F32.str1.1
                0x0801009f       0x20 library.a(svcHandler.o)
 .rodata.FlPtRegs.str1.1
                0x080100bf       0x1a library.a(svcHandler.o)
 .rodata._MemManageHandler.str1.1
                0x080100d9       0x10 library.a(svcHandler.o)
 .rodata._BusFault_Handler.str1.1
                0x080100e9        0xb library.a(svcHandler.o)
 .rodata._HardFault_Handler.str1.1
                0x080100f4        0xc library.a(svcHandler.o)
 .rodata._UsageFault_Handler.str1.1
                0x08010100       0x76 library.a(svcHandler.o)
 .rodata.SVC_Exception.str1.1
                0x08010176       0x15 library.a(svcHandler.o)
 .rodata.str1.1
                0x0801018b      0x11e library.a(svcHandler.o)
 *fill*         0x080102a9        0x3 
 .rodata._global_impure_ptr
                0x080102ac        0x4 y:/coen20/gcc/bin/../lib/gcc/arm-none-eabi/9.3.1/../../../../arm-none-eabi/lib/thumb/v7e-m+fp/hard\libc.a(lib_a-impure.o)
                0x080102ac                _global_impure_ptr
 .rodata._svfprintf_r.str1.4
                0x080102b0       0x42 y:/coen20/gcc/bin/../lib/gcc/arm-none-eabi/9.3.1/../../../../arm-none-eabi/lib/thumb/v7e-m+fp/hard\libc.a(lib_a-svfprintf.o)
 *fill*         0x080102f2        0x2 
 .rodata.blanks.8698
                0x080102f4       0x10 y:/coen20/gcc/bin/../lib/gcc/arm-none-eabi/9.3.1/../../../../arm-none-eabi/lib/thumb/v7e-m+fp/hard\libc.a(lib_a-svfprintf.o)
 .rodata.zeroes.8699
                0x08010304       0x10 y:/coen20/gcc/bin/../lib/gcc/arm-none-eabi/9.3.1/../../../../arm-none-eabi/lib/thumb/v7e-m+fp/hard\libc.a(lib_a-svfprintf.o)
 .rodata._dtoa_r.str1.4
                0x08010314       0xa0 y:/coen20/gcc/bin/../lib/gcc/arm-none-eabi/9.3.1/../../../../arm-none-eabi/lib/thumb/v7e-m+fp/hard\libc.a(lib_a-dtoa.o)
                                 0xa4 (size before relaxing)
 .rodata.__multadd.str1.4
                0x080103b4       0x7d y:/coen20/gcc/bin/../lib/gcc/arm-none-eabi/9.3.1/../../../../arm-none-eabi/lib/thumb/v7e-m+fp/hard\libc.a(lib_a-mprec.o)
                                 0x91 (size before relaxing)
 *fill*         0x08010431        0x7 
 .rodata.__mprec_bigtens
                0x08010438       0x28 y:/coen20/gcc/bin/../lib/gcc/arm-none-eabi/9.3.1/../../../../arm-none-eabi/lib/thumb/v7e-m+fp/hard\libc.a(lib_a-mprec.o)
                0x08010438                __mprec_bigtens
 .rodata.__mprec_tens
                0x08010460       0xc8 y:/coen20/gcc/bin/../lib/gcc/arm-none-eabi/9.3.1/../../../../arm-none-eabi/lib/thumb/v7e-m+fp/hard\libc.a(lib_a-mprec.o)
                0x08010460                __mprec_tens
 .rodata.p05.7485
                0x08010528        0xc y:/coen20/gcc/bin/../lib/gcc/arm-none-eabi/9.3.1/../../../../arm-none-eabi/lib/thumb/v7e-m+fp/hard\libc.a(lib_a-mprec.o)
 .rodata._vfiprintf_r.str1.4
                0x08010534       0x2f y:/coen20/gcc/bin/../lib/gcc/arm-none-eabi/9.3.1/../../../../arm-none-eabi/lib/thumb/v7e-m+fp/hard\libc.a(lib_a-vfiprintf.o)
 .rodata.blanks.8691
                0x08010534       0x10 y:/coen20/gcc/bin/../lib/gcc/arm-none-eabi/9.3.1/../../../../arm-none-eabi/lib/thumb/v7e-m+fp/hard\libc.a(lib_a-vfiprintf.o)
 .rodata.zeroes.8692
                0x08010544       0x10 y:/coen20/gcc/bin/../lib/gcc/arm-none-eabi/9.3.1/../../../../arm-none-eabi/lib/thumb/v7e-m+fp/hard\libc.a(lib_a-vfiprintf.o)
 .rodata.__assert_func.str1.4
                0x08010554       0x3f y:/coen20/gcc/bin/../lib/gcc/arm-none-eabi/9.3.1/../../../../arm-none-eabi/lib/thumb/v7e-m+fp/hard\libc.a(lib_a-assert.o)
                                 0x43 (size before relaxing)
 *fill*         0x08010593        0x1 
 .rodata._setlocale_r.str1.4
                0x08010594        0xa y:/coen20/gcc/bin/../lib/gcc/arm-none-eabi/9.3.1/../../../../arm-none-eabi/lib/thumb/v7e-m+fp/hard\libc.a(lib_a-locale.o)
                                  0xd (size before relaxing)
 *fill*         0x0801059e        0x2 
 .rodata.str1.4
                0x080105a0        0x2 y:/coen20/gcc/bin/../lib/gcc/arm-none-eabi/9.3.1/../../../../arm-none-eabi/lib/thumb/v7e-m+fp/hard\libc.a(lib_a-locale.o)
 *fill*         0x080105a2        0x2 
 .rodata._ctype_
                0x080105a4      0x101 y:/coen20/gcc/bin/../lib/gcc/arm-none-eabi/9.3.1/../../../../arm-none-eabi/lib/thumb/v7e-m+fp/hard\libc.a(lib_a-ctype_.o)
                0x080105a4                _ctype_
 *(.eh_frame*)
 *fill*         0x080106a5        0x3 
 .eh_frame      0x080106a8        0x0 y:/coen20/gcc/bin/../lib/gcc/arm-none-eabi/9.3.1/thumb/v7e-m+fp/hard/crtbegin.o
 .eh_frame      0x080106a8        0x4 y:/coen20/gcc/bin/../lib/gcc/arm-none-eabi/9.3.1/thumb/v7e-m+fp/hard/crtend.o

.glue_7         0x080106ac        0x0
 .glue_7        0x080106ac        0x0 linker stubs

.glue_7t        0x080106ac        0x0
 .glue_7t       0x080106ac        0x0 linker stubs

.vfp11_veneer   0x080106ac        0x0
 .vfp11_veneer  0x080106ac        0x0 linker stubs

.v4_bx          0x080106ac        0x0
 .v4_bx         0x080106ac        0x0 linker stubs

.iplt           0x080106ac        0x0
 .iplt          0x080106ac        0x0 y:/coen20/gcc/bin/../lib/gcc/arm-none-eabi/9.3.1/thumb/v7e-m+fp/hard/crtbegin.o

.ARM.extab
 *(.ARM.extab* .gnu.linkonce.armextab.*)
                0x080106ac                __exidx_start = .

.ARM.exidx      0x080106ac        0x8
 *(.ARM.exidx* .gnu.linkonce.armexidx.*)
 .ARM.exidx     0x080106ac        0x8 y:/coen20/gcc/bin/../lib/gcc/arm-none-eabi/9.3.1/../../../../arm-none-eabi/lib/thumb/v7e-m+fp/hard/crt0.o
                                 0x10 (size before relaxing)
 .ARM.exidx     0x080106b4        0x0 y:/coen20/gcc/bin/../lib/gcc/arm-none-eabi/9.3.1/thumb/v7e-m+fp/hard\libgcc.a(_udivmoddi4.o)
                                  0x8 (size before relaxing)
                0x080106b4                __exidx_end = .
                0x080106b4                __etext = .

.rel.dyn        0x080106b4        0x0
 .rel.iplt      0x080106b4        0x0 y:/coen20/gcc/bin/../lib/gcc/arm-none-eabi/9.3.1/thumb/v7e-m+fp/hard/crtbegin.o

.data           0x20000000      0xd68 load address 0x080106b4
                0x20000000                __data_start__ = .
 *(vtable)
 *(.data*)
 .data.initial  0x20000000       0x2c obj/Lab7C-Main-c.o
 .data.line.6539
                0x2000002c      0x140 obj/Lab7C-Main-c.o
 .data.message.6454
                0x2000016c       0x2c obj/Lab7C-Main-c.o
 .data.pxlcol.6518
                0x20000198       0x24 obj/Lab7C-Main-c.o
 .data.pxlrow.6517
                0x200001bc       0x24 obj/Lab7C-Main-c.o
 .data.xmins.6584
                0x200001e0       0x24 obj/Lab7C-Main-c.o
 .data.ymins.6583
                0x20000204       0x24 obj/Lab7C-Main-c.o
 .data.BUTTON_PORT
                0x20000228        0x4 library.a(stm32f429i_discovery.o)
                0x20000228                BUTTON_PORT
 .data.I2cxTimeout
                0x2000022c        0x4 library.a(stm32f429i_discovery.o)
                0x2000022c                I2cxTimeout
 .data.SpixTimeout
                0x20000230        0x4 library.a(stm32f429i_discovery.o)
                0x20000230                SpixTimeout
 .data.Font12   0x20000234        0x8 library.a(stm32f429i_discovery_lcd.o)
                0x20000234                Font12
 .data.Font16   0x2000023c        0x8 library.a(stm32f429i_discovery_lcd.o)
                0x2000023c                Font16
 .data.Font24   0x20000244        0x8 library.a(stm32f429i_discovery_lcd.o)
                0x20000244                Font24
 .data.context.0
                0x2000024c       0x20 library.a(svcHandler.o)
 .data.context.1
                0x2000026c       0x20 library.a(svcHandler.o)
 .data.context.3
                0x2000028c       0x20 library.a(svcHandler.o)
 .data.context.6
                0x200002ac       0x20 library.a(svcHandler.o)
 .data.lines.2  0x200002cc       0x30 library.a(svcHandler.o)
 .data.lines.5  0x200002fc       0x40 library.a(svcHandler.o)
 .data.SystemCoreClock
                0x2000033c        0x4 library.a(system_stm32f4xx.o)
                0x2000033c                SystemCoreClock
 .data.x        0x20000340        0x4 library.a(touch.o)
 .data.y        0x20000344        0x4 library.a(touch.o)
 .data.ili9341_drv
                0x20000348       0x38 library.a(ili9341.o)
                0x20000348                ili9341_drv
 .data.stmpe811_ts_drv
                0x20000380       0x28 library.a(stmpe811.o)
                0x20000380                stmpe811_ts_drv
 .data._impure_ptr
                0x200003a8        0x4 y:/coen20/gcc/bin/../lib/gcc/arm-none-eabi/9.3.1/../../../../arm-none-eabi/lib/thumb/v7e-m+fp/hard\libc.a(lib_a-impure.o)
                0x200003a8                _impure_ptr
 *fill*         0x200003ac        0x4 
 .data.impure_data
                0x200003b0      0x428 y:/coen20/gcc/bin/../lib/gcc/arm-none-eabi/9.3.1/../../../../arm-none-eabi/lib/thumb/v7e-m+fp/hard\libc.a(lib_a-impure.o)
 .data.__atexit_recursive_mutex
                0x200007d8        0x4 y:/coen20/gcc/bin/../lib/gcc/arm-none-eabi/9.3.1/../../../../arm-none-eabi/lib/thumb/v7e-m+fp/hard\libc.a(lib_a-__call_atexit.o)
                0x200007d8                __atexit_recursive_mutex
 .data.__malloc_av_
                0x200007dc      0x408 y:/coen20/gcc/bin/../lib/gcc/arm-none-eabi/9.3.1/../../../../arm-none-eabi/lib/thumb/v7e-m+fp/hard\libc.a(lib_a-mallocr.o)
                0x200007dc                __malloc_av_
 .data.__malloc_sbrk_base
                0x20000be4        0x4 y:/coen20/gcc/bin/../lib/gcc/arm-none-eabi/9.3.1/../../../../arm-none-eabi/lib/thumb/v7e-m+fp/hard\libc.a(lib_a-mallocr.o)
                0x20000be4                __malloc_sbrk_base
 .data.__malloc_trim_threshold
                0x20000be8        0x4 y:/coen20/gcc/bin/../lib/gcc/arm-none-eabi/9.3.1/../../../../arm-none-eabi/lib/thumb/v7e-m+fp/hard\libc.a(lib_a-mallocr.o)
                0x20000be8                __malloc_trim_threshold
 .data.__global_locale
                0x20000bec      0x16c y:/coen20/gcc/bin/../lib/gcc/arm-none-eabi/9.3.1/../../../../arm-none-eabi/lib/thumb/v7e-m+fp/hard\libc.a(lib_a-locale.o)
                0x20000bec                __global_locale
                0x20000d58                . = ALIGN (0x4)
                0x20000d58                PROVIDE (__preinit_array_start = .)
 *(.preinit_array)
                0x20000d58                PROVIDE (__preinit_array_end = .)
                0x20000d58                . = ALIGN (0x4)
                0x20000d58                PROVIDE (__init_array_start = .)
 *(SORT_BY_NAME(.init_array.*))
 .init_array.00000
                0x20000d58        0x4 y:/coen20/gcc/bin/../lib/gcc/arm-none-eabi/9.3.1/../../../../arm-none-eabi/lib/thumb/v7e-m+fp/hard\libc.a(lib_a-__call_atexit.o)
 *(.init_array)
 .init_array    0x20000d5c        0x4 y:/coen20/gcc/bin/../lib/gcc/arm-none-eabi/9.3.1/thumb/v7e-m+fp/hard/crtbegin.o
                0x20000d60                PROVIDE (__init_array_end = .)
                0x20000d60                . = ALIGN (0x8)
                0x20000d60                PROVIDE (__fini_array_start = .)
 *(SORT_BY_NAME(.fini_array.*))
 *(.fini_array)
 .fini_array    0x20000d60        0x4 y:/coen20/gcc/bin/../lib/gcc/arm-none-eabi/9.3.1/thumb/v7e-m+fp/hard/crtbegin.o
                0x20000d64                PROVIDE (__fini_array_end = .)
                0x20000d68                . = ALIGN (0x8)
 *fill*         0x20000d64        0x4 
                0x20000d68                __data_end__ = .

.igot.plt       0x20000d68        0x0 load address 0x0801141c
 .igot.plt      0x20000d68        0x0 y:/coen20/gcc/bin/../lib/gcc/arm-none-eabi/9.3.1/thumb/v7e-m+fp/hard/crtbegin.o

.bss            0x20000d68    0x1cc70 load address 0x0801141c
                0x20000d68                __bss_start__ = .
 *(.bss*)
 .bss           0x20000d68       0x1c y:/coen20/gcc/bin/../lib/gcc/arm-none-eabi/9.3.1/thumb/v7e-m+fp/hard/crtbegin.o
 .bss.__fixts__
                0x20000d84        0x4 obj/Lab7C-Main-c.o
                0x20000d84                __fixts__
 .bss.digit_background
                0x20000d88        0x4 obj/Lab7C-Main-c.o
 .bss.digit_foreground
                0x20000d8c        0x4 obj/Lab7C-Main-c.o
 .bss.flags     0x20000d90       0x6c obj/Lab7C-Main-c.o
 .bss.report    0x20000dfc       0x24 obj/Lab7C-Main-c.o
 .bss.storage   0x20000e20       0x2c obj/Lab7C-Main-c.o
 .bss.buffer    0x20000e4c      0x620 library.a(initialize.o)
 .bss.txtCol    0x2000146c        0x4 library.a(initialize.o)
 .bss.txtRow    0x20001470        0x4 library.a(initialize.o)
 .bss.I2cHandle
                0x20001474       0x3c library.a(stm32f429i_discovery.o)
                0x20001474                I2cHandle
 .bss.Is_LCD_IO_Initialized
                0x200014b0        0x1 library.a(stm32f429i_discovery.o)
 *fill*         0x200014b1        0x3 
 .bss.SpiHandle
                0x200014b4       0x58 library.a(stm32f429i_discovery.o)
 .bss.ActiveLayer
                0x2000150c        0x4 library.a(stm32f429i_discovery_lcd.o)
 .bss.Dma2dHandler
                0x20001510       0x40 library.a(stm32f429i_discovery_lcd.o)
 .bss.DrawProp  0x20001550       0x18 library.a(stm32f429i_discovery_lcd.o)
 .bss.LcdDrv    0x20001568        0x4 library.a(stm32f429i_discovery_lcd.o)
                0x20001568                LcdDrv
 .bss.LtdcHandler
                0x2000156c       0xa8 library.a(stm32f429i_discovery_lcd.o)
 .bss.PeriphClkInitStruct
                0x20001614       0x30 library.a(stm32f429i_discovery_lcd.o)
 .bss.Command   0x20001644       0x10 library.a(stm32f429i_discovery_sdram.o)
 .bss.SdramHandle
                0x20001654       0x34 library.a(stm32f429i_discovery_sdram.o)
 .bss.Timing    0x20001688       0x1c library.a(stm32f429i_discovery_sdram.o)
 .bss.dmaHandle.0
                0x200016a4       0x50 library.a(stm32f429i_discovery_sdram.o)
 .bss.uwTick    0x200016f4        0x4 library.a(stm32f4xx_hal.o)
 .bss.rgb       0x200016f8    0x1c200 library.a(svcHandler.o)
                0x200016f8                rgb
 .bss.text.4    0x2001d8f8       0x64 library.a(svcHandler.o)
 .bss.TsDrv     0x2001d95c        0x4 library.a(stm32f429i_discovery_ts.o)
 .bss.TsXBoundary
                0x2001d960        0x2 library.a(stm32f429i_discovery_ts.o)
 .bss.TsYBoundary
                0x2001d962        0x2 library.a(stm32f429i_discovery_ts.o)
 .bss._x.1      0x2001d964        0x4 library.a(stm32f429i_discovery_ts.o)
 .bss._y.0      0x2001d968        0x4 library.a(stm32f429i_discovery_ts.o)
 .bss.checked.3
                0x2001d96c        0x4 library.a(stm32f429i_discovery_ts.o)
 .bss.reversed.2
                0x2001d970        0x4 library.a(stm32f429i_discovery_ts.o)
 .bss.stmpe811  0x2001d974        0x2 library.a(stmpe811.o)
                0x2001d974                stmpe811
 *fill*         0x2001d976        0x2 
 .bss.__malloc_current_mallinfo
                0x2001d978       0x28 y:/coen20/gcc/bin/../lib/gcc/arm-none-eabi/9.3.1/../../../../arm-none-eabi/lib/thumb/v7e-m+fp/hard\libc.a(lib_a-mallocr.o)
                0x2001d978                __malloc_current_mallinfo
 .bss.__malloc_max_sbrked_mem
                0x2001d9a0        0x4 y:/coen20/gcc/bin/../lib/gcc/arm-none-eabi/9.3.1/../../../../arm-none-eabi/lib/thumb/v7e-m+fp/hard\libc.a(lib_a-mallocr.o)
                0x2001d9a0                __malloc_max_sbrked_mem
 .bss.__malloc_max_total_mem
                0x2001d9a4        0x4 y:/coen20/gcc/bin/../lib/gcc/arm-none-eabi/9.3.1/../../../../arm-none-eabi/lib/thumb/v7e-m+fp/hard\libc.a(lib_a-mallocr.o)
                0x2001d9a4                __malloc_max_total_mem
 .bss.__malloc_top_pad
                0x2001d9a8        0x4 y:/coen20/gcc/bin/../lib/gcc/arm-none-eabi/9.3.1/../../../../arm-none-eabi/lib/thumb/v7e-m+fp/hard\libc.a(lib_a-mallocr.o)
                0x2001d9a8                __malloc_top_pad
 .bss.heap_end.5507
                0x2001d9ac        0x4 y:/coen20/gcc/bin/../lib/gcc/arm-none-eabi/9.3.1/../../../../arm-none-eabi/lib/thumb/v7e-m+fp/hard\libnosys.a(sbrk.o)
 *(COMMON)
 COMMON         0x2001d9b0       0x21 y:/coen20/gcc/bin/../lib/gcc/arm-none-eabi/9.3.1/../../../../arm-none-eabi/lib/thumb/v7e-m+fp/hard\libc.a(lib_a-lock.o)
                0x2001d9b0                __lock___atexit_recursive_mutex
                0x2001d9b4                __lock___arc4random_mutex
                0x2001d9b8                __lock___env_recursive_mutex
                0x2001d9bc                __lock___sinit_recursive_mutex
                0x2001d9c0                __lock___malloc_recursive_mutex
                0x2001d9c4                __lock___at_quick_exit_mutex
                0x2001d9c8                __lock___dd_hash_mutex
                0x2001d9cc                __lock___tz_mutex
                0x2001d9d0                __lock___sfp_recursive_mutex
 *fill*         0x2001d9d1        0x3 
 COMMON         0x2001d9d4        0x4 y:/coen20/gcc/bin/../lib/gcc/arm-none-eabi/9.3.1/../../../../arm-none-eabi/lib/thumb/v7e-m+fp/hard\libc.a(lib_a-reent.o)
                0x2001d9d4                errno
                0x2001d9d8                __bss_end__ = .

.ccm            0x10000000        0x0
                0x10000000                . = ALIGN (0x4)
                0x10000000                __ccm_start__ = .
 *(.ccm*)
                0x10000000                . = ALIGN (0x4)
                0x10000000                __ccm_end__ = .

.heap           0x10000000      0xc00
                0x10000000                __end__ = .
                0x10000000                end = __end__
 *(.heap*)
 .heap          0x10000000      0xc00 library.a(startup_stm32f429xx.o)
                0x10000000                __HeapBase
                0x10000c00                __HeapLimit = .

.stack_dummy    0x10000000     0x1000
 *(.stack)
 .stack         0x10000000     0x1000 library.a(startup_stm32f429xx.o)
                0x10010000                __StackTop = (ORIGIN (CCM) + LENGTH (CCM))
                0x1000f000                __StackLimit = (__StackTop - SIZEOF (.stack_dummy))
                0x10010000                PROVIDE (__stack = __StackTop)
                0x00000001                ASSERT ((__StackLimit >= __HeapLimit), region CCM overflowed with stack)
OUTPUT(output.elf elf32-littlearm)
LOAD linker stubs

.ARM.attributes
                0x00000000       0x30
 .ARM.attributes
                0x00000000       0x1e y:/coen20/gcc/bin/../lib/gcc/arm-none-eabi/9.3.1/thumb/v7e-m+fp/hard/crti.o
 .ARM.attributes
                0x0000001e       0x34 y:/coen20/gcc/bin/../lib/gcc/arm-none-eabi/9.3.1/thumb/v7e-m+fp/hard/crtbegin.o
 .ARM.attributes
                0x00000052       0x1c y:/coen20/gcc/bin/../lib/gcc/arm-none-eabi/9.3.1/../../../../arm-none-eabi/lib/thumb/v7e-m+fp/hard/crt0.o
 .ARM.attributes
                0x0000006e       0x34 obj/Lab7C-Main-c.o
 .ARM.attributes
                0x000000a2       0x25 obj/Lab7C-Implementation-s.o
 .ARM.attributes
                0x000000c7       0x34 library.a(initialize.o)
 .ARM.attributes
                0x000000fb       0x34 library.a(stm32f429i_discovery.o)
 .ARM.attributes
                0x0000012f       0x34 library.a(stm32f429i_discovery_lcd.o)
 .ARM.attributes
                0x00000163       0x34 library.a(stm32f429i_discovery_sdram.o)
 .ARM.attributes
                0x00000197       0x34 library.a(stm32f4xx_hal.o)
 .ARM.attributes
                0x000001cb       0x34 library.a(stm32f4xx_hal_cortex.o)
 .ARM.attributes
                0x000001ff       0x34 library.a(stm32f4xx_hal_dma.o)
 .ARM.attributes
                0x00000233       0x34 library.a(stm32f4xx_hal_dma2d.o)
 .ARM.attributes
                0x00000267       0x34 library.a(stm32f4xx_hal_gpio.o)
 .ARM.attributes
                0x0000029b       0x34 library.a(stm32f4xx_hal_i2c.o)
 .ARM.attributes
                0x000002cf       0x34 library.a(stm32f4xx_hal_ltdc.o)
 .ARM.attributes
                0x00000303       0x34 library.a(stm32f4xx_hal_rcc.o)
 .ARM.attributes
                0x00000337       0x34 library.a(stm32f4xx_hal_rcc_ex.o)
 .ARM.attributes
                0x0000036b       0x34 library.a(stm32f4xx_hal_sdram.o)
 .ARM.attributes
                0x0000039f       0x34 library.a(stm32f4xx_hal_spi.o)
 .ARM.attributes
                0x000003d3       0x34 library.a(stm32f4xx_it.o)
 .ARM.attributes
                0x00000407       0x34 library.a(stm32f4xx_ll_fmc.o)
 .ARM.attributes
                0x0000043b       0x34 library.a(svcHandler.o)
 .ARM.attributes
                0x0000046f       0x34 library.a(system_stm32f4xx.o)
 .ARM.attributes
                0x000004a3       0x34 library.a(touch.o)
 .ARM.attributes
                0x000004d7       0x1f library.a(startup_stm32f429xx.o)
 .ARM.attributes
                0x000004f6       0x34 library.a(ili9341.o)
 .ARM.attributes
                0x0000052a       0x34 library.a(stm32f429i_discovery_ts.o)
 .ARM.attributes
                0x0000055e       0x34 library.a(stmpe811.o)
 .ARM.attributes
                0x00000592       0x34 y:/coen20/gcc/bin/../lib/gcc/arm-none-eabi/9.3.1/../../../../arm-none-eabi/lib/thumb/v7e-m+fp/hard\libc.a(lib_a-exit.o)
 .ARM.attributes
                0x000005c6       0x32 y:/coen20/gcc/bin/../lib/gcc/arm-none-eabi/9.3.1/../../../../arm-none-eabi/lib/thumb/v7e-m+fp/hard\libc.a(lib_a-impure.o)
 .ARM.attributes
                0x000005f8       0x34 y:/coen20/gcc/bin/../lib/gcc/arm-none-eabi/9.3.1/../../../../arm-none-eabi/lib/thumb/v7e-m+fp/hard\libc.a(lib_a-init.o)
 .ARM.attributes
                0x0000062c       0x1c y:/coen20/gcc/bin/../lib/gcc/arm-none-eabi/9.3.1/../../../../arm-none-eabi/lib/thumb/v7e-m+fp/hard\libc.a(lib_a-memcpy.o)
 .ARM.attributes
                0x00000648       0x34 y:/coen20/gcc/bin/../lib/gcc/arm-none-eabi/9.3.1/../../../../arm-none-eabi/lib/thumb/v7e-m+fp/hard\libc.a(lib_a-memset.o)
 .ARM.attributes
                0x0000067c       0x34 y:/coen20/gcc/bin/../lib/gcc/arm-none-eabi/9.3.1/../../../../arm-none-eabi/lib/thumb/v7e-m+fp/hard\libc.a(lib_a-sprintf.o)
 .ARM.attributes
                0x000006b0       0x34 y:/coen20/gcc/bin/../lib/gcc/arm-none-eabi/9.3.1/../../../../arm-none-eabi/lib/thumb/v7e-m+fp/hard\libc.a(lib_a-strcpy.o)
 .ARM.attributes
                0x000006e4       0x1c y:/coen20/gcc/bin/../lib/gcc/arm-none-eabi/9.3.1/../../../../arm-none-eabi/lib/thumb/v7e-m+fp/hard\libc.a(lib_a-strlen.o)
 .ARM.attributes
                0x00000700       0x34 y:/coen20/gcc/bin/../lib/gcc/arm-none-eabi/9.3.1/../../../../arm-none-eabi/lib/thumb/v7e-m+fp/hard\libc.a(lib_a-svfprintf.o)
 .ARM.attributes
                0x00000734       0x34 y:/coen20/gcc/bin/../lib/gcc/arm-none-eabi/9.3.1/../../../../arm-none-eabi/lib/thumb/v7e-m+fp/hard\libc.a(lib_a-vsnprintf.o)
 .ARM.attributes
                0x00000768       0x34 y:/coen20/gcc/bin/../lib/gcc/arm-none-eabi/9.3.1/../../../../arm-none-eabi/lib/thumb/v7e-m+fp/hard\libc.a(lib_a-wsetup.o)
 .ARM.attributes
                0x0000079c       0x34 y:/coen20/gcc/bin/../lib/gcc/arm-none-eabi/9.3.1/../../../../arm-none-eabi/lib/thumb/v7e-m+fp/hard\libc.a(lib_a-__call_atexit.o)
 .ARM.attributes
                0x000007d0       0x34 y:/coen20/gcc/bin/../lib/gcc/arm-none-eabi/9.3.1/../../../../arm-none-eabi/lib/thumb/v7e-m+fp/hard\libc.a(lib_a-atexit.o)
 .ARM.attributes
                0x00000804       0x34 y:/coen20/gcc/bin/../lib/gcc/arm-none-eabi/9.3.1/../../../../arm-none-eabi/lib/thumb/v7e-m+fp/hard\libc.a(lib_a-dtoa.o)
 .ARM.attributes
                0x00000838       0x34 y:/coen20/gcc/bin/../lib/gcc/arm-none-eabi/9.3.1/../../../../arm-none-eabi/lib/thumb/v7e-m+fp/hard\libc.a(lib_a-fflush.o)
 .ARM.attributes
                0x0000086c       0x34 y:/coen20/gcc/bin/../lib/gcc/arm-none-eabi/9.3.1/../../../../arm-none-eabi/lib/thumb/v7e-m+fp/hard\libc.a(lib_a-findfp.o)
 .ARM.attributes
                0x000008a0       0x34 y:/coen20/gcc/bin/../lib/gcc/arm-none-eabi/9.3.1/../../../../arm-none-eabi/lib/thumb/v7e-m+fp/hard\libc.a(lib_a-fini.o)
 .ARM.attributes
                0x000008d4       0x34 y:/coen20/gcc/bin/../lib/gcc/arm-none-eabi/9.3.1/../../../../arm-none-eabi/lib/thumb/v7e-m+fp/hard\libc.a(lib_a-freer.o)
 .ARM.attributes
                0x00000908       0x34 y:/coen20/gcc/bin/../lib/gcc/arm-none-eabi/9.3.1/../../../../arm-none-eabi/lib/thumb/v7e-m+fp/hard\libc.a(lib_a-fwalk.o)
 .ARM.attributes
                0x0000093c       0x34 y:/coen20/gcc/bin/../lib/gcc/arm-none-eabi/9.3.1/../../../../arm-none-eabi/lib/thumb/v7e-m+fp/hard\libc.a(lib_a-localeconv.o)
 .ARM.attributes
                0x00000970       0x34 y:/coen20/gcc/bin/../lib/gcc/arm-none-eabi/9.3.1/../../../../arm-none-eabi/lib/thumb/v7e-m+fp/hard\libc.a(lib_a-lock.o)
 .ARM.attributes
                0x000009a4       0x34 y:/coen20/gcc/bin/../lib/gcc/arm-none-eabi/9.3.1/../../../../arm-none-eabi/lib/thumb/v7e-m+fp/hard\libc.a(lib_a-makebuf.o)
 .ARM.attributes
                0x000009d8       0x34 y:/coen20/gcc/bin/../lib/gcc/arm-none-eabi/9.3.1/../../../../arm-none-eabi/lib/thumb/v7e-m+fp/hard\libc.a(lib_a-mallocr.o)
 .ARM.attributes
                0x00000a0c       0x1c y:/coen20/gcc/bin/../lib/gcc/arm-none-eabi/9.3.1/../../../../arm-none-eabi/lib/thumb/v7e-m+fp/hard\libc.a(lib_a-memchr.o)
 .ARM.attributes
                0x00000a28       0x34 y:/coen20/gcc/bin/../lib/gcc/arm-none-eabi/9.3.1/../../../../arm-none-eabi/lib/thumb/v7e-m+fp/hard\libc.a(lib_a-mlock.o)
 .ARM.attributes
                0x00000a5c       0x34 y:/coen20/gcc/bin/../lib/gcc/arm-none-eabi/9.3.1/../../../../arm-none-eabi/lib/thumb/v7e-m+fp/hard\libc.a(lib_a-mprec.o)
 .ARM.attributes
                0x00000a90       0x34 y:/coen20/gcc/bin/../lib/gcc/arm-none-eabi/9.3.1/../../../../arm-none-eabi/lib/thumb/v7e-m+fp/hard\libc.a(lib_a-s_frexp.o)
 .ARM.attributes
                0x00000ac4       0x34 y:/coen20/gcc/bin/../lib/gcc/arm-none-eabi/9.3.1/../../../../arm-none-eabi/lib/thumb/v7e-m+fp/hard\libc.a(lib_a-sbrkr.o)
 .ARM.attributes
                0x00000af8       0x34 y:/coen20/gcc/bin/../lib/gcc/arm-none-eabi/9.3.1/../../../../arm-none-eabi/lib/thumb/v7e-m+fp/hard\libc.a(lib_a-stdio.o)
 .ARM.attributes
                0x00000b2c       0x34 y:/coen20/gcc/bin/../lib/gcc/arm-none-eabi/9.3.1/../../../../arm-none-eabi/lib/thumb/v7e-m+fp/hard\libc.a(lib_a-strncpy.o)
 .ARM.attributes
                0x00000b60       0x34 y:/coen20/gcc/bin/../lib/gcc/arm-none-eabi/9.3.1/../../../../arm-none-eabi/lib/thumb/v7e-m+fp/hard\libc.a(lib_a-svfiprintf.o)
 .ARM.attributes
                0x00000b94       0x34 y:/coen20/gcc/bin/../lib/gcc/arm-none-eabi/9.3.1/../../../../arm-none-eabi/lib/thumb/v7e-m+fp/hard\libc.a(lib_a-vfiprintf.o)
 .ARM.attributes
                0x00000bc8       0x34 y:/coen20/gcc/bin/../lib/gcc/arm-none-eabi/9.3.1/../../../../arm-none-eabi/lib/thumb/v7e-m+fp/hard\libc.a(lib_a-writer.o)
 .ARM.attributes
                0x00000bfc       0x34 y:/coen20/gcc/bin/../lib/gcc/arm-none-eabi/9.3.1/../../../../arm-none-eabi/lib/thumb/v7e-m+fp/hard\libc.a(lib_a-__atexit.o)
 .ARM.attributes
                0x00000c30       0x34 y:/coen20/gcc/bin/../lib/gcc/arm-none-eabi/9.3.1/../../../../arm-none-eabi/lib/thumb/v7e-m+fp/hard\libc.a(lib_a-assert.o)
 .ARM.attributes
                0x00000c64       0x34 y:/coen20/gcc/bin/../lib/gcc/arm-none-eabi/9.3.1/../../../../arm-none-eabi/lib/thumb/v7e-m+fp/hard\libc.a(lib_a-callocr.o)
 .ARM.attributes
                0x00000c98       0x34 y:/coen20/gcc/bin/../lib/gcc/arm-none-eabi/9.3.1/../../../../arm-none-eabi/lib/thumb/v7e-m+fp/hard\libc.a(lib_a-closer.o)
 .ARM.attributes
                0x00000ccc       0x34 y:/coen20/gcc/bin/../lib/gcc/arm-none-eabi/9.3.1/../../../../arm-none-eabi/lib/thumb/v7e-m+fp/hard\libc.a(lib_a-fclose.o)
 .ARM.attributes
                0x00000d00       0x34 y:/coen20/gcc/bin/../lib/gcc/arm-none-eabi/9.3.1/../../../../arm-none-eabi/lib/thumb/v7e-m+fp/hard\libc.a(lib_a-fiprintf.o)
 .ARM.attributes
                0x00000d34       0x34 y:/coen20/gcc/bin/../lib/gcc/arm-none-eabi/9.3.1/../../../../arm-none-eabi/lib/thumb/v7e-m+fp/hard\libc.a(lib_a-fputwc.o)
 .ARM.attributes
                0x00000d68       0x34 y:/coen20/gcc/bin/../lib/gcc/arm-none-eabi/9.3.1/../../../../arm-none-eabi/lib/thumb/v7e-m+fp/hard\libc.a(lib_a-fstatr.o)
 .ARM.attributes
                0x00000d9c       0x34 y:/coen20/gcc/bin/../lib/gcc/arm-none-eabi/9.3.1/../../../../arm-none-eabi/lib/thumb/v7e-m+fp/hard\libc.a(lib_a-fvwrite.o)
 .ARM.attributes
                0x00000dd0       0x34 y:/coen20/gcc/bin/../lib/gcc/arm-none-eabi/9.3.1/../../../../arm-none-eabi/lib/thumb/v7e-m+fp/hard\libc.a(lib_a-isattyr.o)
 .ARM.attributes
                0x00000e04       0x34 y:/coen20/gcc/bin/../lib/gcc/arm-none-eabi/9.3.1/../../../../arm-none-eabi/lib/thumb/v7e-m+fp/hard\libc.a(lib_a-locale.o)
 .ARM.attributes
                0x00000e38       0x34 y:/coen20/gcc/bin/../lib/gcc/arm-none-eabi/9.3.1/../../../../arm-none-eabi/lib/thumb/v7e-m+fp/hard\libc.a(lib_a-lseekr.o)
 .ARM.attributes
                0x00000e6c       0x34 y:/coen20/gcc/bin/../lib/gcc/arm-none-eabi/9.3.1/../../../../arm-none-eabi/lib/thumb/v7e-m+fp/hard\libc.a(lib_a-mbtowc_r.o)
 .ARM.attributes
                0x00000ea0       0x34 y:/coen20/gcc/bin/../lib/gcc/arm-none-eabi/9.3.1/../../../../arm-none-eabi/lib/thumb/v7e-m+fp/hard\libc.a(lib_a-memmove.o)
 .ARM.attributes
                0x00000ed4       0x34 y:/coen20/gcc/bin/../lib/gcc/arm-none-eabi/9.3.1/../../../../arm-none-eabi/lib/thumb/v7e-m+fp/hard\libc.a(lib_a-readr.o)
 .ARM.attributes
                0x00000f08       0x34 y:/coen20/gcc/bin/../lib/gcc/arm-none-eabi/9.3.1/../../../../arm-none-eabi/lib/thumb/v7e-m+fp/hard\libc.a(lib_a-reallocr.o)
 .ARM.attributes
                0x00000f3c       0x34 y:/coen20/gcc/bin/../lib/gcc/arm-none-eabi/9.3.1/../../../../arm-none-eabi/lib/thumb/v7e-m+fp/hard\libc.a(lib_a-reent.o)
 .ARM.attributes
                0x00000f70       0x34 y:/coen20/gcc/bin/../lib/gcc/arm-none-eabi/9.3.1/../../../../arm-none-eabi/lib/thumb/v7e-m+fp/hard\libc.a(lib_a-wbuf.o)
 .ARM.attributes
                0x00000fa4       0x34 y:/coen20/gcc/bin/../lib/gcc/arm-none-eabi/9.3.1/../../../../arm-none-eabi/lib/thumb/v7e-m+fp/hard\libc.a(lib_a-wcrtomb.o)
 .ARM.attributes
                0x00000fd8       0x34 y:/coen20/gcc/bin/../lib/gcc/arm-none-eabi/9.3.1/../../../../arm-none-eabi/lib/thumb/v7e-m+fp/hard\libc.a(lib_a-wctomb_r.o)
 .ARM.attributes
                0x0000100c       0x34 y:/coen20/gcc/bin/../lib/gcc/arm-none-eabi/9.3.1/../../../../arm-none-eabi/lib/thumb/v7e-m+fp/hard\libc.a(lib_a-abort.o)
 .ARM.attributes
                0x00001040       0x32 y:/coen20/gcc/bin/../lib/gcc/arm-none-eabi/9.3.1/../../../../arm-none-eabi/lib/thumb/v7e-m+fp/hard\libc.a(lib_a-ctype_.o)
 .ARM.attributes
                0x00001072       0x34 y:/coen20/gcc/bin/../lib/gcc/arm-none-eabi/9.3.1/../../../../arm-none-eabi/lib/thumb/v7e-m+fp/hard\libc.a(lib_a-signal.o)
 .ARM.attributes
                0x000010a6       0x34 y:/coen20/gcc/bin/../lib/gcc/arm-none-eabi/9.3.1/../../../../arm-none-eabi/lib/thumb/v7e-m+fp/hard\libc.a(lib_a-signalr.o)
 .ARM.attributes
                0x000010da       0x34 y:/coen20/gcc/bin/../lib/gcc/arm-none-eabi/9.3.1/../../../../arm-none-eabi/lib/thumb/v7e-m+fp/hard\libnosys.a(sbrk.o)
 .ARM.attributes
                0x0000110e       0x34 y:/coen20/gcc/bin/../lib/gcc/arm-none-eabi/9.3.1/../../../../arm-none-eabi/lib/thumb/v7e-m+fp/hard\libnosys.a(_exit.o)
 .ARM.attributes
                0x00001142       0x1e y:/coen20/gcc/bin/../lib/gcc/arm-none-eabi/9.3.1/thumb/v7e-m+fp/hard\libgcc.a(_arm_addsubdf3.o)
 .ARM.attributes
                0x00001160       0x1e y:/coen20/gcc/bin/../lib/gcc/arm-none-eabi/9.3.1/thumb/v7e-m+fp/hard\libgcc.a(_arm_muldivdf3.o)
 .ARM.attributes
                0x0000117e       0x1e y:/coen20/gcc/bin/../lib/gcc/arm-none-eabi/9.3.1/thumb/v7e-m+fp/hard\libgcc.a(_arm_cmpdf2.o)
 .ARM.attributes
                0x0000119c       0x1e y:/coen20/gcc/bin/../lib/gcc/arm-none-eabi/9.3.1/thumb/v7e-m+fp/hard\libgcc.a(_arm_unorddf2.o)
 .ARM.attributes
                0x000011ba       0x1e y:/coen20/gcc/bin/../lib/gcc/arm-none-eabi/9.3.1/thumb/v7e-m+fp/hard\libgcc.a(_arm_fixdfsi.o)
 .ARM.attributes
                0x000011d8       0x1e y:/coen20/gcc/bin/../lib/gcc/arm-none-eabi/9.3.1/thumb/v7e-m+fp/hard\libgcc.a(_aeabi_uldivmod.o)
 .ARM.attributes
                0x000011f6       0x34 y:/coen20/gcc/bin/../lib/gcc/arm-none-eabi/9.3.1/thumb/v7e-m+fp/hard\libgcc.a(_udivmoddi4.o)
 .ARM.attributes
                0x0000122a       0x1e y:/coen20/gcc/bin/../lib/gcc/arm-none-eabi/9.3.1/thumb/v7e-m+fp/hard\libgcc.a(_dvmd_tls.o)
 .ARM.attributes
                0x00001248       0x32 y:/coen20/gcc/bin/../lib/gcc/arm-none-eabi/9.3.1/thumb/v7e-m+fp/hard/crtend.o
 .ARM.attributes
                0x0000127a       0x1e y:/coen20/gcc/bin/../lib/gcc/arm-none-eabi/9.3.1/thumb/v7e-m+fp/hard/crtn.o

.comment        0x00000000       0x7f
 .comment       0x00000000       0x4c obj/Lab7C-Main-c.o
                                 0x4d (size before relaxing)
 .comment       0x0000004c       0x33 library.a(initialize.o)
                                 0x34 (size before relaxing)
 .comment       0x0000007f       0x34 library.a(stm32f429i_discovery.o)
 .comment       0x0000007f       0x34 library.a(stm32f429i_discovery_lcd.o)
 .comment       0x0000007f       0x34 library.a(stm32f429i_discovery_sdram.o)
 .comment       0x0000007f       0x34 library.a(stm32f4xx_hal.o)
 .comment       0x0000007f       0x34 library.a(stm32f4xx_hal_cortex.o)
 .comment       0x0000007f       0x34 library.a(stm32f4xx_hal_dma.o)
 .comment       0x0000007f       0x34 library.a(stm32f4xx_hal_dma2d.o)
 .comment       0x0000007f       0x34 library.a(stm32f4xx_hal_gpio.o)
 .comment       0x0000007f       0x34 library.a(stm32f4xx_hal_i2c.o)
 .comment       0x0000007f       0x34 library.a(stm32f4xx_hal_ltdc.o)
 .comment       0x0000007f       0x34 library.a(stm32f4xx_hal_rcc.o)
 .comment       0x0000007f       0x34 library.a(stm32f4xx_hal_rcc_ex.o)
 .comment       0x0000007f       0x34 library.a(stm32f4xx_hal_sdram.o)
 .comment       0x0000007f       0x34 library.a(stm32f4xx_hal_spi.o)
 .comment       0x0000007f       0x34 library.a(stm32f4xx_it.o)
 .comment       0x0000007f       0x34 library.a(stm32f4xx_ll_fmc.o)
 .comment       0x0000007f       0x34 library.a(svcHandler.o)
 .comment       0x0000007f       0x34 library.a(system_stm32f4xx.o)
 .comment       0x0000007f       0x34 library.a(touch.o)
 .comment       0x0000007f       0x34 library.a(ili9341.o)
 .comment       0x0000007f       0x34 library.a(stm32f429i_discovery_ts.o)
 .comment       0x0000007f       0x34 library.a(stmpe811.o)

.debug_frame    0x00000000     0x16a8