Archive member included to satisfy reference by file (symbol)

library.a(initialize.o)       obj/Lab8C-Main-c.o (ClearDisplay)
library.a(stm32f429i_discovery.o)
                              library.a(initialize.o) (BSP_PB_Init)
library.a(stm32f429i_discovery_lcd.o)
                              library.a(initialize.o) (BSP_LCD_LayerDefaultInit)
library.a(stm32f429i_discovery_sdram.o)
                              library.a(stm32f429i_discovery_lcd.o) (BSP_SDRAM_Init)
library.a(stm32f4xx_hal.o)    library.a(initialize.o) (HAL_Init)
library.a(stm32f4xx_hal_cortex.o)
                              library.a(stm32f4xx_hal.o) (HAL_NVIC_SetPriorityGrouping)
library.a(stm32f4xx_hal_dma.o)
                              library.a(stm32f429i_discovery_sdram.o) (HAL_DMA_Init)
library.a(stm32f4xx_hal_dma2d.o)
                              library.a(stm32f429i_discovery_lcd.o) (HAL_DMA2D_Init)
library.a(stm32f4xx_hal_gpio.o)
                              library.a(stm32f429i_discovery.o) (HAL_GPIO_Init)
library.a(stm32f4xx_hal_i2c.o)
                              library.a(stm32f429i_discovery.o) (HAL_I2C_Init)
library.a(stm32f4xx_hal_ltdc.o)
                              library.a(stm32f429i_discovery_lcd.o) (HAL_LTDC_Init)
library.a(stm32f4xx_hal_rcc.o)
                              library.a(initialize.o) (HAL_RCC_OscConfig)
library.a(stm32f4xx_hal_rcc_ex.o)
                              library.a(stm32f429i_discovery_lcd.o) (HAL_RCCEx_PeriphCLKConfig)
library.a(stm32f4xx_hal_sdram.o)
                              library.a(stm32f429i_discovery_sdram.o) (HAL_SDRAM_Init)
library.a(stm32f4xx_hal_spi.o)
                              library.a(stm32f429i_discovery.o) (HAL_SPI_Init)
library.a(stm32f4xx_it.o)     library.a(initialize.o) (IncludeThis)
library.a(stm32f4xx_ll_fmc.o)
                              library.a(stm32f4xx_hal_sdram.o) (FMC_SDRAM_Init)
library.a(svcHandler.o)       library.a(stm32f4xx_it.o) (SVC_Exception)
library.a(system_stm32f4xx.o)
                              library.a(stm32f4xx_hal_rcc.o) (SystemCoreClock)
library.a(touch.o)            obj/Lab8C-Main-c.o (TS_Init)
library.a(startup_stm32f429xx.o)
                              library.a(initialize.o) (Reset_Handler)
library.a(ili9341.o)          library.a(stm32f429i_discovery_lcd.o) (ili9341_drv)
library.a(stm32f429i_discovery_ts.o)
                              library.a(touch.o) (BSP_TS_Init)
library.a(stmpe811.o)         library.a(stm32f429i_discovery_ts.o) (stmpe811_ts_drv)
y:/coen20/gcc/bin/../lib/gcc/arm-none-eabi/9.3.1/../../../../arm-none-eabi/lib/thumb/v7e-m+fp/hard\libc.a(lib_a-exit.o)
                              y:/coen20/gcc/bin/../lib/gcc/arm-none-eabi/9.3.1/../../../../arm-none-eabi/lib/thumb/v7e-m+fp/hard/crt0.o (exit)
y:/coen20/gcc/bin/../lib/gcc/arm-none-eabi/9.3.1/../../../../arm-none-eabi/lib/thumb/v7e-m+fp/hard\libc.a(lib_a-impure.o)
                              y:/coen20/gcc/bin/../lib/gcc/arm-none-eabi/9.3.1/../../../../arm-none-eabi/lib/thumb/v7e-m+fp/hard\libc.a(lib_a-exit.o) (_global_impure_ptr)
y:/coen20/gcc/bin/../lib/gcc/arm-none-eabi/9.3.1/../../../../arm-none-eabi/lib/thumb/v7e-m+fp/hard\libc.a(lib_a-init.o)
                              y:/coen20/gcc/bin/../lib/gcc/arm-none-eabi/9.3.1/../../../../arm-none-eabi/lib/thumb/v7e-m+fp/hard/crt0.o (__libc_init_array)
y:/coen20/gcc/bin/../lib/gcc/arm-none-eabi/9.3.1/../../../../arm-none-eabi/lib/thumb/v7e-m+fp/hard\libc.a(lib_a-memcpy.o)
                              library.a(svcHandler.o) (memcpy)
y:/coen20/gcc/bin/../lib/gcc/arm-none-eabi/9.3.1/../../../../arm-none-eabi/lib/thumb/v7e-m+fp/hard\libc.a(lib_a-memset.o)
                              y:/coen20/gcc/bin/../lib/gcc/arm-none-eabi/9.3.1/../../../../arm-none-eabi/lib/thumb/v7e-m+fp/hard/crt0.o (memset)
y:/coen20/gcc/bin/../lib/gcc/arm-none-eabi/9.3.1/../../../../arm-none-eabi/lib/thumb/v7e-m+fp/hard\libc.a(lib_a-printf.o)
                              library.a(initialize.o) (printf)
y:/coen20/gcc/bin/../lib/gcc/arm-none-eabi/9.3.1/../../../../arm-none-eabi/lib/thumb/v7e-m+fp/hard\libc.a(lib_a-puts.o)
                              obj/Lab8C-Main-c.o (puts)
y:/coen20/gcc/bin/../lib/gcc/arm-none-eabi/9.3.1/../../../../arm-none-eabi/lib/thumb/v7e-m+fp/hard\libc.a(lib_a-sprintf.o)
                              obj/Lab8C-Main-c.o (sprintf)
y:/coen20/gcc/bin/../lib/gcc/arm-none-eabi/9.3.1/../../../../arm-none-eabi/lib/thumb/v7e-m+fp/hard\libc.a(lib_a-strcpy.o)
                              library.a(initialize.o) (strcpy)
y:/coen20/gcc/bin/../lib/gcc/arm-none-eabi/9.3.1/../../../../arm-none-eabi/lib/thumb/v7e-m+fp/hard\libc.a(lib_a-strlen.o)
                              obj/Lab8C-Main-c.o (strlen)
y:/coen20/gcc/bin/../lib/gcc/arm-none-eabi/9.3.1/../../../../arm-none-eabi/lib/thumb/v7e-m+fp/hard\libc.a(lib_a-svfprintf.o)
[...]
Memory Configuration

Name             Origin             Length             Attributes
ROM              0x08000000         0x00200000         xr
RAM              0x20000000         0x00030000         xrw
CCM              0x10000000         0x00010000         xrw
*default*        0x00000000         0xffffffff

Linker script and memory map

LOAD y:/coen20/gcc/bin/../lib/gcc/arm-none-eabi/9.3.1/thumb/v7e-m+fp/hard/crti.o
LOAD y:/coen20/gcc/bin/../lib/gcc/arm-none-eabi/9.3.1/thumb/v7e-m+fp/hard/crtbegin.o
LOAD y:/coen20/gcc/bin/../lib/gcc/arm-none-eabi/9.3.1/../../../../arm-none-eabi/lib/thumb/v7e-m+fp/hard/crt0.o
LOAD obj/Lab8C-Main-c.o
LOAD obj/Lab8C-Resistors-s.o
LOAD library.a
LOAD library.a
LOAD y:/coen20/gcc/bin/../lib/gcc/arm-none-eabi/9.3.1/../../../../arm-none-eabi/lib/thumb/v7e-m+fp/hard\libm.a
LOAD y:/coen20/gcc/bin/../lib/gcc/arm-none-eabi/9.3.1/../../../../arm-none-eabi/lib/thumb/v7e-m+fp/hard\libc.a
LOAD y:/coen20/gcc/bin/../lib/gcc/arm-none-eabi/9.3.1/../../../../arm-none-eabi/lib/thumb/v7e-m+fp/hard\libnosys.a
LOAD y:/coen20/gcc/bin/../lib/gcc/arm-none-eabi/9.3.1/../../../../arm-none-eabi/lib/thumb/v7e-m+fp/hard\libc.a
START GROUP
LOAD y:/coen20/gcc/bin/../lib/gcc/arm-none-eabi/9.3.1/thumb/v7e-m+fp/hard\libgcc.a
LOAD y:/coen20/gcc/bin/../lib/gcc/arm-none-eabi/9.3.1/../../../../arm-none-eabi/lib/thumb/v7e-m+fp/hard\libc.a
END GROUP
LOAD y:/coen20/gcc/bin/../lib/gcc/arm-none-eabi/9.3.1/thumb/v7e-m+fp/hard/crtend.o
LOAD y:/coen20/gcc/bin/../lib/gcc/arm-none-eabi/9.3.1/thumb/v7e-m+fp/hard/crtn.o

.text           0x08000000     0xfe2c
 *(.isr_vector)
 .isr_vector    0x08000000      0x1ac library.a(startup_stm32f429xx.o)
                0x08000000                __isr_vector
 *(.text*)
 .text          0x080001ac       0x40 y:/coen20/gcc/bin/../lib/gcc/arm-none-eabi/9.3.1/thumb/v7e-m+fp/hard/crtbegin.o
 .text          0x080001ec       0x7c y:/coen20/gcc/bin/../lib/gcc/arm-none-eabi/9.3.1/../../../../arm-none-eabi/lib/thumb/v7e-m+fp/hard/crt0.o
                0x080001ec                _stack_init
                0x080001f4                _start
                0x080001f4                _mainCRTStartup
 .text.startup.main
                0x08000268      0x184 obj/Lab8C-Main-c.o
                0x08000268                main
 .text.DisplayBands
                0x080003ec      0x2a8 obj/Lab8C-Main-c.o
 .text.DisplayValues
                0x08000694      0x3b0 obj/Lab8C-Main-c.o
 *fill*         0x08000a44        0x4 
 .text.Value    0x08000a48      0x130 obj/Lab8C-Main-c.o
 .text.PaintResistor
                0x08000b78       0x74 obj/Lab8C-Main-c.o
 .text.Error    0x08000bec       0x2c obj/Lab8C-Main-c.o
 .text.InitializeTouchScreen
                0x08000c18       0x30 obj/Lab8C-Main-c.o
 .text          0x08000c48       0x2c obj/Lab8C-Resistors-s.o
                0x08000c48                Mul32X10
                0x08000c50                Mul64X10
                0x08000c64                Div32X10
 .text.TextRows
                0x08000c74       0x12 library.a(initialize.o)
 .text._close   0x08000c86        0x2 library.a(initialize.o)
                0x08000c86                _close
 .text._fstat   0x08000c88        0x2 library.a(initialize.o)
                0x08000c88                _fstat
 .text._getpid  0x08000c8a        0x2 library.a(initialize.o)
                0x08000c8a                _getpid
 .text._isatty  0x08000c8c        0x2 library.a(initialize.o)
                0x08000c8c                _isatty
 .text._kill    0x08000c8e        0x2 library.a(initialize.o)
                0x08000c8e                _kill
 .text._lseek   0x08000c90        0x2 library.a(initialize.o)
                0x08000c90                _lseek
 .text._read    0x08000c92        0x2 library.a(initialize.o)
                0x08000c92                _read
 .text.ClearDisplay
                0x08000c94       0x34 library.a(initialize.o)
                0x08000c94                ClearDisplay
 .text.DisplayHeader
                0x08000cc8       0x7c library.a(initialize.o)
                0x08000cc8                DisplayHeader
 .text.DisplayFooter
                0x08000d44       0x58 library.a(initialize.o)
                0x08000d44                DisplayFooter
 .text._write   0x08000d9c      0x104 library.a(initialize.o)
                0x08000d9c                _write
 .text.InitializeHardware
                0x08000ea0      0x124 library.a(initialize.o)
                0x08000ea0                InitializeHardware
 .text.WaitForPushButton
                0x08000fc4       0x18 library.a(initialize.o)
                0x08000fc4                WaitForPushButton
 .text.GetClockCycleCount
                0x08000fdc        0xc library.a(initialize.o)
                0x08000fdc                GetClockCycleCount
 .text.GetRandomNumber
                0x08000fe8       0x14 library.a(initialize.o)
                0x08000fe8                GetRandomNumber
 .text.SPIx_Init
                0x08000ffc       0x98 library.a(stm32f429i_discovery.o)
 .text.SPIx_Write
                0x08001094       0x30 library.a(stm32f429i_discovery.o)
 .text.I2Cx_Init
                0x080010c4       0xe8 library.a(stm32f429i_discovery.o)
 .text.I2Cx_Error
                0x080011ac       0x14 library.a(stm32f429i_discovery.o)
 .text.SPIx_WriteRead
                0x080011c0       0x40 library.a(stm32f429i_discovery.o)
 .text.BSP_PB_Init
                0x08001200       0x70 library.a(stm32f429i_discovery.o)
                0x08001200                BSP_PB_Init
 .text.BSP_PB_GetState
                0x08001270       0x14 library.a(stm32f429i_discovery.o)
                0x08001270                BSP_PB_GetState
 .text.LCD_IO_Init
                0x08001284       0xb0 library.a(stm32f429i_discovery.o)
                0x08001284                LCD_IO_Init
 .text.LCD_IO_WriteData
                0x08001334       0x38 library.a(stm32f429i_discovery.o)
                0x08001334                LCD_IO_WriteData
 .text.LCD_IO_WriteReg
                0x0800136c       0x38 library.a(stm32f429i_discovery.o)
                0x0800136c                LCD_IO_WriteReg
 .text.LCD_IO_ReadData
                0x080013a4       0x6c library.a(stm32f429i_discovery.o)
                0x080013a4                LCD_IO_ReadData
 .text.LCD_Delay
                0x08001410        0x4 library.a(stm32f429i_discovery.o)
                0x08001410                LCD_Delay
 .text.IOE_Init
                0x08001414        0x4 library.a(stm32f429i_discovery.o)
                0x08001414                IOE_Init
 .text.IOE_ITConfig
                0x08001418       0x54 library.a(stm32f429i_discovery.o)
                0x08001418                IOE_ITConfig
 .text.IOE_Write
                0x0800146c       0x34 library.a(stm32f429i_discovery.o)
                0x0800146c                IOE_Write
 .text.IOE_Read
                0x080014a0       0x3c library.a(stm32f429i_discovery.o)
                0x080014a0                IOE_Read
 .text.IOE_ReadMultiple
                0x080014dc       0x30 library.a(stm32f429i_discovery.o)
                0x080014dc                IOE_ReadMultiple
 .text.IOE_Delay
                0x0800150c        0x4 library.a(stm32f429i_discovery.o)
                0x0800150c                IOE_Delay
 .text.GYRO_IO_Init
                0x08001510       0x6c library.a(stm32f429i_discovery.o)
                0x08001510                GYRO_IO_Init
 .text.GYRO_IO_Read
                0x0800157c       0x48 library.a(stm32f429i_discovery.o)
                0x0800157c                GYRO_IO_Read
 .text.FillBuffer
                0x080015c4       0x64 library.a(stm32f429i_discovery_lcd.o)
 .text.BSP_LCD_GetXSize
                0x08001628       0x10 library.a(stm32f429i_discovery_lcd.o)
                0x08001628                BSP_LCD_GetXSize
 .text.BSP_LCD_GetYSize
                0x08001638       0x10 library.a(stm32f429i_discovery_lcd.o)
                0x08001638                BSP_LCD_GetYSize
 .text.BSP_LCD_LayerDefaultInit
                0x08001648       0x7c library.a(stm32f429i_discovery_lcd.o)
                0x08001648                BSP_LCD_LayerDefaultInit
 .text.BSP_LCD_SelectLayer
                0x080016c4        0xc library.a(stm32f429i_discovery_lcd.o)
                0x080016c4                BSP_LCD_SelectLayer
 .text.BSP_LCD_GetTextColor
                0x080016d0       0x18 library.a(stm32f429i_discovery_lcd.o)
                0x080016d0                BSP_LCD_GetTextColor
 .text.BSP_LCD_GetBackColor
                0x080016e8       0x18 library.a(stm32f429i_discovery_lcd.o)
                0x080016e8                BSP_LCD_GetBackColor
 .text.BSP_LCD_SetTextColor
                0x08001700       0x18 library.a(stm32f429i_discovery_lcd.o)
                0x08001700                BSP_LCD_SetTextColor
 .text.BSP_LCD_SetBackColor
                0x08001718       0x18 library.a(stm32f429i_discovery_lcd.o)
                0x08001718                BSP_LCD_SetBackColor
 .text.BSP_LCD_SetFont
                0x08001730       0x18 library.a(stm32f429i_discovery_lcd.o)
                0x08001730                BSP_LCD_SetFont
 .text.BSP_LCD_Init
                0x08001748      0x1bc library.a(stm32f429i_discovery_lcd.o)
                0x08001748                BSP_LCD_Init
 .text.BSP_LCD_GetFont
                0x08001904       0x18 library.a(stm32f429i_discovery_lcd.o)
                0x08001904                BSP_LCD_GetFont
 .text.BSP_LCD_Clear
                0x0800191c       0x40 library.a(stm32f429i_discovery_lcd.o)
                0x0800191c                BSP_LCD_Clear
 .text.BSP_LCD_DrawHLine
                0x0800195c       0x50 library.a(stm32f429i_discovery_lcd.o)
                0x0800195c                BSP_LCD_DrawHLine
 .text.BSP_LCD_DrawVLine
                0x080019ac       0x5c library.a(stm32f429i_discovery_lcd.o)
                0x080019ac                BSP_LCD_DrawVLine
 .text.BSP_LCD_DrawRect
                0x08001a08       0x34 library.a(stm32f429i_discovery_lcd.o)
                0x08001a08                BSP_LCD_DrawRect
 .text.BSP_LCD_FillRect
                0x08001a3c       0x78 library.a(stm32f429i_discovery_lcd.o)
                0x08001a3c                BSP_LCD_FillRect
 .text.BSP_LCD_DisplayOn
                0x08001ab4       0x10 library.a(stm32f429i_discovery_lcd.o)
                0x08001ab4                BSP_LCD_DisplayOn
 .text.BSP_LCD_DrawPixel
                0x08001ac4       0x2c library.a(stm32f429i_discovery_lcd.o)
                0x08001ac4                BSP_LCD_DrawPixel
 .text.BSP_LCD_DisplayChar
                0x08001af0       0xd4 library.a(stm32f429i_discovery_lcd.o)
                0x08001af0                BSP_LCD_DisplayChar
 .text.BSP_LCD_DisplayStringAt
                0x08001bc4       0x9c library.a(stm32f429i_discovery_lcd.o)
                0x08001bc4                BSP_LCD_DisplayStringAt
 .text.BSP_SDRAM_Initialization_sequence
                0x08001c60       0x94 library.a(stm32f429i_discovery_sdram.o)
                0x08001c60                BSP_SDRAM_Initialization_sequence
 .text.BSP_SDRAM_Init
                0x08001cf4      0x1c8 library.a(stm32f429i_discovery_sdram.o)
                0x08001cf4                BSP_SDRAM_Init
 .text.HAL_MspInit
                0x08001ebc        0x2 library.a(stm32f4xx_hal.o)
                0x08001ebc                HAL_MspInit
 .text.HAL_InitTick
                0x08001ebe       0x28 library.a(stm32f4xx_hal.o)
                0x08001ebe                HAL_InitTick
 *fill*         0x08001ee6        0x2 
 .text.HAL_Init
                0x08001ee8       0x34 library.a(stm32f4xx_hal.o)
                0x08001ee8                HAL_Init
 .text.HAL_IncTick
                0x08001f1c       0x10 library.a(stm32f4xx_hal.o)
                0x08001f1c                HAL_IncTick
 .text.HAL_GetTick
                0x08001f2c        0xc library.a(stm32f4xx_hal.o)
                0x08001f2c                HAL_GetTick
 .text.HAL_Delay
                0x08001f38       0x1a library.a(stm32f4xx_hal.o)
                0x08001f38                HAL_Delay
 *fill*         0x08001f52        0x2 
 .text.HAL_NVIC_SetPriorityGrouping
                0x08001f54       0x24 library.a(stm32f4xx_hal_cortex.o)
                0x08001f54                HAL_NVIC_SetPriorityGrouping
 .text.HAL_NVIC_SetPriority
                0x08001f78       0x64 library.a(stm32f4xx_hal_cortex.o)
                0x08001f78                HAL_NVIC_SetPriority
 .text.HAL_NVIC_EnableIRQ
                0x08001fdc       0x18 library.a(stm32f4xx_hal_cortex.o)
                0x08001fdc                HAL_NVIC_EnableIRQ
 .text.HAL_SYSTICK_Config
                0x08001ff4       0x28 library.a(stm32f4xx_hal_cortex.o)
                0x08001ff4                HAL_SYSTICK_Config
 .text.HAL_DMA_Init
                0x0800201c       0x78 library.a(stm32f4xx_hal_dma.o)
                0x0800201c                HAL_DMA_Init
 .text.HAL_DMA_DeInit
                0x08002094      0xacc library.a(stm32f4xx_hal_dma.o)
                0x08002094                HAL_DMA_DeInit
 .text.DMA2D_SetConfig
                0x08002b60       0x80 library.a(stm32f4xx_hal_dma2d.o)
 .text.HAL_DMA2D_MspInit
                0x08002be0        0x2 library.a(stm32f4xx_hal_dma2d.o)
                0x08002be0                HAL_DMA2D_MspInit
 .text.HAL_DMA2D_Init
                0x08002be2       0x5c library.a(stm32f4xx_hal_dma2d.o)
                0x08002be2                HAL_DMA2D_Init
 .text.HAL_DMA2D_Start
                0x08002c3e       0x40 library.a(stm32f4xx_hal_dma2d.o)
                0x08002c3e                HAL_DMA2D_Start
 .text.HAL_DMA2D_PollForTransfer
                0x08002c7e       0xc4 library.a(stm32f4xx_hal_dma2d.o)
                0x08002c7e                HAL_DMA2D_PollForTransfer
 *fill*         0x08002d42        0x2 
 .text.HAL_DMA2D_ConfigLayer
                0x08002d44       0xdc library.a(stm32f4xx_hal_dma2d.o)
                0x08002d44                HAL_DMA2D_ConfigLayer
 .text.HAL_GPIO_Init
                0x08002e20      0x1d0 library.a(stm32f4xx_hal_gpio.o)
                0x08002e20                HAL_GPIO_Init
 .text.HAL_GPIO_ReadPin
                0x08002ff0        0xc library.a(stm32f4xx_hal_gpio.o)
                0x08002ff0                HAL_GPIO_ReadPin
 .text.HAL_GPIO_WritePin
                0x08002ffc        0xa library.a(stm32f4xx_hal_gpio.o)
                0x08002ffc                HAL_GPIO_WritePin
 .text.I2C_WaitOnMasterAddressFlagUntilTimeout
                0x08003006       0x66 library.a(stm32f4xx_hal_i2c.o)
 .text.I2C_WaitOnFlagUntilTimeout
                0x0800306c       0x90 library.a(stm32f4xx_hal_i2c.o)
 .text.I2C_RequestMemoryWrite
                0x080030fc       0x98 library.a(stm32f4xx_hal_i2c.o)
 .text.I2C_RequestMemoryRead
                0x08003194       0xe8 library.a(stm32f4xx_hal_i2c.o)
 .text.HAL_I2C_MspInit
                0x0800327c        0x2 library.a(stm32f4xx_hal_i2c.o)
                0x0800327c                HAL_I2C_MspInit
 *fill*         0x0800327e        0x2 
 .text.HAL_I2C_Init
                0x08003280       0xe0 library.a(stm32f4xx_hal_i2c.o)
                0x08003280                HAL_I2C_Init
 .text.HAL_I2C_MspDeInit
                0x08003360        0x2 library.a(stm32f4xx_hal_i2c.o)
                0x08003360                HAL_I2C_MspDeInit
 .text.HAL_I2C_DeInit
                0x08003362       0x2c library.a(stm32f4xx_hal_i2c.o)
                0x08003362                HAL_I2C_DeInit
 *fill*         0x0800338e        0x2 
 .text.HAL_I2C_Mem_Write
                0x08003390       0xe8 library.a(stm32f4xx_hal_i2c.o)
                0x08003390                HAL_I2C_Mem_Write
 .text.HAL_I2C_Mem_Read
                0x08003478      0x1bc library.a(stm32f4xx_hal_i2c.o)
                0x08003478                HAL_I2C_Mem_Read
 .text.HAL_I2C_GetState
                0x08003634        0x6 library.a(stm32f4xx_hal_i2c.o)
                0x08003634                HAL_I2C_GetState
 *fill*         0x0800363a        0x2 
 .text.LTDC_SetConfig
                0x0800363c      0x144 library.a(stm32f4xx_hal_ltdc.o)
 .text.HAL_LTDC_MspInit
                0x08003780        0x2 library.a(stm32f4xx_hal_ltdc.o)
                0x08003780                HAL_LTDC_MspInit
 *fill*         0x08003782        0x2 
 .text.HAL_LTDC_Init
                0x08003784       0xfc library.a(stm32f4xx_hal_ltdc.o)
                0x08003784                HAL_LTDC_Init
 .text.HAL_LTDC_ConfigLayer
                0x08003880       0x5c library.a(stm32f4xx_hal_ltdc.o)
                0x08003880                HAL_LTDC_ConfigLayer
 .text.HAL_LTDC_EnableDither
                0x080038dc       0x34 library.a(stm32f4xx_hal_ltdc.o)
                0x080038dc                HAL_LTDC_EnableDither
 .text.HAL_RCC_OscConfig
                0x08003910      0x330 library.a(stm32f4xx_hal_rcc.o)
                0x08003910                HAL_RCC_OscConfig
 .text.HAL_RCC_ClockConfig
                0x08003c40      0x1f8 library.a(stm32f4xx_hal_rcc.o)
                0x08003c40                HAL_RCC_ClockConfig
 .text.HAL_RCC_GetSysClockFreq
                0x08003e38       0x78 library.a(stm32f4xx_hal_rcc.o)
                0x08003e38                HAL_RCC_GetSysClockFreq
 .text.HAL_RCC_GetHCLKFreq
                0x08003eb0       0x38 library.a(stm32f4xx_hal_rcc.o)
                0x08003eb0                HAL_RCC_GetHCLKFreq
 .text.HAL_RCC_GetPCLK1Freq
                0x08003ee8       0x30 library.a(stm32f4xx_hal_rcc.o)
                0x08003ee8                HAL_RCC_GetPCLK1Freq
 .text.HAL_RCCEx_PeriphCLKConfig
                0x08003f18      0x2d8 library.a(stm32f4xx_hal_rcc_ex.o)
                0x08003f18                HAL_RCCEx_PeriphCLKConfig
 .text.HAL_SDRAM_MspInit
                0x080041f0        0x2 library.a(stm32f4xx_hal_sdram.o)
                0x080041f0                HAL_SDRAM_MspInit
 .text.HAL_SDRAM_Init
                0x080041f2       0x40 library.a(stm32f4xx_hal_sdram.o)
                0x080041f2                HAL_SDRAM_Init
 .text.HAL_SDRAM_SendCommand
                0x08004232       0x2e library.a(stm32f4xx_hal_sdram.o)
                0x08004232                HAL_SDRAM_SendCommand
 .text.HAL_SDRAM_ProgramRefreshRate
                0x08004260       0x24 library.a(stm32f4xx_hal_sdram.o)
                0x08004260                HAL_SDRAM_ProgramRefreshRate
 .text.SPI_WaitOnFlagUntilTimeout
                0x08004284       0x94 library.a(stm32f4xx_hal_spi.o)
 .text.HAL_SPI_MspInit
                0x08004318        0x2 library.a(stm32f4xx_hal_spi.o)
                0x08004318                HAL_SPI_MspInit
 .text.HAL_SPI_Init
                0x0800431a       0x82 library.a(stm32f4xx_hal_spi.o)
                0x0800431a                HAL_SPI_Init
 .text.HAL_SPI_MspDeInit
                0x0800439c        0x2 library.a(stm32f4xx_hal_spi.o)
                0x0800439c                HAL_SPI_MspDeInit
 .text.HAL_SPI_DeInit
                0x0800439e       0x26 library.a(stm32f4xx_hal_spi.o)
                0x0800439e                HAL_SPI_DeInit
 .text.HAL_SPI_Transmit
                0x080043c4      0x164 library.a(stm32f4xx_hal_spi.o)
                0x080043c4                HAL_SPI_Transmit
 .text.HAL_SPI_TransmitReceive
                0x08004528      0x2c2 library.a(stm32f4xx_hal_spi.o)
                0x08004528                HAL_SPI_TransmitReceive
 .text.HAL_SPI_Receive
                0x080047ea      0x1d2 library.a(stm32f4xx_hal_spi.o)
                0x080047ea                HAL_SPI_Receive
 .text.HAL_SPI_GetState
                0x080049bc        0x6 library.a(stm32f4xx_hal_spi.o)
                0x080049bc                HAL_SPI_GetState
 .text.NMI_Handler
                0x080049c2        0x2 library.a(stm32f4xx_it.o)
                0x080049c2                NMI_Handler
 .text.SVC_Handler
                0x080049c4       0x20 library.a(stm32f4xx_it.o)
                0x080049c4                SVC_Handler
 .text.DebugMon_Handler
                0x080049e4        0x2 library.a(stm32f4xx_it.o)
                0x080049e4                DebugMon_Handler
 .text.PendSV_Handler
                0x080049e6        0x2 library.a(stm32f4xx_it.o)
                0x080049e6                PendSV_Handler
 .text.SysTick_Handler
                0x080049e8        0x4 library.a(stm32f4xx_it.o)
                0x080049e8                SysTick_Handler
 .text.FMC_SDRAM_Init
                0x080049ec       0x68 library.a(stm32f4xx_ll_fmc.o)
                0x080049ec                FMC_SDRAM_Init
 .text.FMC_SDRAM_Timing_Init
                0x08004a54       0x72 library.a(stm32f4xx_ll_fmc.o)
                0x08004a54                FMC_SDRAM_Timing_Init
 .text.FMC_SDRAM_SendCommand
                0x08004ac6       0x50 library.a(stm32f4xx_ll_fmc.o)
                0x08004ac6                FMC_SDRAM_SendCommand
 .text.FMC_SDRAM_ProgramRefreshRate
                0x08004b16        0xc library.a(stm32f4xx_ll_fmc.o)
                0x08004b16                FMC_SDRAM_ProgramRefreshRate
 *fill*         0x08004b22        0x2 
 .text.SVC_Label
                0x08004b24       0x58 library.a(svcHandler.o)
 .text.Preserve
                0x08004b7c       0xa8 library.a(svcHandler.o)
 .text.HardStopHandler
                0x08004c24       0x94 library.a(svcHandler.o)
 .text.F32      0x08004cb8       0xc0 library.a(svcHandler.o)
 .text.Restore  0x08004d78       0x5c library.a(svcHandler.o)
 .text.FlPtRegs
                0x08004dd4       0x9c library.a(svcHandler.o)
 .text._MemManageHandler
                0x08004e70       0x10 library.a(svcHandler.o)
                0x08004e70                _MemManageHandler
 .text.MemManage_Handler
                0x08004e80        0xc library.a(svcHandler.o)
                0x08004e80                MemManage_Handler
 .text._BusFault_Handler
                0x08004e8c       0x10 library.a(svcHandler.o)
                0x08004e8c                _BusFault_Handler
 .text.BusFault_Handler
                0x08004e9c        0xc library.a(svcHandler.o)
                0x08004e9c                BusFault_Handler
 .text._HardFault_Handler
                0x08004ea8       0x10 library.a(svcHandler.o)
                0x08004ea8                _HardFault_Handler
 .text.HardFault_Handler
                0x08004eb8        0xc library.a(svcHandler.o)
                0x08004eb8                HardFault_Handler
 .text._UsageFault_Handler
                0x08004ec4       0x5c library.a(svcHandler.o)
                0x08004ec4                _UsageFault_Handler
 .text.UsageFault_Handler
                0x08004f20        0xc library.a(svcHandler.o)
                0x08004f20                UsageFault_Handler
 .text.SVC_Exception
                0x08004f2c       0xd8 library.a(svcHandler.o)
                0x08004f2c                SVC_Exception
 .text.SystemInit
                0x08005004       0x4c library.a(system_stm32f4xx.o)
                0x08005004                SystemInit
 .text.TS_Init  0x08005050       0x2c library.a(touch.o)
                0x08005050                TS_Init
 .text.TS_Touched
                0x0800507c       0x30 library.a(touch.o)
                0x0800507c                TS_Touched
 .text.TS_GetX  0x080050ac        0xc library.a(touch.o)
                0x080050ac                TS_GetX
 .text.TS_GetY  0x080050b8        0xc library.a(touch.o)
                0x080050b8                TS_GetY
 .text          0x080050c4      0x118 library.a(startup_stm32f429xx.o)
                0x080050c4                Reset_Handler
                0x0800511c                Default_Handler
                0x0800511e                WWDG_IRQHandler
                0x08005120                PVD_IRQHandler
                0x08005122                TAMP_STAMP_IRQHandler
                0x08005124                RTC_WKUP_IRQHandler
                0x08005126                FLASH_IRQHandler
                0x08005128                RCC_IRQHandler
                0x0800512a                EXTI0_IRQHandler
                0x0800512c                EXTI1_IRQHandler
                0x0800512e                EXTI2_IRQHandler
                0x08005130                EXTI3_IRQHandler
                0x08005132                EXTI4_IRQHandler
                0x08005134                DMA1_Stream0_IRQHandler
                0x08005136                DMA1_Stream1_IRQHandler
                0x08005138                DMA1_Stream2_IRQHandler
                0x0800513a                DMA1_Stream3_IRQHandler
                0x0800513c                DMA1_Stream4_IRQHandler
                0x0800513e                DMA1_Stream5_IRQHandler
                0x08005140                DMA1_Stream6_IRQHandler
                0x08005142                ADC_IRQHandler
                0x08005144                CAN1_TX_IRQHandler
                0x08005146                CAN1_RX0_IRQHandler
                0x08005148                CAN1_RX1_IRQHandler
                0x0800514a                CAN1_SCE_IRQHandler
                0x0800514c                EXTI9_5_IRQHandler
                0x0800514e                TIM1_BRK_TIM9_IRQHandler
                0x08005150                TIM1_UP_TIM10_IRQHandler
                0x08005152                TIM1_TRG_COM_TIM11_IRQHandler
                0x08005154                TIM1_CC_IRQHandler
                0x08005156                TIM2_IRQHandler
                0x08005158                TIM3_IRQHandler
                0x0800515a                TIM4_IRQHandler
                0x0800515c                I2C1_EV_IRQHandler
                0x0800515e                I2C1_ER_IRQHandler
                0x08005160                I2C2_EV_IRQHandler
                0x08005162                I2C2_ER_IRQHandler
                0x08005164                SPI1_IRQHandler
                0x08005166                SPI2_IRQHandler
                0x08005168                USART1_IRQHandler
                0x0800516a                USART2_IRQHandler
                0x0800516c                USART3_IRQHandler
                0x0800516e                EXTI15_10_IRQHandler
                0x08005170                RTC_Alarm_IRQHandler
                0x08005172                OTG_FS_WKUP_IRQHandler
                0x08005174                TIM8_BRK_TIM12_IRQHandler
                0x08005176                TIM8_UP_TIM13_IRQHandler
                0x08005178                TIM8_TRG_COM_TIM14_IRQHandler
                0x0800517a                TIM8_CC_IRQHandler
                0x0800517c                DMA1_Stream7_IRQHandler
                0x0800517e                FSMC_IRQHandler
                0x08005180                SDIO_IRQHandler
                0x08005182                TIM5_IRQHandler
                0x08005184                SPI3_IRQHandler
                0x08005186                UART4_IRQHandler
                0x08005188                UART5_IRQHandler
                0x0800518a                TIM6_DAC_IRQHandler
                0x0800518c                TIM7_IRQHandler
                0x0800518e                DMA2_Stream0_IRQHandler
                0x08005190                DMA2_Stream1_IRQHandler
                0x08005192                DMA2_Stream2_IRQHandler
                0x08005194                DMA2_Stream3_IRQHandler
                0x08005196                DMA2_Stream4_IRQHandler
                0x08005198                ETH_IRQHandler
                0x0800519a                ETH_WKUP_IRQHandler
                0x0800519c                CAN2_TX_IRQHandler
                0x0800519e                CAN2_RX0_IRQHandler
                0x080051a0                CAN2_RX1_IRQHandler
                0x080051a2                CAN2_SCE_IRQHandler
                0x080051a4                OTG_FS_IRQHandler
                0x080051a6                DMA2_Stream5_IRQHandler
                0x080051a8                DMA2_Stream6_IRQHandler
                0x080051aa                DMA2_Stream7_IRQHandler
                0x080051ac                USART6_IRQHandler
                0x080051ae                I2C3_EV_IRQHandler
                0x080051b0                I2C3_ER_IRQHandler
                0x080051b2                OTG_HS_EP1_OUT_IRQHandler
                0x080051b4                OTG_HS_EP1_IN_IRQHandler
                0x080051b6                OTG_HS_WKUP_IRQHandler
                0x080051b8                OTG_HS_IRQHandler
                0x080051ba                DCMI_IRQHandler
                0x080051bc                CRYP_IRQHandler
                0x080051be                HASH_RNG_IRQHandler
                0x080051c0                FPU_IRQHandler
                0x080051c2                UART7_IRQHandler
                0x080051c4                UART8_IRQHandler
                0x080051c6                SPI4_IRQHandler
                0x080051c8                SPI5_IRQHandler
                0x080051ca                SPI6_IRQHandler
                0x080051cc                SAI1_IRQHandler
                0x080051ce                LTDC_IRQHandler
                0x080051d0                LTDC_ER_IRQHandler
                0x080051d2                DMA2D_IRQHandler
 .text.ili9341_GetLcdPixelWidth
                0x080051dc        0x4 library.a(ili9341.o)
                0x080051dc                ili9341_GetLcdPixelWidth
 .text.ili9341_GetLcdPixelHeight
                0x080051e0        0x6 library.a(ili9341.o)
                0x080051e0                ili9341_GetLcdPixelHeight
 .text.ili9341_DisplayOn
                0x080051e6        0x6 library.a(ili9341.o)
                0x080051e6                ili9341_DisplayOn
 .text.ili9341_DisplayOff
                0x080051ec        0x6 library.a(ili9341.o)
                0x080051ec                ili9341_DisplayOff
 .text.ili9341_Init
                0x080051f2      0x292 library.a(ili9341.o)
                0x080051f2                ili9341_Init
 .text.ili9341_ReadID
                0x08005484       0x12 library.a(ili9341.o)
                0x08005484                ili9341_ReadID
 *fill*         0x08005496        0x2 
 .text.BSP_TS_Init
                0x08005498       0x44 library.a(stm32f429i_discovery_ts.o)
                0x08005498                BSP_TS_Init
 .text.BSP_TS_GetState
                0x080054dc      0x138 library.a(stm32f429i_discovery_ts.o)
                0x080054dc                BSP_TS_GetState
 .text.stmpe811_Reset
                0x08005614       0x28 library.a(stmpe811.o)
                0x08005614                stmpe811_Reset
 .text.stmpe811_ReadID
                0x0800563c       0x24 library.a(stmpe811.o)
                0x0800563c                stmpe811_ReadID
 .text.stmpe811_TS_DetectTouch
                0x08005660       0x38 library.a(stmpe811.o)
                0x08005660                stmpe811_TS_DetectTouch
 .text.stmpe811_TS_GetXY
                0x08005698       0x3c library.a(stmpe811.o)
                0x08005698                stmpe811_TS_GetXY
 .text.stmpe811_Init
                0x080056d4       0x30 library.a(stmpe811.o)
                0x080056d4                stmpe811_Init
 .text.stmpe811_EnableGlobalIT
                0x08005704       0x1e library.a(stmpe811.o)
                0x08005704                stmpe811_EnableGlobalIT
 .text.stmpe811_DisableGlobalIT
                0x08005722       0x1c library.a(stmpe811.o)
                0x08005722                stmpe811_DisableGlobalIT
 .text.stmpe811_EnableITSource
                0x0800573e       0x20 library.a(stmpe811.o)
                0x0800573e                stmpe811_EnableITSource
 .text.stmpe811_TS_EnableIT
                0x0800575e       0x1c library.a(stmpe811.o)
                0x0800575e                stmpe811_TS_EnableIT
 .text.stmpe811_DisableITSource
                0x0800577a       0x20 library.a(stmpe811.o)
                0x0800577a                stmpe811_DisableITSource
 .text.stmpe811_TS_DisableIT
                0x0800579a       0x14 library.a(stmpe811.o)
                0x0800579a                stmpe811_TS_DisableIT
 .text.stmpe811_ReadGITStatus
                0x080057ae       0x10 library.a(stmpe811.o)
                0x080057ae                stmpe811_ReadGITStatus
 .text.stmpe811_TS_ITStatus
                0x080057be        0x6 library.a(stmpe811.o)
                0x080057be                stmpe811_TS_ITStatus
 .text.stmpe811_ClearGlobalIT
                0x080057c4        0xa library.a(stmpe811.o)
                0x080057c4                stmpe811_ClearGlobalIT
 .text.stmpe811_TS_ClearIT
                0x080057ce        0x6 library.a(stmpe811.o)
                0x080057ce                stmpe811_TS_ClearIT
 .text.stmpe811_IO_EnableAF
                0x080057d4       0x20 library.a(stmpe811.o)
                0x080057d4                stmpe811_IO_EnableAF
 .text.stmpe811_TS_Start
                0x080057f4       0xa4 library.a(stmpe811.o)
                0x080057f4                stmpe811_TS_Start
 .text.exit     0x08005898       0x20 y:/coen20/gcc/bin/../lib/gcc/arm-none-eabi/9.3.1/../../../../arm-none-eabi/lib/thumb/v7e-m+fp/hard\libc.a(lib_a-exit.o)
                0x08005898                exit
 .text.__libc_init_array
                0x080058b8       0x48 y:/coen20/gcc/bin/../lib/gcc/arm-none-eabi/9.3.1/../../../../arm-none-eabi/lib/thumb/v7e-m+fp/hard\libc.a(lib_a-init.o)
                0x080058b8                __libc_init_array
 .text          0x08005900      0x134 y:/coen20/gcc/bin/../lib/gcc/arm-none-eabi/9.3.1/../../../../arm-none-eabi/lib/thumb/v7e-m+fp/hard\libc.a(lib_a-memcpy.o)
                0x08005900                memcpy
 .text.memset   0x08005a34       0xa0 y:/coen20/gcc/bin/../lib/gcc/arm-none-eabi/9.3.1/../../../../arm-none-eabi/lib/thumb/v7e-m+fp/hard\libc.a(lib_a-memset.o)
                0x08005a34                memset
 .text._puts_r  0x08005ad4       0x9c y:/coen20/gcc/bin/../lib/gcc/arm-none-eabi/9.3.1/../../../../arm-none-eabi/lib/thumb/v7e-m+fp/hard\libc.a(lib_a-puts.o)
                0x08005ad4                _puts_r
 .text.puts     0x08005b70       0x10 y:/coen20/gcc/bin/../lib/gcc/arm-none-eabi/9.3.1/../../../../arm-none-eabi/lib/thumb/v7e-m+fp/hard\libc.a(lib_a-puts.o)
                0x08005b70                puts
 .text.sprintf  0x08005b80       0x44 y:/coen20/gcc/bin/../lib/gcc/arm-none-eabi/9.3.1/../../../../arm-none-eabi/lib/thumb/v7e-m+fp/hard\libc.a(lib_a-sprintf.o)
                0x08005b80                sprintf
 .text.strcpy   0x08005bc4       0xbc y:/coen20/gcc/bin/../lib/gcc/arm-none-eabi/9.3.1/../../../../arm-none-eabi/lib/thumb/v7e-m+fp/hard\libc.a(lib_a-strcpy.o)
                0x08005bc4                strcpy
 .text          0x08005c80       0xdc y:/coen20/gcc/bin/../lib/gcc/arm-none-eabi/9.3.1/../../../../arm-none-eabi/lib/thumb/v7e-m+fp/hard\libc.a(lib_a-strlen.o)
                0x08005c80                strlen
 *fill*         0x08005d5c        0x4 
 .text._svfprintf_r
                0x08005d60     0x1b38 y:/coen20/gcc/bin/../lib/gcc/arm-none-eabi/9.3.1/../../../../arm-none-eabi/lib/thumb/v7e-m+fp/hard\libc.a(lib_a-svfprintf.o)
                0x08005d60                _svfprintf_r
 .text.__swsetup_r
                0x08007898       0xd0 y:/coen20/gcc/bin/../lib/gcc/arm-none-eabi/9.3.1/../../../../arm-none-eabi/lib/thumb/v7e-m+fp/hard\libc.a(lib_a-wsetup.o)
                0x08007898                __swsetup_r
 .text.startup.register_fini
                0x08007968       0x14 y:/coen20/gcc/bin/../lib/gcc/arm-none-eabi/9.3.1/../../../../arm-none-eabi/lib/thumb/v7e-m+fp/hard\libc.a(lib_a-__call_atexit.o)
 .text.__call_exitprocs
                0x0800797c       0xcc y:/coen20/gcc/bin/../lib/gcc/arm-none-eabi/9.3.1/../../../../arm-none-eabi/lib/thumb/v7e-m+fp/hard\libc.a(lib_a-__call_atexit.o)
                0x0800797c                __call_exitprocs
 .text.atexit   0x08007a48        0xc y:/coen20/gcc/bin/../lib/gcc/arm-none-eabi/9.3.1/../../../../arm-none-eabi/lib/thumb/v7e-m+fp/hard\libc.a(lib_a-atexit.o)
                0x08007a48                atexit
 .text.quorem   0x08007a54      0x11c y:/coen20/gcc/bin/../lib/gcc/arm-none-eabi/9.3.1/../../../../arm-none-eabi/lib/thumb/v7e-m+fp/hard\libc.a(lib_a-dtoa.o)
 .text._dtoa_r  0x08007b70      0xf44 y:/coen20/gcc/bin/../lib/gcc/arm-none-eabi/9.3.1/../../../../arm-none-eabi/lib/thumb/v7e-m+fp/hard\libc.a(lib_a-dtoa.o)
                0x08007b70                _dtoa_r
 .text.__sflush_r
                0x08008ab4      0x130 y:/coen20/gcc/bin/../lib/gcc/arm-none-eabi/9.3.1/../../../../arm-none-eabi/lib/thumb/v7e-m+fp/hard\libc.a(lib_a-fflush.o)
                0x08008ab4                __sflush_r
 .text._fflush_r
                0x08008be4       0x5c y:/coen20/gcc/bin/../lib/gcc/arm-none-eabi/9.3.1/../../../../arm-none-eabi/lib/thumb/v7e-m+fp/hard\libc.a(lib_a-fflush.o)
                0x08008be4                _fflush_r
 .text.std      0x08008c40       0x50 y:/coen20/gcc/bin/../lib/gcc/arm-none-eabi/9.3.1/../../../../arm-none-eabi/lib/thumb/v7e-m+fp/hard\libc.a(lib_a-findfp.o)
 .text._cleanup_r
                0x08008c90        0xc y:/coen20/gcc/bin/../lib/gcc/arm-none-eabi/9.3.1/../../../../arm-none-eabi/lib/thumb/v7e-m+fp/hard\libc.a(lib_a-findfp.o)
                0x08008c90                _cleanup_r
 .text.__sinit  0x08008c9c       0x54 y:/coen20/gcc/bin/../lib/gcc/arm-none-eabi/9.3.1/../../../../arm-none-eabi/lib/thumb/v7e-m+fp/hard\libc.a(lib_a-findfp.o)
                0x08008c9c                __sinit
 .text.__sfp_lock_acquire
                0x08008cf0        0xc y:/coen20/gcc/bin/../lib/gcc/arm-none-eabi/9.3.1/../../../../arm-none-eabi/lib/thumb/v7e-m+fp/hard\libc.a(lib_a-findfp.o)
                0x08008cf0                __sfp_lock_acquire
 .text.__sfp_lock_release
                0x08008cfc        0xc y:/coen20/gcc/bin/../lib/gcc/arm-none-eabi/9.3.1/../../../../arm-none-eabi/lib/thumb/v7e-m+fp/hard\libc.a(lib_a-findfp.o)
                0x08008cfc                __sfp_lock_release
 .text.__libc_fini_array
                0x08008d08       0x2c y:/coen20/gcc/bin/../lib/gcc/arm-none-eabi/9.3.1/../../../../arm-none-eabi/lib/thumb/v7e-m+fp/hard\libc.a(lib_a-fini.o)
                0x08008d08                __libc_fini_array
 .text._malloc_trim_r
                0x08008d34       0xa0 y:/coen20/gcc/bin/../lib/gcc/arm-none-eabi/9.3.1/../../../../arm-none-eabi/lib/thumb/v7e-m+fp/hard\libc.a(lib_a-freer.o)
                0x08008d34                _malloc_trim_r
 .text._free_r  0x08008dd4      0x208 y:/coen20/gcc/bin/../lib/gcc/arm-none-eabi/9.3.1/../../../../arm-none-eabi/lib/thumb/v7e-m+fp/hard\libc.a(lib_a-freer.o)
                0x08008dd4                _free_r
 .text.__sfvwrite_r
                0x08008fdc      0x2e0 y:/coen20/gcc/bin/../lib/gcc/arm-none-eabi/9.3.1/../../../../arm-none-eabi/lib/thumb/v7e-m+fp/hard\libc.a(lib_a-fvwrite.o)
                0x08008fdc                __sfvwrite_r
 .text._fwalk_reent
                0x080092bc       0x48 y:/coen20/gcc/bin/../lib/gcc/arm-none-eabi/9.3.1/../../../../arm-none-eabi/lib/thumb/v7e-m+fp/hard\libc.a(lib_a-fwalk.o)
                0x080092bc                _fwalk_reent
 .text._localeconv_r
                0x08009304        0x8 y:/coen20/gcc/bin/../lib/gcc/arm-none-eabi/9.3.1/../../../../arm-none-eabi/lib/thumb/v7e-m+fp/hard\libc.a(lib_a-localeconv.o)
                0x08009304                _localeconv_r
 .text.__retarget_lock_init_recursive
                0x0800930c        0x4 y:/coen20/gcc/bin/../lib/gcc/arm-none-eabi/9.3.1/../../../../arm-none-eabi/lib/thumb/v7e-m+fp/hard\libc.a(lib_a-lock.o)
                0x0800930c                __retarget_lock_init_recursive
 .text.__retarget_lock_close_recursive
                0x08009310        0x4 y:/coen20/gcc/bin/../lib/gcc/arm-none-eabi/9.3.1/../../../../arm-none-eabi/lib/thumb/v7e-m+fp/hard\libc.a(lib_a-lock.o)
                0x08009310                __retarget_lock_close_recursive
 .text.__retarget_lock_acquire_recursive
                0x08009314        0x4 y:/coen20/gcc/bin/../lib/gcc/arm-none-eabi/9.3.1/../../../../arm-none-eabi/lib/thumb/v7e-m+fp/hard\libc.a(lib_a-lock.o)
                0x08009314                __retarget_lock_acquire_recursive
 .text.__retarget_lock_release_recursive
                0x08009318        0x4 y:/coen20/gcc/bin/../lib/gcc/arm-none-eabi/9.3.1/../../../../arm-none-eabi/lib/thumb/v7e-m+fp/hard\libc.a(lib_a-lock.o)
                0x08009318                __retarget_lock_release_recursive
 .text.__swhatbuf_r
                0x0800931c       0x5c y:/coen20/gcc/bin/../lib/gcc/arm-none-eabi/9.3.1/../../../../arm-none-eabi/lib/thumb/v7e-m+fp/hard\libc.a(lib_a-makebuf.o)
                0x0800931c                __swhatbuf_r
 .text.__smakebuf_r
                0x08009378       0x98 y:/coen20/gcc/bin/../lib/gcc/arm-none-eabi/9.3.1/../../../../arm-none-eabi/lib/thumb/v7e-m+fp/hard\libc.a(lib_a-makebuf.o)
                0x08009378                __smakebuf_r
 .text._malloc_r
                0x08009410      0x574 y:/coen20/gcc/bin/../lib/gcc/arm-none-eabi/9.3.1/../../../../arm-none-eabi/lib/thumb/v7e-m+fp/hard\libc.a(lib_a-mallocr.o)
                0x08009410                _malloc_r
 *fill*         0x08009984        0xc 
 .text          0x08009990       0xa0 y:/coen20/gcc/bin/../lib/gcc/arm-none-eabi/9.3.1/../../../../arm-none-eabi/lib/thumb/v7e-m+fp/hard\libc.a(lib_a-memchr.o)
                0x08009990                memchr
 .text.memmove  0x08009a30       0xd8 y:/coen20/gcc/bin/../lib/gcc/arm-none-eabi/9.3.1/../../../../arm-none-eabi/lib/thumb/v7e-m+fp/hard\libc.a(lib_a-memmove.o)
                0x08009a30                memmove
 .text.__malloc_lock
                0x08009b08        0xc y:/coen20/gcc/bin/../lib/gcc/arm-none-eabi/9.3.1/../../../../arm-none-eabi/lib/thumb/v7e-m+fp/hard\libc.a(lib_a-mlock.o)
                0x08009b08                __malloc_lock
 .text.__malloc_unlock
                0x08009b14        0xc y:/coen20/gcc/bin/../lib/gcc/arm-none-eabi/9.3.1/../../../../arm-none-eabi/lib/thumb/v7e-m+fp/hard\libc.a(lib_a-mlock.o)
                0x08009b14                __malloc_unlock
 .text._Balloc  0x08009b20       0x4c y:/coen20/gcc/bin/../lib/gcc/arm-none-eabi/9.3.1/../../../../arm-none-eabi/lib/thumb/v7e-m+fp/hard\libc.a(lib_a-mprec.o)
                0x08009b20                _Balloc
 .text._Bfree   0x08009b6c       0x14 y:/coen20/gcc/bin/../lib/gcc/arm-none-eabi/9.3.1/../../../../arm-none-eabi/lib/thumb/v7e-m+fp/hard\libc.a(lib_a-mprec.o)
                0x08009b6c                _Bfree
 .text.__multadd
                0x08009b80       0xac y:/coen20/gcc/bin/../lib/gcc/arm-none-eabi/9.3.1/../../../../arm-none-eabi/lib/thumb/v7e-m+fp/hard\libc.a(lib_a-mprec.o)
                0x08009b80                __multadd
 .text.__hi0bits
                0x08009c2c       0x40 y:/coen20/gcc/bin/../lib/gcc/arm-none-eabi/9.3.1/../../../../arm-none-eabi/lib/thumb/v7e-m+fp/hard\libc.a(lib_a-mprec.o)
                0x08009c2c                __hi0bits
 .text.__lo0bits
                0x08009c6c       0x60 y:/coen20/gcc/bin/../lib/gcc/arm-none-eabi/9.3.1/../../../../arm-none-eabi/lib/thumb/v7e-m+fp/hard\libc.a(lib_a-mprec.o)
                0x08009c6c                __lo0bits
 .text.__i2b    0x08009ccc       0x2c y:/coen20/gcc/bin/../lib/gcc/arm-none-eabi/9.3.1/../../../../arm-none-eabi/lib/thumb/v7e-m+fp/hard\libc.a(lib_a-mprec.o)
                0x08009ccc                __i2b
 .text.__multiply
                0x08009cf8      0x160 y:/coen20/gcc/bin/../lib/gcc/arm-none-eabi/9.3.1/../../../../arm-none-eabi/lib/thumb/v7e-m+fp/hard\libc.a(lib_a-mprec.o)
                0x08009cf8                __multiply
 .text.__pow5mult
                0x08009e58       0x98 y:/coen20/gcc/bin/../lib/gcc/arm-none-eabi/9.3.1/../../../../arm-none-eabi/lib/thumb/v7e-m+fp/hard\libc.a(lib_a-mprec.o)
                0x08009e58                __pow5mult
 .text.__lshift
                0x08009ef0       0xe8 y:/coen20/gcc/bin/../lib/gcc/arm-none-eabi/9.3.1/../../../../arm-none-eabi/lib/thumb/v7e-m+fp/hard\libc.a(lib_a-mprec.o)
                0x08009ef0                __lshift
 .text.__mcmp   0x08009fd8       0x3c y:/coen20/gcc/bin/../lib/gcc/arm-none-eabi/9.3.1/../../../../arm-none-eabi/lib/thumb/v7e-m+fp/hard\libc.a(lib_a-mprec.o)
                0x08009fd8                __mcmp
 .text.__mdiff  0x0800a014      0x148 y:/coen20/gcc/bin/../lib/gcc/arm-none-eabi/9.3.1/../../../../arm-none-eabi/lib/thumb/v7e-m+fp/hard\libc.a(lib_a-mprec.o)
                0x0800a014                __mdiff
 .text.__d2b    0x0800a15c       0xd0 y:/coen20/gcc/bin/../lib/gcc/arm-none-eabi/9.3.1/../../../../arm-none-eabi/lib/thumb/v7e-m+fp/hard\libc.a(lib_a-mprec.o)
                0x0800a15c                __d2b
 .text._realloc_r
                0x0800a22c      0x3e0 y:/coen20/gcc/bin/../lib/gcc/arm-none-eabi/9.3.1/../../../../arm-none-eabi/lib/thumb/v7e-m+fp/hard\libc.a(lib_a-reallocr.o)
                0x0800a22c                _realloc_r
 .text.frexp    0x0800a60c       0x6c y:/coen20/gcc/bin/../lib/gcc/arm-none-eabi/9.3.1/../../../../arm-none-eabi/lib/thumb/v7e-m+fp/hard\libc.a(lib_a-s_frexp.o)
                0x0800a60c                frexp
 .text._sbrk_r  0x0800a678       0x24 y:/coen20/gcc/bin/../lib/gcc/arm-none-eabi/9.3.1/../../../../arm-none-eabi/lib/thumb/v7e-m+fp/hard\libc.a(lib_a-sbrkr.o)
                0x0800a678                _sbrk_r
 .text.__sread  0x0800a69c       0x24 y:/coen20/gcc/bin/../lib/gcc/arm-none-eabi/9.3.1/../../../../arm-none-eabi/lib/thumb/v7e-m+fp/hard\libc.a(lib_a-stdio.o)
                0x0800a69c                __sread
 .text.__swrite
                0x0800a6c0       0x40 y:/coen20/gcc/bin/../lib/gcc/arm-none-eabi/9.3.1/../../../../arm-none-eabi/lib/thumb/v7e-m+fp/hard\libc.a(lib_a-stdio.o)
                0x0800a6c0                __swrite
 .text.__sseek  0x0800a700       0x20 y:/coen20/gcc/bin/../lib/gcc/arm-none-eabi/9.3.1/../../../../arm-none-eabi/lib/thumb/v7e-m+fp/hard\libc.a(lib_a-stdio.o)
                0x0800a700                __sseek
 .text.__sclose
                0x0800a720        0x8 y:/coen20/gcc/bin/../lib/gcc/arm-none-eabi/9.3.1/../../../../arm-none-eabi/lib/thumb/v7e-m+fp/hard\libc.a(lib_a-stdio.o)
                0x0800a720                __sclose
 .text.strncpy  0x0800a728       0x68 y:/coen20/gcc/bin/../lib/gcc/arm-none-eabi/9.3.1/../../../../arm-none-eabi/lib/thumb/v7e-m+fp/hard\libc.a(lib_a-strncpy.o)
                0x0800a728                strncpy
 .text.__ssprint_r
                0x0800a790       0xf8 y:/coen20/gcc/bin/../lib/gcc/arm-none-eabi/9.3.1/../../../../arm-none-eabi/lib/thumb/v7e-m+fp/hard\libc.a(lib_a-svfiprintf.o)
                0x0800a790                __ssprint_r
 .text.__sprint_r.part.0
                0x0800a888       0x78 y:/coen20/gcc/bin/../lib/gcc/arm-none-eabi/9.3.1/../../../../arm-none-eabi/lib/thumb/v7e-m+fp/hard\libc.a(lib_a-vfiprintf.o)
 .text._vfiprintf_r
                0x0800a900      0xd4c y:/coen20/gcc/bin/../lib/gcc/arm-none-eabi/9.3.1/../../../../arm-none-eabi/lib/thumb/v7e-m+fp/hard\libc.a(lib_a-vfiprintf.o)
                0x0800a900                _vfiprintf_r
 .text.__sbprintf
                0x0800b64c       0x84 y:/coen20/gcc/bin/../lib/gcc/arm-none-eabi/9.3.1/../../../../arm-none-eabi/lib/thumb/v7e-m+fp/hard\libc.a(lib_a-vfiprintf.o)
 .text._write_r
                0x0800b6d0       0x2c y:/coen20/gcc/bin/../lib/gcc/arm-none-eabi/9.3.1/../../../../arm-none-eabi/lib/thumb/v7e-m+fp/hard\libc.a(lib_a-writer.o)
                0x0800b6d0                _write_r
 .text.__register_exitproc
                0x0800b6fc       0x8c y:/coen20/gcc/bin/../lib/gcc/arm-none-eabi/9.3.1/../../../../arm-none-eabi/lib/thumb/v7e-m+fp/hard\libc.a(lib_a-__atexit.o)
                0x0800b6fc                __register_exitproc
 .text.__assert_func
                0x0800b788       0x3c y:/coen20/gcc/bin/../lib/gcc/arm-none-eabi/9.3.1/../../../../arm-none-eabi/lib/thumb/v7e-m+fp/hard\libc.a(lib_a-assert.o)
                0x0800b788                __assert_func
 .text._calloc_r
                0x0800b7c4       0x60 y:/coen20/gcc/bin/../lib/gcc/arm-none-eabi/9.3.1/../../../../arm-none-eabi/lib/thumb/v7e-m+fp/hard\libc.a(lib_a-callocr.o)
                0x0800b7c4                _calloc_r
 .text._close_r
                0x0800b824       0x24 y:/coen20/gcc/bin/../lib/gcc/arm-none-eabi/9.3.1/../../../../arm-none-eabi/lib/thumb/v7e-m+fp/hard\libc.a(lib_a-closer.o)
                0x0800b824                _close_r
 .text._fclose_r
                0x0800b848       0xcc y:/coen20/gcc/bin/../lib/gcc/arm-none-eabi/9.3.1/../../../../arm-none-eabi/lib/thumb/v7e-m+fp/hard\libc.a(lib_a-fclose.o)
                0x0800b848                _fclose_r
 .text.fiprintf
                0x0800b914       0x28 y:/coen20/gcc/bin/../lib/gcc/arm-none-eabi/9.3.1/../../../../arm-none-eabi/lib/thumb/v7e-m+fp/hard\libc.a(lib_a-fiprintf.o)
                0x0800b914                fiprintf
 .text.__fputwc
                0x0800b93c       0xa8 y:/coen20/gcc/bin/../lib/gcc/arm-none-eabi/9.3.1/../../../../arm-none-eabi/lib/thumb/v7e-m+fp/hard\libc.a(lib_a-fputwc.o)
                0x0800b93c                __fputwc
 .text._fputwc_r
                0x0800b9e4       0x68 y:/coen20/gcc/bin/../lib/gcc/arm-none-eabi/9.3.1/../../../../arm-none-eabi/lib/thumb/v7e-m+fp/hard\libc.a(lib_a-fputwc.o)
                0x0800b9e4                _fputwc_r
 .text._fstat_r
                0x0800ba4c       0x2c y:/coen20/gcc/bin/../lib/gcc/arm-none-eabi/9.3.1/../../../../arm-none-eabi/lib/thumb/v7e-m+fp/hard\libc.a(lib_a-fstatr.o)
                0x0800ba4c                _fstat_r
 .text._isatty_r
                0x0800ba78       0x24 y:/coen20/gcc/bin/../lib/gcc/arm-none-eabi/9.3.1/../../../../arm-none-eabi/lib/thumb/v7e-m+fp/hard\libc.a(lib_a-isattyr.o)
                0x0800ba78                _isatty_r
 .text.__locale_mb_cur_max
                0x0800ba9c        0xc y:/coen20/gcc/bin/../lib/gcc/arm-none-eabi/9.3.1/../../../../arm-none-eabi/lib/thumb/v7e-m+fp/hard\libc.a(lib_a-locale.o)
                0x0800ba9c                __locale_mb_cur_max
 .text._lseek_r
                0x0800baa8       0x2c y:/coen20/gcc/bin/../lib/gcc/arm-none-eabi/9.3.1/../../../../arm-none-eabi/lib/thumb/v7e-m+fp/hard\libc.a(lib_a-lseekr.o)
                0x0800baa8                _lseek_r
 .text.__ascii_mbtowc
                0x0800bad4       0x2c y:/coen20/gcc/bin/../lib/gcc/arm-none-eabi/9.3.1/../../../../arm-none-eabi/lib/thumb/v7e-m+fp/hard\libc.a(lib_a-mbtowc_r.o)
                0x0800bad4                __ascii_mbtowc
 .text._read_r  0x0800bb00       0x2c y:/coen20/gcc/bin/../lib/gcc/arm-none-eabi/9.3.1/../../../../arm-none-eabi/lib/thumb/v7e-m+fp/hard\libc.a(lib_a-readr.o)
                0x0800bb00                _read_r
 .text.__swbuf_r
                0x0800bb2c       0xb0 y:/coen20/gcc/bin/../lib/gcc/arm-none-eabi/9.3.1/../../../../arm-none-eabi/lib/thumb/v7e-m+fp/hard\libc.a(lib_a-wbuf.o)
                0x0800bb2c                __swbuf_r
 .text._wcrtomb_r
                0x0800bbdc       0x3c y:/coen20/gcc/bin/../lib/gcc/arm-none-eabi/9.3.1/../../../../arm-none-eabi/lib/thumb/v7e-m+fp/hard\libc.a(lib_a-wcrtomb.o)
                0x0800bbdc                _wcrtomb_r
 .text.__ascii_wctomb
                0x0800bc18       0x1c y:/coen20/gcc/bin/../lib/gcc/arm-none-eabi/9.3.1/../../../../arm-none-eabi/lib/thumb/v7e-m+fp/hard\libc.a(lib_a-wctomb_r.o)
                0x0800bc18                __ascii_wctomb
 .text.abort    0x0800bc34       0x10 y:/coen20/gcc/bin/../lib/gcc/arm-none-eabi/9.3.1/../../../../arm-none-eabi/lib/thumb/v7e-m+fp/hard\libc.a(lib_a-abort.o)
                0x0800bc34                abort
 .text._raise_r
                0x0800bc44       0x58 y:/coen20/gcc/bin/../lib/gcc/arm-none-eabi/9.3.1/../../../../arm-none-eabi/lib/thumb/v7e-m+fp/hard\libc.a(lib_a-signal.o)
                0x0800bc44                _raise_r
 .text.raise    0x0800bc9c       0x10 y:/coen20/gcc/bin/../lib/gcc/arm-none-eabi/9.3.1/../../../../arm-none-eabi/lib/thumb/v7e-m+fp/hard\libc.a(lib_a-signal.o)
                0x0800bc9c                raise
 .text._kill_r  0x0800bcac       0x2c y:/coen20/gcc/bin/../lib/gcc/arm-none-eabi/9.3.1/../../../../arm-none-eabi/lib/thumb/v7e-m+fp/hard\libc.a(lib_a-signalr.o)
                0x0800bcac                _kill_r
 .text._getpid_r
                0x0800bcd8        0x4 y:/coen20/gcc/bin/../lib/gcc/arm-none-eabi/9.3.1/../../../../arm-none-eabi/lib/thumb/v7e-m+fp/hard\libc.a(lib_a-signalr.o)
                0x0800bcd8                _getpid_r
 .text._sbrk    0x0800bcdc       0x1c y:/coen20/gcc/bin/../lib/gcc/arm-none-eabi/9.3.1/../../../../arm-none-eabi/lib/thumb/v7e-m+fp/hard\libnosys.a(sbrk.o)
                0x0800bcdc                _sbrk
 .text._exit    0x0800bcf8        0x4 y:/coen20/gcc/bin/../lib/gcc/arm-none-eabi/9.3.1/../../../../arm-none-eabi/lib/thumb/v7e-m+fp/hard\libnosys.a(_exit.o)
                0x0800bcf8                _exit
 .text          0x0800bcfc      0x378 y:/coen20/gcc/bin/../lib/gcc/arm-none-eabi/9.3.1/thumb/v7e-m+fp/hard\libgcc.a(_arm_addsubdf3.o)
                0x0800bcfc                __aeabi_drsub
                0x0800bd04                __aeabi_dsub
                0x0800bd04                __subdf3
                0x0800bd08                __aeabi_dadd
                0x0800bd08                __adddf3
                0x0800bf80                __floatunsidf
                0x0800bf80                __aeabi_ui2d
                0x0800bfa0                __floatsidf
                0x0800bfa0                __aeabi_i2d
                0x0800bfc4                __aeabi_f2d
                0x0800bfc4                __extendsfdf2
                0x0800c008                __floatundidf
                0x0800c008                __aeabi_ul2d
                0x0800c018                __floatdidf
                0x0800c018                __aeabi_l2d
 .text          0x0800c074      0x424 y:/coen20/gcc/bin/../lib/gcc/arm-none-eabi/9.3.1/thumb/v7e-m+fp/hard\libgcc.a(_arm_muldivdf3.o)
                0x0800c074                __aeabi_dmul
                0x0800c074                __muldf3
                0x0800c2c8                __divdf3
                0x0800c2c8                __aeabi_ddiv
 .text          0x0800c498      0x110 y:/coen20/gcc/bin/../lib/gcc/arm-none-eabi/9.3.1/thumb/v7e-m+fp/hard\libgcc.a(_arm_cmpdf2.o)
                0x0800c498                __gtdf2
                0x0800c498                __gedf2
                0x0800c4a0                __ltdf2
                0x0800c4a0                __ledf2
                0x0800c4a8                __nedf2
                0x0800c4a8                __eqdf2
                0x0800c4a8                __cmpdf2
                0x0800c524                __aeabi_cdrcmple
                0x0800c534                __aeabi_cdcmpeq
                0x0800c534                __aeabi_cdcmple
                0x0800c544                __aeabi_dcmpeq
                0x0800c558                __aeabi_dcmplt
                0x0800c56c                __aeabi_dcmple
                0x0800c580                __aeabi_dcmpge
                0x0800c594                __aeabi_dcmpgt
 .text          0x0800c5a8       0x2c y:/coen20/gcc/bin/../lib/gcc/arm-none-eabi/9.3.1/thumb/v7e-m+fp/hard\libgcc.a(_arm_unorddf2.o)
                0x0800c5a8                __unorddf2
                0x0800c5a8                __aeabi_dcmpun
 .text          0x0800c5d4       0x50 y:/coen20/gcc/bin/../lib/gcc/arm-none-eabi/9.3.1/thumb/v7e-m+fp/hard\libgcc.a(_arm_fixdfsi.o)
                0x0800c5d4                __aeabi_d2iz
                0x0800c5d4                __fixdfsi
 .text          0x0800c624      0x21c y:/coen20/gcc/bin/../lib/gcc/arm-none-eabi/9.3.1/thumb/v7e-m+fp/hard\libgcc.a(_arm_addsubsf3.o)
                0x0800c624                __aeabi_frsub
                0x0800c62c                __subsf3
                0x0800c62c                __aeabi_fsub
                0x0800c630                __aeabi_fadd
                0x0800c630                __addsf3
                0x0800c790                __aeabi_ui2f
                0x0800c790                __floatunsisf
                0x0800c798                __aeabi_i2f
                0x0800c798                __floatsisf
                0x0800c7b4                __aeabi_ul2f
                0x0800c7b4                __floatundisf
                0x0800c7c4                __aeabi_l2f
                0x0800c7c4                __floatdisf
 .text          0x0800c840       0x30 y:/coen20/gcc/bin/../lib/gcc/arm-none-eabi/9.3.1/thumb/v7e-m+fp/hard\libgcc.a(_aeabi_uldivmod.o)
                0x0800c840                __aeabi_uldivmod
 .text          0x0800c870      0x2c4 y:/coen20/gcc/bin/../lib/gcc/arm-none-eabi/9.3.1/thumb/v7e-m+fp/hard\libgcc.a(_udivmoddi4.o)
                0x0800c870                __udivmoddi4
 .text          0x0800cb34        0x4 y:/coen20/gcc/bin/../lib/gcc/arm-none-eabi/9.3.1/thumb/v7e-m+fp/hard\libgcc.a(_dvmd_tls.o)
                0x0800cb34                __aeabi_idiv0
                0x0800cb34                __aeabi_ldiv0
 *(.init)
 .init          0x0800cb38        0x4 y:/coen20/gcc/bin/../lib/gcc/arm-none-eabi/9.3.1/thumb/v7e-m+fp/hard/crti.o
                0x0800cb38                _init
 .init          0x0800cb3c        0x8 y:/coen20/gcc/bin/../lib/gcc/arm-none-eabi/9.3.1/thumb/v7e-m+fp/hard/crtn.o
 *(.fini)
 .fini          0x0800cb44        0x4 y:/coen20/gcc/bin/../lib/gcc/arm-none-eabi/9.3.1/thumb/v7e-m+fp/hard/crti.o
                0x0800cb44                _fini
 .fini          0x0800cb48        0x8 y:/coen20/gcc/bin/../lib/gcc/arm-none-eabi/9.3.1/thumb/v7e-m+fp/hard/crtn.o
 *crtbegin.o(.ctors)
 *crtbegin?.o(.ctors)
 *(EXCLUDE_FILE(*crtend.o *crtend?.o) .ctors)
 *(SORT_BY_NAME(.ctors.*))
 *(.ctors)
 *crtbegin.o(.dtors)
 *crtbegin?.o(.dtors)
 *(EXCLUDE_FILE(*crtend.o *crtend?.o) .dtors)
 *(SORT_BY_NAME(.dtors.*))
 *(.dtors)
 *(.rodata*)
 .rodata        0x0800cb50      0x173 obj/Lab8C-Main-c.o
 .rodata.DisplayHeader.str1.1
                0x0800ccc3       0x27 library.a(initialize.o)
 .rodata._write.str1.1
                0x0800ccea       0x27 library.a(initialize.o)
                                  0x1 (size before relaxing)
 .rodata.Font12_Table
                0x0800ccea      0x474 library.a(stm32f429i_discovery_lcd.o)
                0x0800ccea                Font12_Table
 .rodata.Font16_Table
                0x0800d15e      0xbe0 library.a(stm32f429i_discovery_lcd.o)
                0x0800d15e                Font16_Table
 .rodata.Font24_Table
                0x0800dd3e     0x1ab8 library.a(stm32f429i_discovery_lcd.o)
                0x0800dd3e                Font24_Table
 .rodata.CSWTCH.4
                0x0800f7f6        0x7 library.a(stm32f4xx_hal_ltdc.o)
 .rodata.APBAHBPrescTable
                0x0800f7fd       0x10 library.a(stm32f4xx_hal_rcc.o)
                0x0800f7fd                APBAHBPrescTable
 .rodata.SVC_Label.str1.1
                0x0800f80d        0xe library.a(svcHandler.o)
 .rodata.F32.str1.1
                0x0800f81b       0x20 library.a(svcHandler.o)
 .rodata.FlPtRegs.str1.1
                0x0800f83b       0x1a library.a(svcHandler.o)
 .rodata._MemManageHandler.str1.1
                0x0800f855       0x10 library.a(svcHandler.o)
 .rodata._BusFault_Handler.str1.1
                0x0800f865        0xb library.a(svcHandler.o)
 .rodata._HardFault_Handler.str1.1
                0x0800f870        0xc library.a(svcHandler.o)
 .rodata._UsageFault_Handler.str1.1
                0x0800f87c       0x76 library.a(svcHandler.o)
 .rodata.SVC_Exception.str1.1
                0x0800f8f2       0x15 library.a(svcHandler.o)
 .rodata.str1.1
                0x0800f907      0x11e library.a(svcHandler.o)
 *fill*         0x0800fa25        0x3 
 .rodata._global_impure_ptr
                0x0800fa28        0x4 y:/coen20/gcc/bin/../lib/gcc/arm-none-eabi/9.3.1/../../../../arm-none-eabi/lib/thumb/v7e-m+fp/hard\libc.a(lib_a-impure.o)
                0x0800fa28                _global_impure_ptr
 .rodata._puts_r.str1.4
                0x0800fa2c        0x2 y:/coen20/gcc/bin/../lib/gcc/arm-none-eabi/9.3.1/../../../../arm-none-eabi/lib/thumb/v7e-m+fp/hard\libc.a(lib_a-puts.o)
 *fill*         0x0800fa2e        0x2 
 .rodata._svfprintf_r.str1.4
                0x0800fa30       0x42 y:/coen20/gcc/bin/../lib/gcc/arm-none-eabi/9.3.1/../../../../arm-none-eabi/lib/thumb/v7e-m+fp/hard\libc.a(lib_a-svfprintf.o)
 *fill*         0x0800fa72        0x2 
 .rodata.blanks.8698
                0x0800fa74       0x10 y:/coen20/gcc/bin/../lib/gcc/arm-none-eabi/9.3.1/../../../../arm-none-eabi/lib/thumb/v7e-m+fp/hard\libc.a(lib_a-svfprintf.o)
 .rodata.zeroes.8699
                0x0800fa84       0x10 y:/coen20/gcc/bin/../lib/gcc/arm-none-eabi/9.3.1/../../../../arm-none-eabi/lib/thumb/v7e-m+fp/hard\libc.a(lib_a-svfprintf.o)
 .rodata._dtoa_r.str1.4
                0x0800fa94       0xa0 y:/coen20/gcc/bin/../lib/gcc/arm-none-eabi/9.3.1/../../../../arm-none-eabi/lib/thumb/v7e-m+fp/hard\libc.a(lib_a-dtoa.o)
                                 0xa4 (size before relaxing)
 .rodata.__multadd.str1.4
                0x0800fb34       0x7d y:/coen20/gcc/bin/../lib/gcc/arm-none-eabi/9.3.1/../../../../arm-none-eabi/lib/thumb/v7e-m+fp/hard\libc.a(lib_a-mprec.o)
                                 0x91 (size before relaxing)
 *fill*         0x0800fbb1        0x7 
 .rodata.__mprec_bigtens
                0x0800fbb8       0x28 y:/coen20/gcc/bin/../lib/gcc/arm-none-eabi/9.3.1/../../../../arm-none-eabi/lib/thumb/v7e-m+fp/hard\libc.a(lib_a-mprec.o)
                0x0800fbb8                __mprec_bigtens
 .rodata.__mprec_tens
                0x0800fbe0       0xc8 y:/coen20/gcc/bin/../lib/gcc/arm-none-eabi/9.3.1/../../../../arm-none-eabi/lib/thumb/v7e-m+fp/hard\libc.a(lib_a-mprec.o)
                0x0800fbe0                __mprec_tens
 .rodata.p05.7485
                0x0800fca8        0xc y:/coen20/gcc/bin/../lib/gcc/arm-none-eabi/9.3.1/../../../../arm-none-eabi/lib/thumb/v7e-m+fp/hard\libc.a(lib_a-mprec.o)
 .rodata._vfiprintf_r.str1.4
                0x0800fcb4       0x2f y:/coen20/gcc/bin/../lib/gcc/arm-none-eabi/9.3.1/../../../../arm-none-eabi/lib/thumb/v7e-m+fp/hard\libc.a(lib_a-vfiprintf.o)
 .rodata.blanks.8691
                0x0800fcb4       0x10 y:/coen20/gcc/bin/../lib/gcc/arm-none-eabi/9.3.1/../../../../arm-none-eabi/lib/thumb/v7e-m+fp/hard\libc.a(lib_a-vfiprintf.o)
 .rodata.zeroes.8692
                0x0800fcc4       0x10 y:/coen20/gcc/bin/../lib/gcc/arm-none-eabi/9.3.1/../../../../arm-none-eabi/lib/thumb/v7e-m+fp/hard\libc.a(lib_a-vfiprintf.o)
 .rodata.__assert_func.str1.4
                0x0800fcd4       0x3f y:/coen20/gcc/bin/../lib/gcc/arm-none-eabi/9.3.1/../../../../arm-none-eabi/lib/thumb/v7e-m+fp/hard\libc.a(lib_a-assert.o)
                                 0x43 (size before relaxing)
 *fill*         0x0800fd13        0x1 
 .rodata._setlocale_r.str1.4
                0x0800fd14        0xa y:/coen20/gcc/bin/../lib/gcc/arm-none-eabi/9.3.1/../../../../arm-none-eabi/lib/thumb/v7e-m+fp/hard\libc.a(lib_a-locale.o)
                                  0xd (size before relaxing)
 *fill*         0x0800fd1e        0x2 
 .rodata.str1.4
                0x0800fd20        0x2 y:/coen20/gcc/bin/../lib/gcc/arm-none-eabi/9.3.1/../../../../arm-none-eabi/lib/thumb/v7e-m+fp/hard\libc.a(lib_a-locale.o)
 *fill*         0x0800fd22        0x2 
 .rodata._ctype_
                0x0800fd24      0x101 y:/coen20/gcc/bin/../lib/gcc/arm-none-eabi/9.3.1/../../../../arm-none-eabi/lib/thumb/v7e-m+fp/hard\libc.a(lib_a-ctype_.o)
                0x0800fd24                _ctype_
 *(.eh_frame*)
 *fill*         0x0800fe25        0x3 
 .eh_frame      0x0800fe28        0x0 y:/coen20/gcc/bin/../lib/gcc/arm-none-eabi/9.3.1/thumb/v7e-m+fp/hard/crtbegin.o
 .eh_frame      0x0800fe28        0x4 y:/coen20/gcc/bin/../lib/gcc/arm-none-eabi/9.3.1/thumb/v7e-m+fp/hard/crtend.o

.glue_7         0x0800fe2c        0x0
 .glue_7        0x0800fe2c        0x0 linker stubs

.glue_7t        0x0800fe2c        0x0
 .glue_7t       0x0800fe2c        0x0 linker stubs

.vfp11_veneer   0x0800fe2c        0x0
 .vfp11_veneer  0x0800fe2c        0x0 linker stubs

.v4_bx          0x0800fe2c        0x0
 .v4_bx         0x0800fe2c        0x0 linker stubs

.iplt           0x0800fe2c        0x0
 .iplt          0x0800fe2c        0x0 y:/coen20/gcc/bin/../lib/gcc/arm-none-eabi/9.3.1/thumb/v7e-m+fp/hard/crtbegin.o

.ARM.extab
 *(.ARM.extab* .gnu.linkonce.armextab.*)
                0x0800fe2c                __exidx_start = .

.ARM.exidx      0x0800fe2c        0x8
 *(.ARM.exidx* .gnu.linkonce.armexidx.*)
 .ARM.exidx     0x0800fe2c        0x8 y:/coen20/gcc/bin/../lib/gcc/arm-none-eabi/9.3.1/../../../../arm-none-eabi/lib/thumb/v7e-m+fp/hard/crt0.o
                                 0x10 (size before relaxing)
 .ARM.exidx     0x0800fe34        0x0 y:/coen20/gcc/bin/../lib/gcc/arm-none-eabi/9.3.1/thumb/v7e-m+fp/hard\libgcc.a(_udivmoddi4.o)
                                  0x8 (size before relaxing)
                0x0800fe34                __exidx_end = .
                0x0800fe34                __etext = .

.rel.dyn        0x0800fe34        0x0
 .rel.iplt      0x0800fe34        0x0 y:/coen20/gcc/bin/../lib/gcc/arm-none-eabi/9.3.1/thumb/v7e-m+fp/hard/crtbegin.o

.data           0x20000000      0xca0 load address 0x0800fe34
                0x20000000                __data_start__ = .
 *(vtable)
 *(.data*)
 .data.bands    0x20000000       0x60 obj/Lab8C-Main-c.o
 .data.colors   0x20000060       0x10 obj/Lab8C-Main-c.o
 .data.digits   0x20000070       0x50 obj/Lab8C-Main-c.o
 .data.message.6809
                0x200000c0       0x2c obj/Lab8C-Main-c.o
 .data.percnt   0x200000ec       0x28 obj/Lab8C-Main-c.o
 .data.zeroes   0x20000114       0x50 obj/Lab8C-Main-c.o
 .data.BUTTON_PORT
                0x20000164        0x4 library.a(stm32f429i_discovery.o)
                0x20000164                BUTTON_PORT
 .data.I2cxTimeout
                0x20000168        0x4 library.a(stm32f429i_discovery.o)
                0x20000168                I2cxTimeout
 .data.SpixTimeout
                0x2000016c        0x4 library.a(stm32f429i_discovery.o)
                0x2000016c                SpixTimeout
 .data.Font12   0x20000170        0x8 library.a(stm32f429i_discovery_lcd.o)
                0x20000170                Font12
 .data.Font16   0x20000178        0x8 library.a(stm32f429i_discovery_lcd.o)
                0x20000178                Font16
 .data.Font24   0x20000180        0x8 library.a(stm32f429i_discovery_lcd.o)
                0x20000180                Font24
 .data.context.0
                0x20000188       0x20 library.a(svcHandler.o)
 .data.context.1
                0x200001a8       0x20 library.a(svcHandler.o)
 .data.context.3
                0x200001c8       0x20 library.a(svcHandler.o)
 .data.context.6
                0x200001e8       0x20 library.a(svcHandler.o)
 .data.lines.2  0x20000208       0x30 library.a(svcHandler.o)
 .data.lines.5  0x20000238       0x40 library.a(svcHandler.o)
 .data.SystemCoreClock
                0x20000278        0x4 library.a(system_stm32f4xx.o)
                0x20000278                SystemCoreClock
 .data.x        0x2000027c        0x4 library.a(touch.o)
 .data.y        0x20000280        0x4 library.a(touch.o)
 .data.ili9341_drv
                0x20000284       0x38 library.a(ili9341.o)
                0x20000284                ili9341_drv
 .data.stmpe811_ts_drv
                0x200002bc       0x28 library.a(stmpe811.o)
                0x200002bc                stmpe811_ts_drv
 .data._impure_ptr
                0x200002e4        0x4 y:/coen20/gcc/bin/../lib/gcc/arm-none-eabi/9.3.1/../../../../arm-none-eabi/lib/thumb/v7e-m+fp/hard\libc.a(lib_a-impure.o)
                0x200002e4                _impure_ptr
 .data.impure_data
                0x200002e8      0x428 y:/coen20/gcc/bin/../lib/gcc/arm-none-eabi/9.3.1/../../../../arm-none-eabi/lib/thumb/v7e-m+fp/hard\libc.a(lib_a-impure.o)
 .data.__atexit_recursive_mutex
                0x20000710        0x4 y:/coen20/gcc/bin/../lib/gcc/arm-none-eabi/9.3.1/../../../../arm-none-eabi/lib/thumb/v7e-m+fp/hard\libc.a(lib_a-__call_atexit.o)
                0x20000710                __atexit_recursive_mutex
 .data.__malloc_av_
                0x20000714      0x408 y:/coen20/gcc/bin/../lib/gcc/arm-none-eabi/9.3.1/../../../../arm-none-eabi/lib/thumb/v7e-m+fp/hard\libc.a(lib_a-mallocr.o)
                0x20000714                __malloc_av_
 .data.__malloc_sbrk_base
                0x20000b1c        0x4 y:/coen20/gcc/bin/../lib/gcc/arm-none-eabi/9.3.1/../../../../arm-none-eabi/lib/thumb/v7e-m+fp/hard\libc.a(lib_a-mallocr.o)
                0x20000b1c                __malloc_sbrk_base
 .data.__malloc_trim_threshold
                0x20000b20        0x4 y:/coen20/gcc/bin/../lib/gcc/arm-none-eabi/9.3.1/../../../../arm-none-eabi/lib/thumb/v7e-m+fp/hard\libc.a(lib_a-mallocr.o)
                0x20000b20                __malloc_trim_threshold
 .data.__global_locale
                0x20000b24      0x16c y:/coen20/gcc/bin/../lib/gcc/arm-none-eabi/9.3.1/../../../../arm-none-eabi/lib/thumb/v7e-m+fp/hard\libc.a(lib_a-locale.o)
                0x20000b24                __global_locale
                0x20000c90                . = ALIGN (0x4)
                0x20000c90                PROVIDE (__preinit_array_start = .)
 *(.preinit_array)
                0x20000c90                PROVIDE (__preinit_array_end = .)
                0x20000c90                . = ALIGN (0x4)
                0x20000c90                PROVIDE (__init_array_start = .)
 *(SORT_BY_NAME(.init_array.*))
 .init_array.00000
                0x20000c90        0x4 y:/coen20/gcc/bin/../lib/gcc/arm-none-eabi/9.3.1/../../../../arm-none-eabi/lib/thumb/v7e-m+fp/hard\libc.a(lib_a-__call_atexit.o)
 *(.init_array)
 .init_array    0x20000c94        0x4 y:/coen20/gcc/bin/../lib/gcc/arm-none-eabi/9.3.1/thumb/v7e-m+fp/hard/crtbegin.o
                0x20000c98                PROVIDE (__init_array_end = .)
                0x20000c98                . = ALIGN (0x8)
                0x20000c98                PROVIDE (__fini_array_start = .)
 *(SORT_BY_NAME(.fini_array.*))
 *(.fini_array)
 .fini_array    0x20000c98        0x4 y:/coen20/gcc/bin/../lib/gcc/arm-none-eabi/9.3.1/thumb/v7e-m+fp/hard/crtbegin.o
                0x20000c9c                PROVIDE (__fini_array_end = .)
                0x20000ca0                . = ALIGN (0x8)
 *fill*         0x20000c9c        0x4 
                0x20000ca0                __data_end__ = .

.igot.plt       0x20000ca0        0x0 load address 0x08010ad4
 .igot.plt      0x20000ca0        0x0 y:/coen20/gcc/bin/../lib/gcc/arm-none-eabi/9.3.1/thumb/v7e-m+fp/hard/crtbegin.o

.bss            0x20000ca0    0x1cbc0 load address 0x08010ad4
                0x20000ca0                __bss_start__ = .
 *(.bss*)
 .bss           0x20000ca0       0x1c y:/coen20/gcc/bin/../lib/gcc/arm-none-eabi/9.3.1/thumb/v7e-m+fp/hard/crtbegin.o
 .bss.__fixts__
                0x20000cbc        0x4 obj/Lab8C-Main-c.o
                0x20000cbc                __fixts__
 .bss.text.6757
                0x20000cc0       0x14 obj/Lab8C-Main-c.o
 .bss.buffer    0x20000cd4      0x620 library.a(initialize.o)
 .bss.txtCol    0x200012f4        0x4 library.a(initialize.o)
 .bss.txtRow    0x200012f8        0x4 library.a(initialize.o)
 .bss.I2cHandle
                0x200012fc       0x3c library.a(stm32f429i_discovery.o)
                0x200012fc                I2cHandle
 .bss.Is_LCD_IO_Initialized
                0x20001338        0x1 library.a(stm32f429i_discovery.o)
 *fill*         0x20001339        0x3 
 .bss.SpiHandle
                0x2000133c       0x58 library.a(stm32f429i_discovery.o)
 .bss.ActiveLayer
                0x20001394        0x4 library.a(stm32f429i_discovery_lcd.o)
 .bss.Dma2dHandler
                0x20001398       0x40 library.a(stm32f429i_discovery_lcd.o)
 .bss.DrawProp  0x200013d8       0x18 library.a(stm32f429i_discovery_lcd.o)
 .bss.LcdDrv    0x200013f0        0x4 library.a(stm32f429i_discovery_lcd.o)
                0x200013f0                LcdDrv
 .bss.LtdcHandler
                0x200013f4       0xa8 library.a(stm32f429i_discovery_lcd.o)
 .bss.PeriphClkInitStruct
                0x2000149c       0x30 library.a(stm32f429i_discovery_lcd.o)
 .bss.Command   0x200014cc       0x10 library.a(stm32f429i_discovery_sdram.o)
 .bss.SdramHandle
                0x200014dc       0x34 library.a(stm32f429i_discovery_sdram.o)
 .bss.Timing    0x20001510       0x1c library.a(stm32f429i_discovery_sdram.o)
 .bss.dmaHandle.0
                0x2000152c       0x50 library.a(stm32f429i_discovery_sdram.o)
 .bss.uwTick    0x2000157c        0x4 library.a(stm32f4xx_hal.o)
 .bss.rgb       0x20001580    0x1c200 library.a(svcHandler.o)
                0x20001580                rgb
 .bss.text.4    0x2001d780       0x64 library.a(svcHandler.o)
 .bss.TsDrv     0x2001d7e4        0x4 library.a(stm32f429i_discovery_ts.o)
 .bss.TsXBoundary
                0x2001d7e8        0x2 library.a(stm32f429i_discovery_ts.o)
 .bss.TsYBoundary
                0x2001d7ea        0x2 library.a(stm32f429i_discovery_ts.o)
 .bss._x.1      0x2001d7ec        0x4 library.a(stm32f429i_discovery_ts.o)
 .bss._y.0      0x2001d7f0        0x4 library.a(stm32f429i_discovery_ts.o)
 .bss.checked.3
                0x2001d7f4        0x4 library.a(stm32f429i_discovery_ts.o)
 .bss.reversed.2
                0x2001d7f8        0x4 library.a(stm32f429i_discovery_ts.o)
 .bss.stmpe811  0x2001d7fc        0x2 library.a(stmpe811.o)
                0x2001d7fc                stmpe811
 *fill*         0x2001d7fe        0x2 
 .bss.__malloc_current_mallinfo
                0x2001d800       0x28 y:/coen20/gcc/bin/../lib/gcc/arm-none-eabi/9.3.1/../../../../arm-none-eabi/lib/thumb/v7e-m+fp/hard\libc.a(lib_a-mallocr.o)
                0x2001d800                __malloc_current_mallinfo
 .bss.__malloc_max_sbrked_mem
                0x2001d828        0x4 y:/coen20/gcc/bin/../lib/gcc/arm-none-eabi/9.3.1/../../../../arm-none-eabi/lib/thumb/v7e-m+fp/hard\libc.a(lib_a-mallocr.o)
                0x2001d828                __malloc_max_sbrked_mem
 .bss.__malloc_max_total_mem
                0x2001d82c        0x4 y:/coen20/gcc/bin/../lib/gcc/arm-none-eabi/9.3.1/../../../../arm-none-eabi/lib/thumb/v7e-m+fp/hard\libc.a(lib_a-mallocr.o)
                0x2001d82c                __malloc_max_total_mem
 .bss.__malloc_top_pad
                0x2001d830        0x4 y:/coen20/gcc/bin/../lib/gcc/arm-none-eabi/9.3.1/../../../../arm-none-eabi/lib/thumb/v7e-m+fp/hard\libc.a(lib_a-mallocr.o)
                0x2001d830                __malloc_top_pad
 .bss.heap_end.5507
                0x2001d834        0x4 y:/coen20/gcc/bin/../lib/gcc/arm-none-eabi/9.3.1/../../../../arm-none-eabi/lib/thumb/v7e-m+fp/hard\libnosys.a(sbrk.o)
 *(COMMON)
 COMMON         0x2001d838       0x21 y:/coen20/gcc/bin/../lib/gcc/arm-none-eabi/9.3.1/../../../../arm-none-eabi/lib/thumb/v7e-m+fp/hard\libc.a(lib_a-lock.o)
                0x2001d838                __lock___atexit_recursive_mutex
                0x2001d83c                __lock___arc4random_mutex
                0x2001d840                __lock___env_recursive_mutex
                0x2001d844                __lock___sinit_recursive_mutex
                0x2001d848                __lock___malloc_recursive_mutex
                0x2001d84c                __lock___at_quick_exit_mutex
                0x2001d850                __lock___dd_hash_mutex
                0x2001d854                __lock___tz_mutex
                0x2001d858                __lock___sfp_recursive_mutex
 *fill*         0x2001d859        0x3 
 COMMON         0x2001d85c        0x4 y:/coen20/gcc/bin/../lib/gcc/arm-none-eabi/9.3.1/../../../../arm-none-eabi/lib/thumb/v7e-m+fp/hard\libc.a(lib_a-reent.o)
                0x2001d85c                errno
                0x2001d860                __bss_end__ = .

.ccm            0x10000000        0x0
                0x10000000                . = ALIGN (0x4)
                0x10000000                __ccm_start__ = .
 *(.ccm*)
                0x10000000                . = ALIGN (0x4)
                0x10000000                __ccm_end__ = .

.heap           0x10000000      0xc00
                0x10000000                __end__ = .
                0x10000000                end = __end__
 *(.heap*)
 .heap          0x10000000      0xc00 library.a(startup_stm32f429xx.o)
                0x10000000                __HeapBase
                0x10000c00                __HeapLimit = .

.stack_dummy    0x10000000     0x1000
 *(.stack)
 .stack         0x10000000     0x1000 library.a(startup_stm32f429xx.o)
                0x10010000                __StackTop = (ORIGIN (CCM) + LENGTH (CCM))
                0x1000f000                __StackLimit = (__StackTop - SIZEOF (.stack_dummy))
                0x10010000                PROVIDE (__stack = __StackTop)
                0x00000001                ASSERT ((__StackLimit >= __HeapLimit), region CCM overflowed with stack)
OUTPUT(output.elf elf32-littlearm)
LOAD linker stubs

.ARM.attributes
                0x00000000       0x30
 .ARM.attributes
                0x00000000       0x1e y:/coen20/gcc/bin/../lib/gcc/arm-none-eabi/9.3.1/thumb/v7e-m+fp/hard/crti.o
 .ARM.attributes
                0x0000001e       0x34 y:/coen20/gcc/bin/../lib/gcc/arm-none-eabi/9.3.1/thumb/v7e-m+fp/hard/crtbegin.o
 .ARM.attributes
                0x00000052       0x1c y:/coen20/gcc/bin/../lib/gcc/arm-none-eabi/9.3.1/../../../../arm-none-eabi/lib/thumb/v7e-m+fp/hard/crt0.o
 .ARM.attributes
                0x0000006e       0x34 obj/Lab8C-Main-c.o
 .ARM.attributes
                0x000000a2       0x25 obj/Lab8C-Resistors-s.o
 .ARM.attributes
                0x000000c7       0x34 library.a(initialize.o)
 .ARM.attributes
                0x000000fb       0x34 library.a(stm32f429i_discovery.o)
 .ARM.attributes
                0x0000012f       0x34 library.a(stm32f429i_discovery_lcd.o)
 .ARM.attributes
                0x00000163       0x34 library.a(stm32f429i_discovery_sdram.o)
 .ARM.attributes
                0x00000197       0x34 library.a(stm32f4xx_hal.o)
 .ARM.attributes
                0x000001cb       0x34 library.a(stm32f4xx_hal_cortex.o)
 .ARM.attributes
                0x000001ff       0x34 library.a(stm32f4xx_hal_dma.o)
 .ARM.attributes
                0x00000233       0x34 library.a(stm32f4xx_hal_dma2d.o)
 .ARM.attributes
                0x00000267       0x34 library.a(stm32f4xx_hal_gpio.o)
 .ARM.attributes
                0x0000029b       0x34 library.a(stm32f4xx_hal_i2c.o)
 .ARM.attributes
                0x000002cf       0x34 library.a(stm32f4xx_hal_ltdc.o)
 .ARM.attributes
                0x00000303       0x34 library.a(stm32f4xx_hal_rcc.o)
 .ARM.attributes
                0x00000337       0x34 library.a(stm32f4xx_hal_rcc_ex.o)
 .ARM.attributes
                0x0000036b       0x34 library.a(stm32f4xx_hal_sdram.o)
 .ARM.attributes
                0x0000039f       0x34 library.a(stm32f4xx_hal_spi.o)
 .ARM.attributes
                0x000003d3       0x34 library.a(stm32f4xx_it.o)
 .ARM.attributes
                0x00000407       0x34 library.a(stm32f4xx_ll_fmc.o)
 .ARM.attributes
                0x0000043b       0x34 library.a(svcHandler.o)
 .ARM.attributes
                0x0000046f       0x34 library.a(system_stm32f4xx.o)
 .ARM.attributes
                0x000004a3       0x34 library.a(touch.o)
 .ARM.attributes
                0x000004d7       0x1f library.a(startup_stm32f429xx.o)
 .ARM.attributes
                0x000004f6       0x34 library.a(ili9341.o)
 .ARM.attributes
                0x0000052a       0x34 library.a(stm32f429i_discovery_ts.o)
 .ARM.attributes
                0x0000055e       0x34 library.a(stmpe811.o)
 .ARM.attributes
                0x00000592       0x34 y:/coen20/gcc/bin/../lib/gcc/arm-none-eabi/9.3.1/../../../../arm-none-eabi/lib/thumb/v7e-m+fp/hard\libc.a(lib_a-exit.o)
 .ARM.attributes
                0x000005c6       0x32 y:/coen20/gcc/bin/../lib/gcc/arm-none-eabi/9.3.1/../../../../arm-none-eabi/lib/thumb/v7e-m+fp/hard\libc.a(lib_a-impure.o)
 .ARM.attributes
                0x000005f8       0x34 y:/coen20/gcc/bin/../lib/gcc/arm-none-eabi/9.3.1/../../../../arm-none-eabi/lib/thumb/v7e-m+fp/hard\libc.a(lib_a-init.o)
 .ARM.attributes
                0x0000062c       0x1c y:/coen20/gcc/bin/../lib/gcc/arm-none-eabi/9.3.1/../../../../arm-none-eabi/lib/thumb/v7e-m+fp/hard\libc.a(lib_a-memcpy.o)
 .ARM.attributes
                0x00000648       0x34 y:/coen20/gcc/bin/../lib/gcc/arm-none-eabi/9.3.1/../../../../arm-none-eabi/lib/thumb/v7e-m+fp/hard\libc.a(lib_a-memset.o)
 .ARM.attributes
                0x0000067c       0x34 y:/coen20/gcc/bin/../lib/gcc/arm-none-eabi/9.3.1/../../../../arm-none-eabi/lib/thumb/v7e-m+fp/hard\libc.a(lib_a-puts.o)
 .ARM.attributes
                0x000006b0       0x34 y:/coen20/gcc/bin/../lib/gcc/arm-none-eabi/9.3.1/../../../../arm-none-eabi/lib/thumb/v7e-m+fp/hard\libc.a(lib_a-sprintf.o)
 .ARM.attributes
                0x000006e4       0x34 y:/coen20/gcc/bin/../lib/gcc/arm-none-eabi/9.3.1/../../../../arm-none-eabi/lib/thumb/v7e-m+fp/hard\libc.a(lib_a-strcpy.o)
 .ARM.attributes
                0x00000718       0x1c y:/coen20/gcc/bin/../lib/gcc/arm-none-eabi/9.3.1/../../../../arm-none-eabi/lib/thumb/v7e-m+fp/hard\libc.a(lib_a-strlen.o)
 .ARM.attributes
                0x00000734       0x34 y:/coen20/gcc/bin/../lib/gcc/arm-none-eabi/9.3.1/../../../../arm-none-eabi/lib/thumb/v7e-m+fp/hard\libc.a(lib_a-svfprintf.o)
 .ARM.attributes
                0x00000768       0x34 y:/coen20/gcc/bin/../lib/gcc/arm-none-eabi/9.3.1/../../../../arm-none-eabi/lib/thumb/v7e-m+fp/hard\libc.a(lib_a-wsetup.o)
 .ARM.attributes
                0x0000079c       0x34 y:/coen20/gcc/bin/../lib/gcc/arm-none-eabi/9.3.1/../../../../arm-none-eabi/lib/thumb/v7e-m+fp/hard\libc.a(lib_a-__call_atexit.o)
 .ARM.attributes
                0x000007d0       0x34 y:/coen20/gcc/bin/../lib/gcc/arm-none-eabi/9.3.1/../../../../arm-none-eabi/lib/thumb/v7e-m+fp/hard\libc.a(lib_a-atexit.o)
 .ARM.attributes
                0x00000804       0x34 y:/coen20/gcc/bin/../lib/gcc/arm-none-eabi/9.3.1/../../../../arm-none-eabi/lib/thumb/v7e-m+fp/hard\libc.a(lib_a-dtoa.o)
 .ARM.attributes
                0x00000838       0x34 y:/coen20/gcc/bin/../lib/gcc/arm-none-eabi/9.3.1/../../../../arm-none-eabi/lib/thumb/v7e-m+fp/hard\libc.a(lib_a-fflush.o)
 .ARM.attributes
                0x0000086c       0x34 y:/coen20/gcc/bin/../lib/gcc/arm-none-eabi/9.3.1/../../../../arm-none-eabi/lib/thumb/v7e-m+fp/hard\libc.a(lib_a-findfp.o)
 .ARM.attributes
                0x000008a0       0x34 y:/coen20/gcc/bin/../lib/gcc/arm-none-eabi/9.3.1/../../../../arm-none-eabi/lib/thumb/v7e-m+fp/hard\libc.a(lib_a-fini.o)
 .ARM.attributes
                0x000008d4       0x34 y:/coen20/gcc/bin/../lib/gcc/arm-none-eabi/9.3.1/../../../../arm-none-eabi/lib/thumb/v7e-m+fp/hard\libc.a(lib_a-freer.o)
 .ARM.attributes
                0x00000908       0x34 y:/coen20/gcc/bin/../lib/gcc/arm-none-eabi/9.3.1/../../../../arm-none-eabi/lib/thumb/v7e-m+fp/hard\libc.a(lib_a-fvwrite.o)
 .ARM.attributes
                0x0000093c       0x34 y:/coen20/gcc/bin/../lib/gcc/arm-none-eabi/9.3.1/../../../../arm-none-eabi/lib/thumb/v7e-m+fp/hard\libc.a(lib_a-fwalk.o)
 .ARM.attributes
                0x00000970       0x34 y:/coen20/gcc/bin/../lib/gcc/arm-none-eabi/9.3.1/../../../../arm-none-eabi/lib/thumb/v7e-m+fp/hard\libc.a(lib_a-localeconv.o)
 .ARM.attributes
                0x000009a4       0x34 y:/coen20/gcc/bin/../lib/gcc/arm-none-eabi/9.3.1/../../../../arm-none-eabi/lib/thumb/v7e-m+fp/hard\libc.a(lib_a-lock.o)
 .ARM.attributes
                0x000009d8       0x34 y:/coen20/gcc/bin/../lib/gcc/arm-none-eabi/9.3.1/../../../../arm-none-eabi/lib/thumb/v7e-m+fp/hard\libc.a(lib_a-makebuf.o)
 .ARM.attributes
                0x00000a0c       0x34 y:/coen20/gcc/bin/../lib/gcc/arm-none-eabi/9.3.1/../../../../arm-none-eabi/lib/thumb/v7e-m+fp/hard\libc.a(lib_a-mallocr.o)
 .ARM.attributes
                0x00000a40       0x1c y:/coen20/gcc/bin/../lib/gcc/arm-none-eabi/9.3.1/../../../../arm-none-eabi/lib/thumb/v7e-m+fp/hard\libc.a(lib_a-memchr.o)
 .ARM.attributes
                0x00000a5c       0x34 y:/coen20/gcc/bin/../lib/gcc/arm-none-eabi/9.3.1/../../../../arm-none-eabi/lib/thumb/v7e-m+fp/hard\libc.a(lib_a-memmove.o)
 .ARM.attributes
                0x00000a90       0x34 y:/coen20/gcc/bin/../lib/gcc/arm-none-eabi/9.3.1/../../../../arm-none-eabi/lib/thumb/v7e-m+fp/hard\libc.a(lib_a-mlock.o)
 .ARM.attributes
                0x00000ac4       0x34 y:/coen20/gcc/bin/../lib/gcc/arm-none-eabi/9.3.1/../../../../arm-none-eabi/lib/thumb/v7e-m+fp/hard\libc.a(lib_a-mprec.o)
 .ARM.attributes
                0x00000af8       0x34 y:/coen20/gcc/bin/../lib/gcc/arm-none-eabi/9.3.1/../../../../arm-none-eabi/lib/thumb/v7e-m+fp/hard\libc.a(lib_a-reallocr.o)
 .ARM.attributes
                0x00000b2c       0x34 y:/coen20/gcc/bin/../lib/gcc/arm-none-eabi/9.3.1/../../../../arm-none-eabi/lib/thumb/v7e-m+fp/hard\libc.a(lib_a-s_frexp.o)
 .ARM.attributes
                0x00000b60       0x34 y:/coen20/gcc/bin/../lib/gcc/arm-none-eabi/9.3.1/../../../../arm-none-eabi/lib/thumb/v7e-m+fp/hard\libc.a(lib_a-sbrkr.o)
 .ARM.attributes
                0x00000b94       0x34 y:/coen20/gcc/bin/../lib/gcc/arm-none-eabi/9.3.1/../../../../arm-none-eabi/lib/thumb/v7e-m+fp/hard\libc.a(lib_a-stdio.o)
 .ARM.attributes
                0x00000bc8       0x34 y:/coen20/gcc/bin/../lib/gcc/arm-none-eabi/9.3.1/../../../../arm-none-eabi/lib/thumb/v7e-m+fp/hard\libc.a(lib_a-strncpy.o)
 .ARM.attributes
                0x00000bfc       0x34 y:/coen20/gcc/bin/../lib/gcc/arm-none-eabi/9.3.1/../../../../arm-none-eabi/lib/thumb/v7e-m+fp/hard\libc.a(lib_a-svfiprintf.o)
 .ARM.attributes
                0x00000c30       0x34 y:/coen20/gcc/bin/../lib/gcc/arm-none-eabi/9.3.1/../../../../arm-none-eabi/lib/thumb/v7e-m+fp/hard\libc.a(lib_a-vfiprintf.o)
 .ARM.attributes
                0x00000c64       0x34 y:/coen20/gcc/bin/../lib/gcc/arm-none-eabi/9.3.1/../../../../arm-none-eabi/lib/thumb/v7e-m+fp/hard\libc.a(lib_a-writer.o)
 .ARM.attributes
                0x00000c98       0x34 y:/coen20/gcc/bin/../lib/gcc/arm-none-eabi/9.3.1/../../../../arm-none-eabi/lib/thumb/v7e-m+fp/hard\libc.a(lib_a-__atexit.o)
 .ARM.attributes
                0x00000ccc       0x34 y:/coen20/gcc/bin/../lib/gcc/arm-none-eabi/9.3.1/../../../../arm-none-eabi/lib/thumb/v7e-m+fp/hard\libc.a(lib_a-assert.o)
 .ARM.attributes
                0x00000d00       0x34 y:/coen20/gcc/bin/../lib/gcc/arm-none-eabi/9.3.1/../../../../arm-none-eabi/lib/thumb/v7e-m+fp/hard\libc.a(lib_a-callocr.o)
 .ARM.attributes
                0x00000d34       0x34 y:/coen20/gcc/bin/../lib/gcc/arm-none-eabi/9.3.1/../../../../arm-none-eabi/lib/thumb/v7e-m+fp/hard\libc.a(lib_a-closer.o)
 .ARM.attributes
                0x00000d68       0x34 y:/coen20/gcc/bin/../lib/gcc/arm-none-eabi/9.3.1/../../../../arm-none-eabi/lib/thumb/v7e-m+fp/hard\libc.a(lib_a-fclose.o)
 .ARM.attributes
                0x00000d9c       0x34 y:/coen20/gcc/bin/../lib/gcc/arm-none-eabi/9.3.1/../../../../arm-none-eabi/lib/thumb/v7e-m+fp/hard\libc.a(lib_a-fiprintf.o)
 .ARM.attributes
                0x00000dd0       0x34 y:/coen20/gcc/bin/../lib/gcc/arm-none-eabi/9.3.1/../../../../arm-none-eabi/lib/thumb/v7e-m+fp/hard\libc.a(lib_a-fputwc.o)
 .ARM.attributes
                0x00000e04       0x34 y:/coen20/gcc/bin/../lib/gcc/arm-none-eabi/9.3.1/../../../../arm-none-eabi/lib/thumb/v7e-m+fp/hard\libc.a(lib_a-fstatr.o)
 .ARM.attributes
                0x00000e38       0x34 y:/coen20/gcc/bin/../lib/gcc/arm-none-eabi/9.3.1/../../../../arm-none-eabi/lib/thumb/v7e-m+fp/hard\libc.a(lib_a-isattyr.o)
 .ARM.attributes
                0x00000e6c       0x34 y:/coen20/gcc/bin/../lib/gcc/arm-none-eabi/9.3.1/../../../../arm-none-eabi/lib/thumb/v7e-m+fp/hard\libc.a(lib_a-locale.o)
 .ARM.attributes
                0x00000ea0       0x34 y:/coen20/gcc/bin/../lib/gcc/arm-none-eabi/9.3.1/../../../../arm-none-eabi/lib/thumb/v7e-m+fp/hard\libc.a(lib_a-lseekr.o)
 .ARM.attributes
                0x00000ed4       0x34 y:/coen20/gcc/bin/../lib/gcc/arm-none-eabi/9.3.1/../../../../arm-none-eabi/lib/thumb/v7e-m+fp/hard\libc.a(lib_a-mbtowc_r.o)
 .ARM.attributes
                0x00000f08       0x34 y:/coen20/gcc/bin/../lib/gcc/arm-none-eabi/9.3.1/../../../../arm-none-eabi/lib/thumb/v7e-m+fp/hard\libc.a(lib_a-readr.o)
 .ARM.attributes
                0x00000f3c       0x34 y:/coen20/gcc/bin/../lib/gcc/arm-none-eabi/9.3.1/../../../../arm-none-eabi/lib/thumb/v7e-m+fp/hard\libc.a(lib_a-reent.o)
 .ARM.attributes
                0x00000f70       0x34 y:/coen20/gcc/bin/../lib/gcc/arm-none-eabi/9.3.1/../../../../arm-none-eabi/lib/thumb/v7e-m+fp/hard\libc.a(lib_a-wbuf.o)
 .ARM.attributes
                0x00000fa4       0x34 y:/coen20/gcc/bin/../lib/gcc/arm-none-eabi/9.3.1/../../../../arm-none-eabi/lib/thumb/v7e-m+fp/hard\libc.a(lib_a-wcrtomb.o)
 .ARM.attributes
                0x00000fd8       0x34 y:/coen20/gcc/bin/../lib/gcc/arm-none-eabi/9.3.1/../../../../arm-none-eabi/lib/thumb/v7e-m+fp/hard\libc.a(lib_a-wctomb_r.o)
 .ARM.attributes
                0x0000100c       0x34 y:/coen20/gcc/bin/../lib/gcc/arm-none-eabi/9.3.1/../../../../arm-none-eabi/lib/thumb/v7e-m+fp/hard\libc.a(lib_a-abort.o)
 .ARM.attributes
                0x00001040       0x32 y:/coen20/gcc/bin/../lib/gcc/arm-none-eabi/9.3.1/../../../../arm-none-eabi/lib/thumb/v7e-m+fp/hard\libc.a(lib_a-ctype_.o)
 .ARM.attributes
                0x00001072       0x34 y:/coen20/gcc/bin/../lib/gcc/arm-none-eabi/9.3.1/../../../../arm-none-eabi/lib/thumb/v7e-m+fp/hard\libc.a(lib_a-signal.o)
 .ARM.attributes
                0x000010a6       0x34 y:/coen20/gcc/bin/../lib/gcc/arm-none-eabi/9.3.1/../../../../arm-none-eabi/lib/thumb/v7e-m+fp/hard\libc.a(lib_a-signalr.o)
 .ARM.attributes
                0x000010da       0x34 y:/coen20/gcc/bin/../lib/gcc/arm-none-eabi/9.3.1/../../../../arm-none-eabi/lib/thumb/v7e-m+fp/hard\libnosys.a(sbrk.o)
 .ARM.attributes
                0x0000110e       0x34 y:/coen20/gcc/bin/../lib/gcc/arm-none-eabi/9.3.1/../../../../arm-none-eabi/lib/thumb/v7e-m+fp/hard\libnosys.a(_exit.o)
 .ARM.attributes
                0x00001142       0x1e y:/coen20/gcc/bin/../lib/gcc/arm-none-eabi/9.3.1/thumb/v7e-m+fp/hard\libgcc.a(_arm_addsubdf3.o)
 .ARM.attributes
                0x00001160       0x1e y:/coen20/gcc/bin/../lib/gcc/arm-none-eabi/9.3.1/thumb/v7e-m+fp/hard\libgcc.a(_arm_muldivdf3.o)
 .ARM.attributes
                0x0000117e       0x1e y:/coen20/gcc/bin/../lib/gcc/arm-none-eabi/9.3.1/thumb/v7e-m+fp/hard\libgcc.a(_arm_cmpdf2.o)
 .ARM.attributes
                0x0000119c       0x1e y:/coen20/gcc/bin/../lib/gcc/arm-none-eabi/9.3.1/thumb/v7e-m+fp/hard\libgcc.a(_arm_unorddf2.o)
 .ARM.attributes
                0x000011ba       0x1e y:/coen20/gcc/bin/../lib/gcc/arm-none-eabi/9.3.1/thumb/v7e-m+fp/hard\libgcc.a(_arm_fixdfsi.o)
 .ARM.attributes
                0x000011d8       0x1e y:/coen20/gcc/bin/../lib/gcc/arm-none-eabi/9.3.1/thumb/v7e-m+fp/hard\libgcc.a(_arm_addsubsf3.o)
 .ARM.attributes
                0x000011f6       0x1e y:/coen20/gcc/bin/../lib/gcc/arm-none-eabi/9.3.1/thumb/v7e-m+fp/hard\libgcc.a(_aeabi_uldivmod.o)
 .ARM.attributes
                0x00001214       0x34 y:/coen20/gcc/bin/../lib/gcc/arm-none-eabi/9.3.1/thumb/v7e-m+fp/hard\libgcc.a(_udivmoddi4.o)
 .ARM.attributes
                0x00001248       0x1e y:/coen20/gcc/bin/../lib/gcc/arm-none-eabi/9.3.1/thumb/v7e-m+fp/hard\libgcc.a(_dvmd_tls.o)
 .ARM.attributes
                0x00001266       0x32 y:/coen20/gcc/bin/../lib/gcc/arm-none-eabi/9.3.1/thumb/v7e-m+fp/hard/crtend.o
 .ARM.attributes
                0x00001298       0x1e y:/coen20/gcc/bin/../lib/gcc/arm-none-eabi/9.3.1/thumb/v7e-m+fp/hard/crtn.o

.comment        0x00000000       0x7f
 .comment       0x00000000       0x4c obj/Lab8C-Main-c.o
                                 0x4d (size before relaxing)
 .comment       0x0000004c       0x33 library.a(initialize.o)
                                 0x34 (size before relaxing)
 .comment       0x0000007f       0x34 library.a(stm32f429i_discovery.o)
 .comment       0x0000007f       0x34 library.a(stm32f429i_discovery_lcd.o)
 .comment       0x0000007f       0x34 library.a(stm32f429i_discovery_sdram.o)
 .comment       0x0000007f       0x34 library.a(stm32f4xx_hal.o)
 .comment       0x0000007f       0x34 library.a(stm32f4xx_hal_cortex.o)
 .comment       0x0000007f       0x34 library.a(stm32f4xx_hal_dma.o)
 .comment       0x0000007f       0x34 library.a(stm32f4xx_hal_dma2d.o)
 .comment       0x0000007f       0x34 library.a(stm32f4xx_hal_gpio.o)
 .comment       0x0000007f       0x34 library.a(stm32f4xx_hal_i2c.o)
 .comment       0x0000007f       0x34 library.a(stm32f4xx_hal_ltdc.o)
 .comment       0x0000007f       0x34 library.a(stm32f4xx_hal_rcc.o)
 .comment       0x0000007f       0x34 library.a(stm32f4xx_hal_rcc_ex.o)
 .comment       0x0000007f       0x34 library.a(stm32f4xx_hal_sdram.o)
 .comment       0x0000007f       0x34 library.a(stm32f4xx_hal_spi.o)
 .comment       0x0000007f       0x34 library.a(stm32f4xx_it.o)
 .comment       0x0000007f       0x34 library.a(stm32f4xx_ll_fmc.o)
 .comment       0x0000007f       0x34 library.a(svcHandler.o)