Archive member included to satisfy reference by file (symbol)

library.a(initialize.o)       obj/Lab9C-Main-c.o (ClearDisplay)
library.a(stm32f429i_discovery.o)
                              library.a(initialize.o) (BSP_PB_Init)
library.a(stm32f429i_discovery_lcd.o)
                              library.a(initialize.o) (BSP_LCD_LayerDefaultInit)
library.a(stm32f429i_discovery_sdram.o)
                              library.a(stm32f429i_discovery_lcd.o) (BSP_SDRAM_Init)
library.a(stm32f4xx_hal.o)    library.a(initialize.o) (HAL_Init)
library.a(stm32f4xx_hal_cortex.o)
                              library.a(stm32f4xx_hal.o) (HAL_NVIC_SetPriorityGrouping)
library.a(stm32f4xx_hal_dma.o)
                              library.a(stm32f429i_discovery_sdram.o) (HAL_DMA_Init)
library.a(stm32f4xx_hal_dma2d.o)
                              library.a(stm32f429i_discovery_lcd.o) (HAL_DMA2D_Init)
library.a(stm32f4xx_hal_gpio.o)
                              library.a(stm32f429i_discovery.o) (HAL_GPIO_Init)
library.a(stm32f4xx_hal_i2c.o)
                              library.a(stm32f429i_discovery.o) (HAL_I2C_Init)
library.a(stm32f4xx_hal_ltdc.o)
                              library.a(stm32f429i_discovery_lcd.o) (HAL_LTDC_Init)
library.a(stm32f4xx_hal_rcc.o)
                              library.a(initialize.o) (HAL_RCC_OscConfig)
library.a(stm32f4xx_hal_rcc_ex.o)
                              library.a(stm32f429i_discovery_lcd.o) (HAL_RCCEx_PeriphCLKConfig)
library.a(stm32f4xx_hal_sdram.o)
                              library.a(stm32f429i_discovery_sdram.o) (HAL_SDRAM_Init)
library.a(stm32f4xx_hal_spi.o)
                              library.a(stm32f429i_discovery.o) (HAL_SPI_Init)
library.a(stm32f4xx_it.o)     library.a(initialize.o) (IncludeThis)
library.a(stm32f4xx_ll_fmc.o)
                              library.a(stm32f4xx_hal_sdram.o) (FMC_SDRAM_Init)
library.a(svcHandler.o)       library.a(stm32f4xx_it.o) (SVC_Exception)
library.a(system_stm32f4xx.o)
                              library.a(stm32f4xx_hal_rcc.o) (SystemCoreClock)
library.a(touch.o)            obj/Lab9C-Main-c.o (TS_Init)
library.a(startup_stm32f429xx.o)
                              library.a(initialize.o) (Reset_Handler)
library.a(ili9341.o)          library.a(stm32f429i_discovery_lcd.o) (ili9341_drv)
library.a(stm32f429i_discovery_ts.o)
                              library.a(touch.o) (BSP_TS_Init)
library.a(stmpe811.o)         library.a(stm32f429i_discovery_ts.o) (stmpe811_ts_drv)
y:/coen20/gcc/bin/../lib/gcc/arm-none-eabi/9.3.1/../../../../arm-none-eabi/lib/thumb/v7e-m+fp/hard\libm.a(lib_a-s_floor.o)
                              obj/Lab9C-Main-c.o (floor)
y:/coen20/gcc/bin/../lib/gcc/arm-none-eabi/9.3.1/../../../../arm-none-eabi/lib/thumb/v7e-m+fp/hard\libm.a(lib_a-sf_atan.o)
                              obj/Lab9C-Main-c.o (atanf)
y:/coen20/gcc/bin/../lib/gcc/arm-none-eabi/9.3.1/../../../../arm-none-eabi/lib/thumb/v7e-m+fp/hard\libm.a(lib_a-sf_cos.o)
                              obj/Lab9C-Main-c.o (cosf)
y:/coen20/gcc/bin/../lib/gcc/arm-none-eabi/9.3.1/../../../../arm-none-eabi/lib/thumb/v7e-m+fp/hard\libm.a(lib_a-sf_fabs.o)
                              y:/coen20/gcc/bin/../lib/gcc/arm-none-eabi/9.3.1/../../../../arm-none-eabi/lib/thumb/v7e-m+fp/hard\libm.a(lib_a-sf_atan.o) (fabsf)
y:/coen20/gcc/bin/../lib/gcc/arm-none-eabi/9.3.1/../../../../arm-none-eabi/lib/thumb/v7e-m+fp/hard\libm.a(lib_a-sf_sin.o)
                              obj/Lab9C-Main-c.o (sinf)
y:/coen20/gcc/bin/../lib/gcc/arm-none-eabi/9.3.1/../../../../arm-none-eabi/lib/thumb/v7e-m+fp/hard\libm.a(lib_a-sf_tan.o)
                              obj/Lab9C-Main-c.o (tanf)
y:/coen20/gcc/bin/../lib/gcc/arm-none-eabi/9.3.1/../../../../arm-none-eabi/lib/thumb/v7e-m+fp/hard\libm.a(lib_a-wf_acos.o)
                              obj/Lab9C-Main-c.o (acosf)
y:/coen20/gcc/bin/../lib/gcc/arm-none-eabi/9.3.1/../../../../arm-none-eabi/lib/thumb/v7e-m+fp/hard\libm.a(lib_a-wf_atan2.o)
                              obj/Lab9C-Main-c.o (atan2f)
y:/coen20/gcc/bin/../lib/gcc/arm-none-eabi/9.3.1/../../../../arm-none-eabi/lib/thumb/v7e-m+fp/hard\libm.a(lib_a-wf_sqrt.o)
                              obj/Lab9C-Main-c.o (sqrtf)
y:/coen20/gcc/bin/../lib/gcc/arm-none-eabi/9.3.1/../../../../arm-none-eabi/lib/thumb/v7e-m+fp/hard\libm.a(lib_a-ef_acos.o)
                              y:/coen20/gcc/bin/../lib/gcc/arm-none-eabi/9.3.1/../../../../arm-none-eabi/lib/thumb/v7e-m+fp/hard\libm.a(lib_a-wf_acos.o) (__ieee754_acosf)
y:/coen20/gcc/bin/../lib/gcc/arm-none-eabi/9.3.1/../../../../arm-none-eabi/lib/thumb/v7e-m+fp/hard\libm.a(lib_a-ef_atan2.o)
                              y:/coen20/gcc/bin/../lib/gcc/arm-none-eabi/9.3.1/../../../../arm-none-eabi/lib/thumb/v7e-m+fp/hard\libm.a(lib_a-wf_atan2.o) (__ieee754_atan2f)
y:/coen20/gcc/bin/../lib/gcc/arm-none-eabi/9.3.1/../../../../arm-none-eabi/lib/thumb/v7e-m+fp/hard\libm.a(lib_a-ef_rem_pio2.o)
[...]
Memory Configuration

Name             Origin             Length             Attributes
ROM              0x08000000         0x00200000         xr
RAM              0x20000000         0x00030000         xrw
CCM              0x10000000         0x00010000         xrw
*default*        0x00000000         0xffffffff

Linker script and memory map

LOAD y:/coen20/gcc/bin/../lib/gcc/arm-none-eabi/9.3.1/thumb/v7e-m+fp/hard/crti.o
LOAD y:/coen20/gcc/bin/../lib/gcc/arm-none-eabi/9.3.1/thumb/v7e-m+fp/hard/crtbegin.o
LOAD y:/coen20/gcc/bin/../lib/gcc/arm-none-eabi/9.3.1/../../../../arm-none-eabi/lib/thumb/v7e-m+fp/hard/crt0.o
LOAD obj/Lab9C-Main-c.o
LOAD obj/Lab9C-SunAndMoon-s.o
LOAD library.a
LOAD library.a
LOAD y:/coen20/gcc/bin/../lib/gcc/arm-none-eabi/9.3.1/../../../../arm-none-eabi/lib/thumb/v7e-m+fp/hard\libm.a
LOAD y:/coen20/gcc/bin/../lib/gcc/arm-none-eabi/9.3.1/../../../../arm-none-eabi/lib/thumb/v7e-m+fp/hard\libc.a
LOAD y:/coen20/gcc/bin/../lib/gcc/arm-none-eabi/9.3.1/../../../../arm-none-eabi/lib/thumb/v7e-m+fp/hard\libnosys.a
LOAD y:/coen20/gcc/bin/../lib/gcc/arm-none-eabi/9.3.1/../../../../arm-none-eabi/lib/thumb/v7e-m+fp/hard\libc.a
START GROUP
LOAD y:/coen20/gcc/bin/../lib/gcc/arm-none-eabi/9.3.1/thumb/v7e-m+fp/hard\libgcc.a
LOAD y:/coen20/gcc/bin/../lib/gcc/arm-none-eabi/9.3.1/../../../../arm-none-eabi/lib/thumb/v7e-m+fp/hard\libc.a
END GROUP
LOAD y:/coen20/gcc/bin/../lib/gcc/arm-none-eabi/9.3.1/thumb/v7e-m+fp/hard/crtend.o
LOAD y:/coen20/gcc/bin/../lib/gcc/arm-none-eabi/9.3.1/thumb/v7e-m+fp/hard/crtn.o

.text           0x08000000    0x1f6d0
 *(.isr_vector)
 .isr_vector    0x08000000      0x1ac library.a(startup_stm32f429xx.o)
                0x08000000                __isr_vector
 *(.text*)
 .text          0x080001ac       0x40 y:/coen20/gcc/bin/../lib/gcc/arm-none-eabi/9.3.1/thumb/v7e-m+fp/hard/crtbegin.o
 .text          0x080001ec       0x7c y:/coen20/gcc/bin/../lib/gcc/arm-none-eabi/9.3.1/../../../../arm-none-eabi/lib/thumb/v7e-m+fp/hard/crt0.o
                0x080001ec                _stack_init
                0x080001f4                _start
                0x080001f4                _mainCRTStartup
 .text.main     0x08000268      0x174 obj/Lab9C-Main-c.o
                0x08000268                main
 .text.IsDST    0x080003dc       0x94 obj/Lab9C-Main-c.o
 .text.SunRiseSet
                0x08000470      0x174 obj/Lab9C-Main-c.o
 .text.DiurnalArc
                0x080005e4       0x84 obj/Lab9C-Main-c.o
 .text.DaysSince2000Jan0
                0x08000668       0x44 obj/Lab9C-Main-c.o
 .text.SunPosition
                0x080006ac      0x154 obj/Lab9C-Main-c.o
 .text.SunDecRA
                0x08000800      0x108 obj/Lab9C-Main-c.o
 .text.GMST0    0x08000908       0x3c obj/Lab9C-Main-c.o
 .text.DrawMoon
                0x08000944      0x148 obj/Lab9C-Main-c.o
 *fill*         0x08000a8c        0x4 
 .text.JulianTime
                0x08000a90      0x1f0 obj/Lab9C-Main-c.o
 .text.MoonPhase
                0x08000c80      0x2dc obj/Lab9C-Main-c.o
 .text.PhaseIndex
                0x08000f5c       0x4c obj/Lab9C-Main-c.o
 .text.PaintImage
                0x08000fa8      0x254 obj/Lab9C-Main-c.o
 .text.SetupAdjusts
                0x080011fc      0x12c obj/Lab9C-Main-c.o
 .text.DaysInMonth
                0x08001328       0x34 obj/Lab9C-Main-c.o
 .text.DisplayAdjusts
                0x0800135c      0x154 obj/Lab9C-Main-c.o
 .text.Adjusted
                0x080014b0      0x174 obj/Lab9C-Main-c.o
 .text.Between  0x08001624       0x30 obj/Lab9C-Main-c.o
 .text.InitializeTouchScreen
                0x08001654       0x50 obj/Lab9C-Main-c.o
 .text.InitializeDate
                0x080016a4       0x70 obj/Lab9C-Main-c.o
 .text.DrawClockHand
                0x08001714      0x260 obj/Lab9C-Main-c.o
 .text.DrawTextAt
                0x08001974      0x13c obj/Lab9C-Main-c.o
 .text.DrawClock
                0x08001ab0      0x23c obj/Lab9C-Main-c.o
 .text.GetTimeout
                0x08001cec       0x28 obj/Lab9C-Main-c.o
 .text.Delay    0x08001d14       0x2c obj/Lab9C-Main-c.o
 .text.LeapYear
                0x08001d40       0x60 obj/Lab9C-Main-c.o
 .text.TimeOfDay
                0x08001da0       0xb4 obj/Lab9C-Main-c.o
 .text.Number   0x08001e54       0x24 obj/Lab9C-Main-c.o
 .text.Month    0x08001e78       0x24 obj/Lab9C-Main-c.o
 .text.SetFontSize
                0x08001e9c       0x18 obj/Lab9C-Main-c.o
 .text.NextDay  0x08001eb4       0x8c obj/Lab9C-Main-c.o
 .text.DrawResultsBox
                0x08001f40       0x60 obj/Lab9C-Main-c.o
 .text.acosDeg  0x08001fa0       0x2c obj/Lab9C-Main-c.o
 .text.atan2Deg
                0x08001fcc       0x34 obj/Lab9C-Main-c.o
 .text.Rev180   0x08002000       0x7c obj/Lab9C-Main-c.o
 .text.Rev360   0x0800207c       0x74 obj/Lab9C-Main-c.o
 .text.Deg2Rad  0x080020f0       0x38 obj/Lab9C-Main-c.o
                0x080020f0                Deg2Rad
 .text.Rad2Deg  0x08002128       0x38 obj/Lab9C-Main-c.o
                0x08002128                Rad2Deg
 .text.sinDeg   0x08002160       0x2c obj/Lab9C-Main-c.o
                0x08002160                sinDeg
 .text.cosDeg   0x0800218c       0x2c obj/Lab9C-Main-c.o
                0x0800218c                cosDeg
 .text          0x080021b8       0xa0 obj/Lab9C-SunAndMoon-s.o
                0x080021b8                EccentricAnomaly
                0x080021f4                Kepler
 .text.TextRows
                0x08002258       0x12 library.a(initialize.o)
 .text._close   0x0800226a        0x2 library.a(initialize.o)
                0x0800226a                _close
 .text._fstat   0x0800226c        0x2 library.a(initialize.o)
                0x0800226c                _fstat
 .text._getpid  0x0800226e        0x2 library.a(initialize.o)
                0x0800226e                _getpid
 .text._isatty  0x08002270        0x2 library.a(initialize.o)
                0x08002270                _isatty
 .text._kill    0x08002272        0x2 library.a(initialize.o)
                0x08002272                _kill
 .text._lseek   0x08002274        0x2 library.a(initialize.o)
                0x08002274                _lseek
 .text._read    0x08002276        0x2 library.a(initialize.o)
                0x08002276                _read
 .text.ClearDisplay
                0x08002278       0x34 library.a(initialize.o)
                0x08002278                ClearDisplay
 .text.DisplayHeader
                0x080022ac       0x7c library.a(initialize.o)
                0x080022ac                DisplayHeader
 .text.DisplayFooter
                0x08002328       0x58 library.a(initialize.o)
                0x08002328                DisplayFooter
 .text._write   0x08002380      0x104 library.a(initialize.o)
                0x08002380                _write
 .text.InitializeHardware
                0x08002484      0x124 library.a(initialize.o)
                0x08002484                InitializeHardware
 .text.WaitForPushButton
                0x080025a8       0x18 library.a(initialize.o)
                0x080025a8                WaitForPushButton
 .text.PushButtonPressed
                0x080025c0       0x10 library.a(initialize.o)
                0x080025c0                PushButtonPressed
 .text.GetClockCycleCount
                0x080025d0        0xc library.a(initialize.o)
                0x080025d0                GetClockCycleCount
 .text.SPIx_Init
                0x080025dc       0x98 library.a(stm32f429i_discovery.o)
 .text.SPIx_Write
                0x08002674       0x30 library.a(stm32f429i_discovery.o)
 .text.I2Cx_Init
                0x080026a4       0xe8 library.a(stm32f429i_discovery.o)
 .text.I2Cx_Error
                0x0800278c       0x14 library.a(stm32f429i_discovery.o)
 .text.SPIx_WriteRead
                0x080027a0       0x40 library.a(stm32f429i_discovery.o)
 .text.BSP_PB_Init
                0x080027e0       0x70 library.a(stm32f429i_discovery.o)
                0x080027e0                BSP_PB_Init
 .text.BSP_PB_GetState
                0x08002850       0x14 library.a(stm32f429i_discovery.o)
                0x08002850                BSP_PB_GetState
 .text.LCD_IO_Init
                0x08002864       0xb0 library.a(stm32f429i_discovery.o)
                0x08002864                LCD_IO_Init
 .text.LCD_IO_WriteData
                0x08002914       0x38 library.a(stm32f429i_discovery.o)
                0x08002914                LCD_IO_WriteData
 .text.LCD_IO_WriteReg
                0x0800294c       0x38 library.a(stm32f429i_discovery.o)
                0x0800294c                LCD_IO_WriteReg
 .text.LCD_IO_ReadData
                0x08002984       0x6c library.a(stm32f429i_discovery.o)
                0x08002984                LCD_IO_ReadData
 .text.LCD_Delay
                0x080029f0        0x4 library.a(stm32f429i_discovery.o)
                0x080029f0                LCD_Delay
 .text.IOE_Init
                0x080029f4        0x4 library.a(stm32f429i_discovery.o)
                0x080029f4                IOE_Init
 .text.IOE_ITConfig
                0x080029f8       0x54 library.a(stm32f429i_discovery.o)
                0x080029f8                IOE_ITConfig
 .text.IOE_Write
                0x08002a4c       0x34 library.a(stm32f429i_discovery.o)
                0x08002a4c                IOE_Write
 .text.IOE_Read
                0x08002a80       0x3c library.a(stm32f429i_discovery.o)
                0x08002a80                IOE_Read
 .text.IOE_ReadMultiple
                0x08002abc       0x30 library.a(stm32f429i_discovery.o)
                0x08002abc                IOE_ReadMultiple
 .text.IOE_Delay
                0x08002aec        0x4 library.a(stm32f429i_discovery.o)
                0x08002aec                IOE_Delay
 .text.GYRO_IO_Init
                0x08002af0       0x6c library.a(stm32f429i_discovery.o)
                0x08002af0                GYRO_IO_Init
 .text.GYRO_IO_Read
                0x08002b5c       0x48 library.a(stm32f429i_discovery.o)
                0x08002b5c                GYRO_IO_Read
 .text.FillBuffer
                0x08002ba4       0x64 library.a(stm32f429i_discovery_lcd.o)
 .text.BSP_LCD_GetXSize
                0x08002c08       0x10 library.a(stm32f429i_discovery_lcd.o)
                0x08002c08                BSP_LCD_GetXSize
 .text.BSP_LCD_GetYSize
                0x08002c18       0x10 library.a(stm32f429i_discovery_lcd.o)
                0x08002c18                BSP_LCD_GetYSize
 .text.BSP_LCD_LayerDefaultInit
                0x08002c28       0x7c library.a(stm32f429i_discovery_lcd.o)
                0x08002c28                BSP_LCD_LayerDefaultInit
 .text.BSP_LCD_SelectLayer
                0x08002ca4        0xc library.a(stm32f429i_discovery_lcd.o)
                0x08002ca4                BSP_LCD_SelectLayer
 .text.BSP_LCD_GetTextColor
                0x08002cb0       0x18 library.a(stm32f429i_discovery_lcd.o)
                0x08002cb0                BSP_LCD_GetTextColor
 .text.BSP_LCD_GetBackColor
                0x08002cc8       0x18 library.a(stm32f429i_discovery_lcd.o)
                0x08002cc8                BSP_LCD_GetBackColor
 .text.BSP_LCD_SetTextColor
                0x08002ce0       0x18 library.a(stm32f429i_discovery_lcd.o)
                0x08002ce0                BSP_LCD_SetTextColor
 .text.BSP_LCD_SetBackColor
                0x08002cf8       0x18 library.a(stm32f429i_discovery_lcd.o)
                0x08002cf8                BSP_LCD_SetBackColor
 .text.BSP_LCD_SetFont
                0x08002d10       0x18 library.a(stm32f429i_discovery_lcd.o)
                0x08002d10                BSP_LCD_SetFont
 .text.BSP_LCD_Init
                0x08002d28      0x1bc library.a(stm32f429i_discovery_lcd.o)
                0x08002d28                BSP_LCD_Init
 .text.BSP_LCD_GetFont
                0x08002ee4       0x18 library.a(stm32f429i_discovery_lcd.o)
                0x08002ee4                BSP_LCD_GetFont
 .text.BSP_LCD_Clear
                0x08002efc       0x40 library.a(stm32f429i_discovery_lcd.o)
                0x08002efc                BSP_LCD_Clear
 .text.BSP_LCD_DrawHLine
                0x08002f3c       0x50 library.a(stm32f429i_discovery_lcd.o)
                0x08002f3c                BSP_LCD_DrawHLine
 .text.BSP_LCD_DrawVLine
                0x08002f8c       0x5c library.a(stm32f429i_discovery_lcd.o)
                0x08002f8c                BSP_LCD_DrawVLine
 .text.BSP_LCD_DrawRect
                0x08002fe8       0x34 library.a(stm32f429i_discovery_lcd.o)
                0x08002fe8                BSP_LCD_DrawRect
 .text.BSP_LCD_FillRect
                0x0800301c       0x78 library.a(stm32f429i_discovery_lcd.o)
                0x0800301c                BSP_LCD_FillRect
 .text.BSP_LCD_DisplayOn
                0x08003094       0x10 library.a(stm32f429i_discovery_lcd.o)
                0x08003094                BSP_LCD_DisplayOn
 .text.BSP_LCD_DrawPixel
                0x080030a4       0x2c library.a(stm32f429i_discovery_lcd.o)
                0x080030a4                BSP_LCD_DrawPixel
 .text.BSP_LCD_DisplayChar
                0x080030d0       0xd4 library.a(stm32f429i_discovery_lcd.o)
                0x080030d0                BSP_LCD_DisplayChar
 .text.BSP_LCD_DisplayStringAt
                0x080031a4       0x9c library.a(stm32f429i_discovery_lcd.o)
                0x080031a4                BSP_LCD_DisplayStringAt
 .text.BSP_LCD_DrawLine
                0x08003240       0xa4 library.a(stm32f429i_discovery_lcd.o)
                0x08003240                BSP_LCD_DrawLine
 .text.BSP_LCD_FillTriangle
                0x080032e4       0xae library.a(stm32f429i_discovery_lcd.o)
                0x080032e4                BSP_LCD_FillTriangle
 *fill*         0x08003392        0x2 
 .text.BSP_LCD_DrawCircle
                0x08003394      0x120 library.a(stm32f429i_discovery_lcd.o)
                0x08003394                BSP_LCD_DrawCircle
 .text.BSP_LCD_FillCircle
                0x080034b4       0xd4 library.a(stm32f429i_discovery_lcd.o)
                0x080034b4                BSP_LCD_FillCircle
 .text.BSP_SDRAM_Initialization_sequence
                0x08003588       0x94 library.a(stm32f429i_discovery_sdram.o)
                0x08003588                BSP_SDRAM_Initialization_sequence
 .text.BSP_SDRAM_Init
                0x0800361c      0x1c8 library.a(stm32f429i_discovery_sdram.o)
                0x0800361c                BSP_SDRAM_Init
 .text.HAL_MspInit
                0x080037e4        0x2 library.a(stm32f4xx_hal.o)
                0x080037e4                HAL_MspInit
 .text.HAL_InitTick
                0x080037e6       0x28 library.a(stm32f4xx_hal.o)
                0x080037e6                HAL_InitTick
 *fill*         0x0800380e        0x2 
 .text.HAL_Init
                0x08003810       0x34 library.a(stm32f4xx_hal.o)
                0x08003810                HAL_Init
 .text.HAL_IncTick
                0x08003844       0x10 library.a(stm32f4xx_hal.o)
                0x08003844                HAL_IncTick
 .text.HAL_GetTick
                0x08003854        0xc library.a(stm32f4xx_hal.o)
                0x08003854                HAL_GetTick
 .text.HAL_Delay
                0x08003860       0x1a library.a(stm32f4xx_hal.o)
                0x08003860                HAL_Delay
 *fill*         0x0800387a        0x2 
 .text.HAL_NVIC_SetPriorityGrouping
                0x0800387c       0x24 library.a(stm32f4xx_hal_cortex.o)
                0x0800387c                HAL_NVIC_SetPriorityGrouping
 .text.HAL_NVIC_SetPriority
                0x080038a0       0x64 library.a(stm32f4xx_hal_cortex.o)
                0x080038a0                HAL_NVIC_SetPriority
 .text.HAL_NVIC_EnableIRQ
                0x08003904       0x18 library.a(stm32f4xx_hal_cortex.o)
                0x08003904                HAL_NVIC_EnableIRQ
 .text.HAL_SYSTICK_Config
                0x0800391c       0x28 library.a(stm32f4xx_hal_cortex.o)
                0x0800391c                HAL_SYSTICK_Config
 .text.HAL_DMA_Init
                0x08003944       0x78 library.a(stm32f4xx_hal_dma.o)
                0x08003944                HAL_DMA_Init
 .text.HAL_DMA_DeInit
                0x080039bc      0xacc library.a(stm32f4xx_hal_dma.o)
                0x080039bc                HAL_DMA_DeInit
 .text.DMA2D_SetConfig
                0x08004488       0x80 library.a(stm32f4xx_hal_dma2d.o)
 .text.HAL_DMA2D_MspInit
                0x08004508        0x2 library.a(stm32f4xx_hal_dma2d.o)
                0x08004508                HAL_DMA2D_MspInit
 .text.HAL_DMA2D_Init
                0x0800450a       0x5c library.a(stm32f4xx_hal_dma2d.o)
                0x0800450a                HAL_DMA2D_Init
 .text.HAL_DMA2D_Start
                0x08004566       0x40 library.a(stm32f4xx_hal_dma2d.o)
                0x08004566                HAL_DMA2D_Start
 .text.HAL_DMA2D_PollForTransfer
                0x080045a6       0xc4 library.a(stm32f4xx_hal_dma2d.o)
                0x080045a6                HAL_DMA2D_PollForTransfer
 *fill*         0x0800466a        0x2 
 .text.HAL_DMA2D_ConfigLayer
                0x0800466c       0xdc library.a(stm32f4xx_hal_dma2d.o)
                0x0800466c                HAL_DMA2D_ConfigLayer
 .text.HAL_GPIO_Init
                0x08004748      0x1d0 library.a(stm32f4xx_hal_gpio.o)
                0x08004748                HAL_GPIO_Init
 .text.HAL_GPIO_ReadPin
                0x08004918        0xc library.a(stm32f4xx_hal_gpio.o)
                0x08004918                HAL_GPIO_ReadPin
 .text.HAL_GPIO_WritePin
                0x08004924        0xa library.a(stm32f4xx_hal_gpio.o)
                0x08004924                HAL_GPIO_WritePin
 .text.I2C_WaitOnMasterAddressFlagUntilTimeout
                0x0800492e       0x66 library.a(stm32f4xx_hal_i2c.o)
 .text.I2C_WaitOnFlagUntilTimeout
                0x08004994       0x90 library.a(stm32f4xx_hal_i2c.o)
 .text.I2C_RequestMemoryWrite
                0x08004a24       0x98 library.a(stm32f4xx_hal_i2c.o)
 .text.I2C_RequestMemoryRead
                0x08004abc       0xe8 library.a(stm32f4xx_hal_i2c.o)
 .text.HAL_I2C_MspInit
                0x08004ba4        0x2 library.a(stm32f4xx_hal_i2c.o)
                0x08004ba4                HAL_I2C_MspInit
 *fill*         0x08004ba6        0x2 
 .text.HAL_I2C_Init
                0x08004ba8       0xe0 library.a(stm32f4xx_hal_i2c.o)
                0x08004ba8                HAL_I2C_Init
 .text.HAL_I2C_MspDeInit
                0x08004c88        0x2 library.a(stm32f4xx_hal_i2c.o)
                0x08004c88                HAL_I2C_MspDeInit
 .text.HAL_I2C_DeInit
                0x08004c8a       0x2c library.a(stm32f4xx_hal_i2c.o)
                0x08004c8a                HAL_I2C_DeInit
 *fill*         0x08004cb6        0x2 
 .text.HAL_I2C_Mem_Write
                0x08004cb8       0xe8 library.a(stm32f4xx_hal_i2c.o)
                0x08004cb8                HAL_I2C_Mem_Write
 .text.HAL_I2C_Mem_Read
                0x08004da0      0x1bc library.a(stm32f4xx_hal_i2c.o)
                0x08004da0                HAL_I2C_Mem_Read
 .text.HAL_I2C_GetState
                0x08004f5c        0x6 library.a(stm32f4xx_hal_i2c.o)
                0x08004f5c                HAL_I2C_GetState
 *fill*         0x08004f62        0x2 
 .text.LTDC_SetConfig
                0x08004f64      0x144 library.a(stm32f4xx_hal_ltdc.o)
 .text.HAL_LTDC_MspInit
                0x080050a8        0x2 library.a(stm32f4xx_hal_ltdc.o)
                0x080050a8                HAL_LTDC_MspInit
 *fill*         0x080050aa        0x2 
 .text.HAL_LTDC_Init
                0x080050ac       0xfc library.a(stm32f4xx_hal_ltdc.o)
                0x080050ac                HAL_LTDC_Init
 .text.HAL_LTDC_ConfigLayer
                0x080051a8       0x5c library.a(stm32f4xx_hal_ltdc.o)
                0x080051a8                HAL_LTDC_ConfigLayer
 .text.HAL_LTDC_EnableDither
                0x08005204       0x34 library.a(stm32f4xx_hal_ltdc.o)
                0x08005204                HAL_LTDC_EnableDither
 .text.HAL_RCC_OscConfig
                0x08005238      0x330 library.a(stm32f4xx_hal_rcc.o)
                0x08005238                HAL_RCC_OscConfig
 .text.HAL_RCC_ClockConfig
                0x08005568      0x1f8 library.a(stm32f4xx_hal_rcc.o)
                0x08005568                HAL_RCC_ClockConfig
 .text.HAL_RCC_GetSysClockFreq
                0x08005760       0x78 library.a(stm32f4xx_hal_rcc.o)
                0x08005760                HAL_RCC_GetSysClockFreq
 .text.HAL_RCC_GetHCLKFreq
                0x080057d8       0x38 library.a(stm32f4xx_hal_rcc.o)
                0x080057d8                HAL_RCC_GetHCLKFreq
 .text.HAL_RCC_GetPCLK1Freq
                0x08005810       0x30 library.a(stm32f4xx_hal_rcc.o)
                0x08005810                HAL_RCC_GetPCLK1Freq
 .text.HAL_RCCEx_PeriphCLKConfig
                0x08005840      0x2d8 library.a(stm32f4xx_hal_rcc_ex.o)
                0x08005840                HAL_RCCEx_PeriphCLKConfig
 .text.HAL_SDRAM_MspInit
                0x08005b18        0x2 library.a(stm32f4xx_hal_sdram.o)
                0x08005b18                HAL_SDRAM_MspInit
 .text.HAL_SDRAM_Init
                0x08005b1a       0x40 library.a(stm32f4xx_hal_sdram.o)
                0x08005b1a                HAL_SDRAM_Init
 .text.HAL_SDRAM_SendCommand
                0x08005b5a       0x2e library.a(stm32f4xx_hal_sdram.o)
                0x08005b5a                HAL_SDRAM_SendCommand
 .text.HAL_SDRAM_ProgramRefreshRate
                0x08005b88       0x24 library.a(stm32f4xx_hal_sdram.o)
                0x08005b88                HAL_SDRAM_ProgramRefreshRate
 .text.SPI_WaitOnFlagUntilTimeout
                0x08005bac       0x94 library.a(stm32f4xx_hal_spi.o)
 .text.HAL_SPI_MspInit
                0x08005c40        0x2 library.a(stm32f4xx_hal_spi.o)
                0x08005c40                HAL_SPI_MspInit
 .text.HAL_SPI_Init
                0x08005c42       0x82 library.a(stm32f4xx_hal_spi.o)
                0x08005c42                HAL_SPI_Init
 .text.HAL_SPI_MspDeInit
                0x08005cc4        0x2 library.a(stm32f4xx_hal_spi.o)
                0x08005cc4                HAL_SPI_MspDeInit
 .text.HAL_SPI_DeInit
                0x08005cc6       0x26 library.a(stm32f4xx_hal_spi.o)
                0x08005cc6                HAL_SPI_DeInit
 .text.HAL_SPI_Transmit
                0x08005cec      0x164 library.a(stm32f4xx_hal_spi.o)
                0x08005cec                HAL_SPI_Transmit
 .text.HAL_SPI_TransmitReceive
                0x08005e50      0x2c2 library.a(stm32f4xx_hal_spi.o)
                0x08005e50                HAL_SPI_TransmitReceive
 .text.HAL_SPI_Receive
                0x08006112      0x1d2 library.a(stm32f4xx_hal_spi.o)
                0x08006112                HAL_SPI_Receive
 .text.HAL_SPI_GetState
                0x080062e4        0x6 library.a(stm32f4xx_hal_spi.o)
                0x080062e4                HAL_SPI_GetState
 .text.NMI_Handler
                0x080062ea        0x2 library.a(stm32f4xx_it.o)
                0x080062ea                NMI_Handler
 .text.SVC_Handler
                0x080062ec       0x20 library.a(stm32f4xx_it.o)
                0x080062ec                SVC_Handler
 .text.DebugMon_Handler
                0x0800630c        0x2 library.a(stm32f4xx_it.o)
                0x0800630c                DebugMon_Handler
 .text.PendSV_Handler
                0x0800630e        0x2 library.a(stm32f4xx_it.o)
                0x0800630e                PendSV_Handler
 .text.SysTick_Handler
                0x08006310        0x4 library.a(stm32f4xx_it.o)
                0x08006310                SysTick_Handler
 .text.FMC_SDRAM_Init
                0x08006314       0x68 library.a(stm32f4xx_ll_fmc.o)
                0x08006314                FMC_SDRAM_Init
 .text.FMC_SDRAM_Timing_Init
                0x0800637c       0x72 library.a(stm32f4xx_ll_fmc.o)
                0x0800637c                FMC_SDRAM_Timing_Init
 .text.FMC_SDRAM_SendCommand
                0x080063ee       0x50 library.a(stm32f4xx_ll_fmc.o)
                0x080063ee                FMC_SDRAM_SendCommand
 .text.FMC_SDRAM_ProgramRefreshRate
                0x0800643e        0xc library.a(stm32f4xx_ll_fmc.o)
                0x0800643e                FMC_SDRAM_ProgramRefreshRate
 *fill*         0x0800644a        0x2 
 .text.SVC_Label
                0x0800644c       0x58 library.a(svcHandler.o)
 .text.Preserve
                0x080064a4       0xa8 library.a(svcHandler.o)
 .text.HardStopHandler
                0x0800654c       0x94 library.a(svcHandler.o)
 .text.F32      0x080065e0       0xc0 library.a(svcHandler.o)
 .text.Restore  0x080066a0       0x5c library.a(svcHandler.o)
 .text.FlPtRegs
                0x080066fc       0x9c library.a(svcHandler.o)
 .text._MemManageHandler
                0x08006798       0x10 library.a(svcHandler.o)
                0x08006798                _MemManageHandler
 .text.MemManage_Handler
                0x080067a8        0xc library.a(svcHandler.o)
                0x080067a8                MemManage_Handler
 .text._BusFault_Handler
                0x080067b4       0x10 library.a(svcHandler.o)
                0x080067b4                _BusFault_Handler
 .text.BusFault_Handler
                0x080067c4        0xc library.a(svcHandler.o)
                0x080067c4                BusFault_Handler
 .text._HardFault_Handler
                0x080067d0       0x10 library.a(svcHandler.o)
                0x080067d0                _HardFault_Handler
 .text.HardFault_Handler
                0x080067e0        0xc library.a(svcHandler.o)
                0x080067e0                HardFault_Handler
 .text._UsageFault_Handler
                0x080067ec       0x5c library.a(svcHandler.o)
                0x080067ec                _UsageFault_Handler
 .text.UsageFault_Handler
                0x08006848        0xc library.a(svcHandler.o)
                0x08006848                UsageFault_Handler
 .text.SVC_Exception
                0x08006854       0xd8 library.a(svcHandler.o)
                0x08006854                SVC_Exception
 .text.SystemInit
                0x0800692c       0x4c library.a(system_stm32f4xx.o)
                0x0800692c                SystemInit
 .text.TS_Init  0x08006978       0x2c library.a(touch.o)
                0x08006978                TS_Init
 .text.TS_Touched
                0x080069a4       0x30 library.a(touch.o)
                0x080069a4                TS_Touched
 .text.TS_GetX  0x080069d4        0xc library.a(touch.o)
                0x080069d4                TS_GetX
 .text.TS_GetY  0x080069e0        0xc library.a(touch.o)
                0x080069e0                TS_GetY
 .text          0x080069ec      0x118 library.a(startup_stm32f429xx.o)
                0x080069ec                Reset_Handler
                0x08006a44                Default_Handler
                0x08006a46                WWDG_IRQHandler
                0x08006a48                PVD_IRQHandler
                0x08006a4a                TAMP_STAMP_IRQHandler
                0x08006a4c                RTC_WKUP_IRQHandler
                0x08006a4e                FLASH_IRQHandler
                0x08006a50                RCC_IRQHandler
                0x08006a52                EXTI0_IRQHandler
                0x08006a54                EXTI1_IRQHandler
                0x08006a56                EXTI2_IRQHandler
                0x08006a58                EXTI3_IRQHandler
                0x08006a5a                EXTI4_IRQHandler
                0x08006a5c                DMA1_Stream0_IRQHandler
                0x08006a5e                DMA1_Stream1_IRQHandler
                0x08006a60                DMA1_Stream2_IRQHandler
                0x08006a62                DMA1_Stream3_IRQHandler
                0x08006a64                DMA1_Stream4_IRQHandler
                0x08006a66                DMA1_Stream5_IRQHandler
                0x08006a68                DMA1_Stream6_IRQHandler
                0x08006a6a                ADC_IRQHandler
                0x08006a6c                CAN1_TX_IRQHandler
                0x08006a6e                CAN1_RX0_IRQHandler
                0x08006a70                CAN1_RX1_IRQHandler
                0x08006a72                CAN1_SCE_IRQHandler
                0x08006a74                EXTI9_5_IRQHandler
                0x08006a76                TIM1_BRK_TIM9_IRQHandler
                0x08006a78                TIM1_UP_TIM10_IRQHandler
                0x08006a7a                TIM1_TRG_COM_TIM11_IRQHandler
                0x08006a7c                TIM1_CC_IRQHandler
                0x08006a7e                TIM2_IRQHandler
                0x08006a80                TIM3_IRQHandler
                0x08006a82                TIM4_IRQHandler
                0x08006a84                I2C1_EV_IRQHandler
                0x08006a86                I2C1_ER_IRQHandler
                0x08006a88                I2C2_EV_IRQHandler
                0x08006a8a                I2C2_ER_IRQHandler
                0x08006a8c                SPI1_IRQHandler
                0x08006a8e                SPI2_IRQHandler
                0x08006a90                USART1_IRQHandler
                0x08006a92                USART2_IRQHandler
                0x08006a94                USART3_IRQHandler
                0x08006a96                EXTI15_10_IRQHandler
                0x08006a98                RTC_Alarm_IRQHandler
                0x08006a9a                OTG_FS_WKUP_IRQHandler
                0x08006a9c                TIM8_BRK_TIM12_IRQHandler
                0x08006a9e                TIM8_UP_TIM13_IRQHandler
                0x08006aa0                TIM8_TRG_COM_TIM14_IRQHandler
                0x08006aa2                TIM8_CC_IRQHandler
                0x08006aa4                DMA1_Stream7_IRQHandler
                0x08006aa6                FSMC_IRQHandler
                0x08006aa8                SDIO_IRQHandler
                0x08006aaa                TIM5_IRQHandler
                0x08006aac                SPI3_IRQHandler
                0x08006aae                UART4_IRQHandler
                0x08006ab0                UART5_IRQHandler
                0x08006ab2                TIM6_DAC_IRQHandler
                0x08006ab4                TIM7_IRQHandler
                0x08006ab6                DMA2_Stream0_IRQHandler
                0x08006ab8                DMA2_Stream1_IRQHandler
                0x08006aba                DMA2_Stream2_IRQHandler
                0x08006abc                DMA2_Stream3_IRQHandler
                0x08006abe                DMA2_Stream4_IRQHandler
                0x08006ac0                ETH_IRQHandler
                0x08006ac2                ETH_WKUP_IRQHandler
                0x08006ac4                CAN2_TX_IRQHandler
                0x08006ac6                CAN2_RX0_IRQHandler
                0x08006ac8                CAN2_RX1_IRQHandler
                0x08006aca                CAN2_SCE_IRQHandler
                0x08006acc                OTG_FS_IRQHandler
                0x08006ace                DMA2_Stream5_IRQHandler
                0x08006ad0                DMA2_Stream6_IRQHandler
                0x08006ad2                DMA2_Stream7_IRQHandler
                0x08006ad4                USART6_IRQHandler
                0x08006ad6                I2C3_EV_IRQHandler
                0x08006ad8                I2C3_ER_IRQHandler
                0x08006ada                OTG_HS_EP1_OUT_IRQHandler
                0x08006adc                OTG_HS_EP1_IN_IRQHandler
                0x08006ade                OTG_HS_WKUP_IRQHandler
                0x08006ae0                OTG_HS_IRQHandler
                0x08006ae2                DCMI_IRQHandler
                0x08006ae4                CRYP_IRQHandler
                0x08006ae6                HASH_RNG_IRQHandler
                0x08006ae8                FPU_IRQHandler
                0x08006aea                UART7_IRQHandler
                0x08006aec                UART8_IRQHandler
                0x08006aee                SPI4_IRQHandler
                0x08006af0                SPI5_IRQHandler
                0x08006af2                SPI6_IRQHandler
                0x08006af4                SAI1_IRQHandler
                0x08006af6                LTDC_IRQHandler
                0x08006af8                LTDC_ER_IRQHandler
                0x08006afa                DMA2D_IRQHandler
 .text.ili9341_GetLcdPixelWidth
                0x08006b04        0x4 library.a(ili9341.o)
                0x08006b04                ili9341_GetLcdPixelWidth
 .text.ili9341_GetLcdPixelHeight
                0x08006b08        0x6 library.a(ili9341.o)
                0x08006b08                ili9341_GetLcdPixelHeight
 .text.ili9341_DisplayOn
                0x08006b0e        0x6 library.a(ili9341.o)
                0x08006b0e                ili9341_DisplayOn
 .text.ili9341_DisplayOff
                0x08006b14        0x6 library.a(ili9341.o)
                0x08006b14                ili9341_DisplayOff
 .text.ili9341_Init
                0x08006b1a      0x292 library.a(ili9341.o)
                0x08006b1a                ili9341_Init
 .text.ili9341_ReadID
                0x08006dac       0x12 library.a(ili9341.o)
                0x08006dac                ili9341_ReadID
 *fill*         0x08006dbe        0x2 
 .text.BSP_TS_Init
                0x08006dc0       0x44 library.a(stm32f429i_discovery_ts.o)
                0x08006dc0                BSP_TS_Init
 .text.BSP_TS_GetState
                0x08006e04      0x138 library.a(stm32f429i_discovery_ts.o)
                0x08006e04                BSP_TS_GetState
 .text.stmpe811_Reset
                0x08006f3c       0x28 library.a(stmpe811.o)
                0x08006f3c                stmpe811_Reset
 .text.stmpe811_ReadID
                0x08006f64       0x24 library.a(stmpe811.o)
                0x08006f64                stmpe811_ReadID
 .text.stmpe811_TS_DetectTouch
                0x08006f88       0x38 library.a(stmpe811.o)
                0x08006f88                stmpe811_TS_DetectTouch
 .text.stmpe811_TS_GetXY
                0x08006fc0       0x3c library.a(stmpe811.o)
                0x08006fc0                stmpe811_TS_GetXY
 .text.stmpe811_Init
                0x08006ffc       0x30 library.a(stmpe811.o)
                0x08006ffc                stmpe811_Init
 .text.stmpe811_EnableGlobalIT
                0x0800702c       0x1e library.a(stmpe811.o)
                0x0800702c                stmpe811_EnableGlobalIT
 .text.stmpe811_DisableGlobalIT
                0x0800704a       0x1c library.a(stmpe811.o)
                0x0800704a                stmpe811_DisableGlobalIT
 .text.stmpe811_EnableITSource
                0x08007066       0x20 library.a(stmpe811.o)
                0x08007066                stmpe811_EnableITSource
 .text.stmpe811_TS_EnableIT
                0x08007086       0x1c library.a(stmpe811.o)
                0x08007086                stmpe811_TS_EnableIT
 .text.stmpe811_DisableITSource
                0x080070a2       0x20 library.a(stmpe811.o)
                0x080070a2                stmpe811_DisableITSource
 .text.stmpe811_TS_DisableIT
                0x080070c2       0x14 library.a(stmpe811.o)
                0x080070c2                stmpe811_TS_DisableIT
 .text.stmpe811_ReadGITStatus
                0x080070d6       0x10 library.a(stmpe811.o)
                0x080070d6                stmpe811_ReadGITStatus
 .text.stmpe811_TS_ITStatus
                0x080070e6        0x6 library.a(stmpe811.o)
                0x080070e6                stmpe811_TS_ITStatus
 .text.stmpe811_ClearGlobalIT
                0x080070ec        0xa library.a(stmpe811.o)
                0x080070ec                stmpe811_ClearGlobalIT
 .text.stmpe811_TS_ClearIT
                0x080070f6        0x6 library.a(stmpe811.o)
                0x080070f6                stmpe811_TS_ClearIT
 .text.stmpe811_IO_EnableAF
                0x080070fc       0x20 library.a(stmpe811.o)
                0x080070fc                stmpe811_IO_EnableAF
 .text.stmpe811_TS_Start
                0x0800711c       0xa4 library.a(stmpe811.o)
                0x0800711c                stmpe811_TS_Start
 .text.floor    0x080071c0      0x108 y:/coen20/gcc/bin/../lib/gcc/arm-none-eabi/9.3.1/../../../../arm-none-eabi/lib/thumb/v7e-m+fp/hard\libm.a(lib_a-s_floor.o)
                0x080071c0                floor
 .text.atanf    0x080072c8      0x1b0 y:/coen20/gcc/bin/../lib/gcc/arm-none-eabi/9.3.1/../../../../arm-none-eabi/lib/thumb/v7e-m+fp/hard\libm.a(lib_a-sf_atan.o)
                0x080072c8                atanf
 .text.cosf     0x08007478       0x90 y:/coen20/gcc/bin/../lib/gcc/arm-none-eabi/9.3.1/../../../../arm-none-eabi/lib/thumb/v7e-m+fp/hard\libm.a(lib_a-sf_cos.o)
                0x08007478                cosf
 .text.fabsf    0x08007508       0x10 y:/coen20/gcc/bin/../lib/gcc/arm-none-eabi/9.3.1/../../../../arm-none-eabi/lib/thumb/v7e-m+fp/hard\libm.a(lib_a-sf_fabs.o)
                0x08007508                fabsf
 .text.sinf     0x08007518       0x94 y:/coen20/gcc/bin/../lib/gcc/arm-none-eabi/9.3.1/../../../../arm-none-eabi/lib/thumb/v7e-m+fp/hard\libm.a(lib_a-sf_sin.o)
                0x08007518                sinf
 .text.tanf     0x080075ac       0x5c y:/coen20/gcc/bin/../lib/gcc/arm-none-eabi/9.3.1/../../../../arm-none-eabi/lib/thumb/v7e-m+fp/hard\libm.a(lib_a-sf_tan.o)
                0x080075ac                tanf
 .text.acosf    0x08007608       0x64 y:/coen20/gcc/bin/../lib/gcc/arm-none-eabi/9.3.1/../../../../arm-none-eabi/lib/thumb/v7e-m+fp/hard\libm.a(lib_a-wf_acos.o)
                0x08007608                acosf
 .text.atan2f   0x0800766c        0x4 y:/coen20/gcc/bin/../lib/gcc/arm-none-eabi/9.3.1/../../../../arm-none-eabi/lib/thumb/v7e-m+fp/hard\libm.a(lib_a-wf_atan2.o)
                0x0800766c                atan2f
 .text.sqrtf    0x08007670       0x50 y:/coen20/gcc/bin/../lib/gcc/arm-none-eabi/9.3.1/../../../../arm-none-eabi/lib/thumb/v7e-m+fp/hard\libm.a(lib_a-wf_sqrt.o)
                0x08007670                sqrtf
 .text.__ieee754_acosf
                0x080076c0      0x240 y:/coen20/gcc/bin/../lib/gcc/arm-none-eabi/9.3.1/../../../../arm-none-eabi/lib/thumb/v7e-m+fp/hard\libm.a(lib_a-ef_acos.o)
                0x080076c0                __ieee754_acosf
 .text.__ieee754_atan2f
                0x08007900      0x150 y:/coen20/gcc/bin/../lib/gcc/arm-none-eabi/9.3.1/../../../../arm-none-eabi/lib/thumb/v7e-m+fp/hard\libm.a(lib_a-ef_atan2.o)
                0x08007900                __ieee754_atan2f
 .text.__ieee754_rem_pio2f
                0x08007a50      0x294 y:/coen20/gcc/bin/../lib/gcc/arm-none-eabi/9.3.1/../../../../arm-none-eabi/lib/thumb/v7e-m+fp/hard\libm.a(lib_a-ef_rem_pio2.o)
                0x08007a50                __ieee754_rem_pio2f
 .text.__ieee754_sqrtf
                0x08007ce4        0x8 y:/coen20/gcc/bin/../lib/gcc/arm-none-eabi/9.3.1/../../../../arm-none-eabi/lib/thumb/v7e-m+fp/hard\libm.a(lib_a-ef_sqrt.o)
                0x08007ce4                __ieee754_sqrtf
 .text.__kernel_cosf
                0x08007cec      0x104 y:/coen20/gcc/bin/../lib/gcc/arm-none-eabi/9.3.1/../../../../arm-none-eabi/lib/thumb/v7e-m+fp/hard\libm.a(lib_a-kf_cos.o)
                0x08007cec                __kernel_cosf
 .text.__kernel_rem_pio2f
                0x08007df0      0x66c y:/coen20/gcc/bin/../lib/gcc/arm-none-eabi/9.3.1/../../../../arm-none-eabi/lib/thumb/v7e-m+fp/hard\libm.a(lib_a-kf_rem_pio2.o)
                0x08007df0                __kernel_rem_pio2f
 .text.__kernel_sinf
                0x0800845c       0x90 y:/coen20/gcc/bin/../lib/gcc/arm-none-eabi/9.3.1/../../../../arm-none-eabi/lib/thumb/v7e-m+fp/hard\libm.a(lib_a-kf_sin.o)
                0x0800845c                __kernel_sinf
 .text.__kernel_tanf
                0x080084ec      0x1d8 y:/coen20/gcc/bin/../lib/gcc/arm-none-eabi/9.3.1/../../../../arm-none-eabi/lib/thumb/v7e-m+fp/hard\libm.a(lib_a-kf_tan.o)
                0x080084ec                __kernel_tanf
 .text.floorf   0x080086c4       0x8c y:/coen20/gcc/bin/../lib/gcc/arm-none-eabi/9.3.1/../../../../arm-none-eabi/lib/thumb/v7e-m+fp/hard\libm.a(lib_a-sf_floor.o)
                0x080086c4                floorf
 .text.nanf     0x08008750        0xc y:/coen20/gcc/bin/../lib/gcc/arm-none-eabi/9.3.1/../../../../arm-none-eabi/lib/thumb/v7e-m+fp/hard\libm.a(lib_a-sf_nan.o)
                0x08008750                nanf
 .text.scalbnf  0x0800875c       0xe4 y:/coen20/gcc/bin/../lib/gcc/arm-none-eabi/9.3.1/../../../../arm-none-eabi/lib/thumb/v7e-m+fp/hard\libm.a(lib_a-sf_scalbn.o)
                0x0800875c                scalbnf
 .text.__errno  0x08008840        0xc y:/coen20/gcc/bin/../lib/gcc/arm-none-eabi/9.3.1/../../../../arm-none-eabi/lib/thumb/v7e-m+fp/hard\libc.a(lib_a-errno.o)
                0x08008840                __errno
 .text.exit     0x0800884c       0x20 y:/coen20/gcc/bin/../lib/gcc/arm-none-eabi/9.3.1/../../../../arm-none-eabi/lib/thumb/v7e-m+fp/hard\libc.a(lib_a-exit.o)
                0x0800884c                exit
 .text.gmtime   0x0800886c       0x10 y:/coen20/gcc/bin/../lib/gcc/arm-none-eabi/9.3.1/../../../../arm-none-eabi/lib/thumb/v7e-m+fp/hard\libc.a(lib_a-gmtime.o)
                0x0800886c                gmtime
 .text.gmtime_r
                0x0800887c      0x1cc y:/coen20/gcc/bin/../lib/gcc/arm-none-eabi/9.3.1/../../../../arm-none-eabi/lib/thumb/v7e-m+fp/hard\libc.a(lib_a-gmtime_r.o)
                0x0800887c                gmtime_r
 .text.__libc_init_array
                0x08008a48       0x48 y:/coen20/gcc/bin/../lib/gcc/arm-none-eabi/9.3.1/../../../../arm-none-eabi/lib/thumb/v7e-m+fp/hard\libc.a(lib_a-init.o)
                0x08008a48                __libc_init_array
 .text          0x08008a90      0x134 y:/coen20/gcc/bin/../lib/gcc/arm-none-eabi/9.3.1/../../../../arm-none-eabi/lib/thumb/v7e-m+fp/hard\libc.a(lib_a-memcpy.o)
                0x08008a90                memcpy
 .text.memset   0x08008bc4       0xa0 y:/coen20/gcc/bin/../lib/gcc/arm-none-eabi/9.3.1/../../../../arm-none-eabi/lib/thumb/v7e-m+fp/hard\libc.a(lib_a-memset.o)
                0x08008bc4                memset
 .text.validate_structure
                0x08008c64      0x1fc y:/coen20/gcc/bin/../lib/gcc/arm-none-eabi/9.3.1/../../../../arm-none-eabi/lib/thumb/v7e-m+fp/hard\libc.a(lib_a-mktime.o)
 .text.mktime   0x08008e60      0x3d4 y:/coen20/gcc/bin/../lib/gcc/arm-none-eabi/9.3.1/../../../../arm-none-eabi/lib/thumb/v7e-m+fp/hard\libc.a(lib_a-mktime.o)
                0x08008e60                mktime
 .text.sprintf  0x08009234       0x44 y:/coen20/gcc/bin/../lib/gcc/arm-none-eabi/9.3.1/../../../../arm-none-eabi/lib/thumb/v7e-m+fp/hard\libc.a(lib_a-sprintf.o)
                0x08009234                sprintf
 .text.sscanf   0x08009278       0x58 y:/coen20/gcc/bin/../lib/gcc/arm-none-eabi/9.3.1/../../../../arm-none-eabi/lib/thumb/v7e-m+fp/hard\libc.a(lib_a-sscanf.o)
                0x08009278                sscanf
 .text.__sread  0x080092d0       0x24 y:/coen20/gcc/bin/../lib/gcc/arm-none-eabi/9.3.1/../../../../arm-none-eabi/lib/thumb/v7e-m+fp/hard\libc.a(lib_a-stdio.o)
                0x080092d0                __sread
 .text.__seofread
                0x080092f4        0x4 y:/coen20/gcc/bin/../lib/gcc/arm-none-eabi/9.3.1/../../../../arm-none-eabi/lib/thumb/v7e-m+fp/hard\libc.a(lib_a-stdio.o)
                0x080092f4                __seofread
 .text.__swrite
                0x080092f8       0x40 y:/coen20/gcc/bin/../lib/gcc/arm-none-eabi/9.3.1/../../../../arm-none-eabi/lib/thumb/v7e-m+fp/hard\libc.a(lib_a-stdio.o)
                0x080092f8                __swrite
 .text.__sseek  0x08009338       0x20 y:/coen20/gcc/bin/../lib/gcc/arm-none-eabi/9.3.1/../../../../arm-none-eabi/lib/thumb/v7e-m+fp/hard\libc.a(lib_a-stdio.o)
                0x08009338                __sseek
 .text.__sclose
                0x08009358        0x8 y:/coen20/gcc/bin/../lib/gcc/arm-none-eabi/9.3.1/../../../../arm-none-eabi/lib/thumb/v7e-m+fp/hard\libc.a(lib_a-stdio.o)
                0x08009358                __sclose
 .text.strcat   0x08009360       0x40 y:/coen20/gcc/bin/../lib/gcc/arm-none-eabi/9.3.1/../../../../arm-none-eabi/lib/thumb/v7e-m+fp/hard\libc.a(lib_a-strcat.o)
                0x08009360                strcat
 .text          0x080093a0      0x2dc y:/coen20/gcc/bin/../lib/gcc/arm-none-eabi/9.3.1/../../../../arm-none-eabi/lib/thumb/v7e-m+fp/hard\libc.a(lib_a-strcmp.o)
                0x080093a8                strcmp
 .text.strcpy   0x0800967c       0xbc y:/coen20/gcc/bin/../lib/gcc/arm-none-eabi/9.3.1/../../../../arm-none-eabi/lib/thumb/v7e-m+fp/hard\libc.a(lib_a-strcpy.o)
                0x0800967c                strcpy
 *fill*         0x08009738        0x8 
 .text          0x08009740       0xdc y:/coen20/gcc/bin/../lib/gcc/arm-none-eabi/9.3.1/../../../../arm-none-eabi/lib/thumb/v7e-m+fp/hard\libc.a(lib_a-strlen.o)
                0x08009740                strlen
 *fill*         0x0800981c        0x4 
 .text._svfprintf_r
                0x08009820     0x1b38 y:/coen20/gcc/bin/../lib/gcc/arm-none-eabi/9.3.1/../../../../arm-none-eabi/lib/thumb/v7e-m+fp/hard\libc.a(lib_a-svfprintf.o)
                0x08009820                _svfprintf_r
 .text.__ssvfscanf_r
                0x0800b358     0x16cc y:/coen20/gcc/bin/../lib/gcc/arm-none-eabi/9.3.1/../../../../arm-none-eabi/lib/thumb/v7e-m+fp/hard\libc.a(lib_a-svfscanf.o)
                0x0800b358                __ssvfscanf_r
 .text.__tzcalc_limits
                0x0800ca24      0x194 y:/coen20/gcc/bin/../lib/gcc/arm-none-eabi/9.3.1/../../../../arm-none-eabi/lib/thumb/v7e-m+fp/hard\libc.a(lib_a-tzcalc_limits.o)
                0x0800ca24                __tzcalc_limits
 .text.__tz_lock
                0x0800cbb8        0xc y:/coen20/gcc/bin/../lib/gcc/arm-none-eabi/9.3.1/../../../../arm-none-eabi/lib/thumb/v7e-m+fp/hard\libc.a(lib_a-tzlock.o)
                0x0800cbb8                __tz_lock
 .text.__tz_unlock
                0x0800cbc4        0xc y:/coen20/gcc/bin/../lib/gcc/arm-none-eabi/9.3.1/../../../../arm-none-eabi/lib/thumb/v7e-m+fp/hard\libc.a(lib_a-tzlock.o)
                0x0800cbc4                __tz_unlock
 .text._tzset_unlocked
                0x0800cbd0        0xc y:/coen20/gcc/bin/../lib/gcc/arm-none-eabi/9.3.1/../../../../arm-none-eabi/lib/thumb/v7e-m+fp/hard\libc.a(lib_a-tzset.o)
                0x0800cbd0                _tzset_unlocked
 .text._tzset_unlocked_r
                0x0800cbdc      0x328 y:/coen20/gcc/bin/../lib/gcc/arm-none-eabi/9.3.1/../../../../arm-none-eabi/lib/thumb/v7e-m+fp/hard\libc.a(lib_a-tzset_r.o)
                0x0800cbdc                _tzset_unlocked_r
 .text._write_r
                0x0800cf04       0x2c y:/coen20/gcc/bin/../lib/gcc/arm-none-eabi/9.3.1/../../../../arm-none-eabi/lib/thumb/v7e-m+fp/hard\libc.a(lib_a-writer.o)
                0x0800cf04                _write_r
 .text.__swsetup_r
                0x0800cf30       0xd0 y:/coen20/gcc/bin/../lib/gcc/arm-none-eabi/9.3.1/../../../../arm-none-eabi/lib/thumb/v7e-m+fp/hard\libc.a(lib_a-wsetup.o)
                0x0800cf30                __swsetup_r
 .text.startup.register_fini
                0x0800d000       0x14 y:/coen20/gcc/bin/../lib/gcc/arm-none-eabi/9.3.1/../../../../arm-none-eabi/lib/thumb/v7e-m+fp/hard\libc.a(lib_a-__call_atexit.o)
 .text.__call_exitprocs
                0x0800d014       0xcc y:/coen20/gcc/bin/../lib/gcc/arm-none-eabi/9.3.1/../../../../arm-none-eabi/lib/thumb/v7e-m+fp/hard\libc.a(lib_a-__call_atexit.o)
                0x0800d014                __call_exitprocs
 .text.atexit   0x0800d0e0        0xc y:/coen20/gcc/bin/../lib/gcc/arm-none-eabi/9.3.1/../../../../arm-none-eabi/lib/thumb/v7e-m+fp/hard\libc.a(lib_a-atexit.o)
                0x0800d0e0                atexit
 .text._close_r
                0x0800d0ec       0x24 y:/coen20/gcc/bin/../lib/gcc/arm-none-eabi/9.3.1/../../../../arm-none-eabi/lib/thumb/v7e-m+fp/hard\libc.a(lib_a-closer.o)
                0x0800d0ec                _close_r
 .text.div      0x0800d110       0x40 y:/coen20/gcc/bin/../lib/gcc/arm-none-eabi/9.3.1/../../../../arm-none-eabi/lib/thumb/v7e-m+fp/hard\libc.a(lib_a-div.o)
                0x0800d110                div
 .text.quorem   0x0800d150      0x11c y:/coen20/gcc/bin/../lib/gcc/arm-none-eabi/9.3.1/../../../../arm-none-eabi/lib/thumb/v7e-m+fp/hard\libc.a(lib_a-dtoa.o)
 *fill*         0x0800d26c        0x4 
 .text._dtoa_r  0x0800d270      0xf44 y:/coen20/gcc/bin/../lib/gcc/arm-none-eabi/9.3.1/../../../../arm-none-eabi/lib/thumb/v7e-m+fp/hard\libc.a(lib_a-dtoa.o)
                0x0800d270                _dtoa_r
 .text.__sflush_r
                0x0800e1b4      0x130 y:/coen20/gcc/bin/../lib/gcc/arm-none-eabi/9.3.1/../../../../arm-none-eabi/lib/thumb/v7e-m+fp/hard\libc.a(lib_a-fflush.o)
                0x0800e1b4                __sflush_r
 .text._fflush_r
                0x0800e2e4       0x5c y:/coen20/gcc/bin/../lib/gcc/arm-none-eabi/9.3.1/../../../../arm-none-eabi/lib/thumb/v7e-m+fp/hard\libc.a(lib_a-fflush.o)
                0x0800e2e4                _fflush_r
 .text.std      0x0800e340       0x50 y:/coen20/gcc/bin/../lib/gcc/arm-none-eabi/9.3.1/../../../../arm-none-eabi/lib/thumb/v7e-m+fp/hard\libc.a(lib_a-findfp.o)
 .text._cleanup_r
                0x0800e390        0xc y:/coen20/gcc/bin/../lib/gcc/arm-none-eabi/9.3.1/../../../../arm-none-eabi/lib/thumb/v7e-m+fp/hard\libc.a(lib_a-findfp.o)
                0x0800e390                _cleanup_r
 .text.__sinit  0x0800e39c       0x54 y:/coen20/gcc/bin/../lib/gcc/arm-none-eabi/9.3.1/../../../../arm-none-eabi/lib/thumb/v7e-m+fp/hard\libc.a(lib_a-findfp.o)
                0x0800e39c                __sinit
 .text.__sfp_lock_acquire
                0x0800e3f0        0xc y:/coen20/gcc/bin/../lib/gcc/arm-none-eabi/9.3.1/../../../../arm-none-eabi/lib/thumb/v7e-m+fp/hard\libc.a(lib_a-findfp.o)
                0x0800e3f0                __sfp_lock_acquire
 .text.__sfp_lock_release
                0x0800e3fc        0xc y:/coen20/gcc/bin/../lib/gcc/arm-none-eabi/9.3.1/../../../../arm-none-eabi/lib/thumb/v7e-m+fp/hard\libc.a(lib_a-findfp.o)
                0x0800e3fc                __sfp_lock_release
 .text.__libc_fini_array
                0x0800e408       0x2c y:/coen20/gcc/bin/../lib/gcc/arm-none-eabi/9.3.1/../../../../arm-none-eabi/lib/thumb/v7e-m+fp/hard\libc.a(lib_a-fini.o)
                0x0800e408                __libc_fini_array
 .text._malloc_trim_r
                0x0800e434       0xa0 y:/coen20/gcc/bin/../lib/gcc/arm-none-eabi/9.3.1/../../../../arm-none-eabi/lib/thumb/v7e-m+fp/hard\libc.a(lib_a-freer.o)
                0x0800e434                _malloc_trim_r
 .text._free_r  0x0800e4d4      0x208 y:/coen20/gcc/bin/../lib/gcc/arm-none-eabi/9.3.1/../../../../arm-none-eabi/lib/thumb/v7e-m+fp/hard\libc.a(lib_a-freer.o)
                0x0800e4d4                _free_r
 .text._fwalk_reent
                0x0800e6dc       0x48 y:/coen20/gcc/bin/../lib/gcc/arm-none-eabi/9.3.1/../../../../arm-none-eabi/lib/thumb/v7e-m+fp/hard\libc.a(lib_a-fwalk.o)
                0x0800e6dc                _fwalk_reent
 .text._findenv_r
                0x0800e724       0x80 y:/coen20/gcc/bin/../lib/gcc/arm-none-eabi/9.3.1/../../../../arm-none-eabi/lib/thumb/v7e-m+fp/hard\libc.a(lib_a-getenv_r.o)
                0x0800e724                _findenv_r
 .text._getenv_r
                0x0800e7a4       0x10 y:/coen20/gcc/bin/../lib/gcc/arm-none-eabi/9.3.1/../../../../arm-none-eabi/lib/thumb/v7e-m+fp/hard\libc.a(lib_a-getenv_r.o)
                0x0800e7a4                _getenv_r
 .text.__gettzinfo
                0x0800e7b4        0x8 y:/coen20/gcc/bin/../lib/gcc/arm-none-eabi/9.3.1/../../../../arm-none-eabi/lib/thumb/v7e-m+fp/hard\libc.a(lib_a-gettzinfo.o)
                0x0800e7b4                __gettzinfo
 .text.iswspace
                0x0800e7bc        0x8 y:/coen20/gcc/bin/../lib/gcc/arm-none-eabi/9.3.1/../../../../arm-none-eabi/lib/thumb/v7e-m+fp/hard\libc.a(lib_a-iswspace.o)
                0x0800e7bc                iswspace
 .text.iswspace_l
                0x0800e7c4       0x14 y:/coen20/gcc/bin/../lib/gcc/arm-none-eabi/9.3.1/../../../../arm-none-eabi/lib/thumb/v7e-m+fp/hard\libc.a(lib_a-iswspace_l.o)
                0x0800e7c4                iswspace_l
 .text.__locale_mb_cur_max
                0x0800e7d8        0xc y:/coen20/gcc/bin/../lib/gcc/arm-none-eabi/9.3.1/../../../../arm-none-eabi/lib/thumb/v7e-m+fp/hard\libc.a(lib_a-locale.o)
                0x0800e7d8                __locale_mb_cur_max
 .text._localeconv_r
                0x0800e7e4        0x8 y:/coen20/gcc/bin/../lib/gcc/arm-none-eabi/9.3.1/../../../../arm-none-eabi/lib/thumb/v7e-m+fp/hard\libc.a(lib_a-localeconv.o)
                0x0800e7e4                _localeconv_r
 .text.__retarget_lock_init_recursive
                0x0800e7ec        0x4 y:/coen20/gcc/bin/../lib/gcc/arm-none-eabi/9.3.1/../../../../arm-none-eabi/lib/thumb/v7e-m+fp/hard\libc.a(lib_a-lock.o)
                0x0800e7ec                __retarget_lock_init_recursive
 .text.__retarget_lock_close_recursive
                0x0800e7f0        0x4 y:/coen20/gcc/bin/../lib/gcc/arm-none-eabi/9.3.1/../../../../arm-none-eabi/lib/thumb/v7e-m+fp/hard\libc.a(lib_a-lock.o)
                0x0800e7f0                __retarget_lock_close_recursive
 .text.__retarget_lock_acquire
                0x0800e7f4        0x4 y:/coen20/gcc/bin/../lib/gcc/arm-none-eabi/9.3.1/../../../../arm-none-eabi/lib/thumb/v7e-m+fp/hard\libc.a(lib_a-lock.o)
                0x0800e7f4                __retarget_lock_acquire
 .text.__retarget_lock_acquire_recursive
                0x0800e7f8        0x4 y:/coen20/gcc/bin/../lib/gcc/arm-none-eabi/9.3.1/../../../../arm-none-eabi/lib/thumb/v7e-m+fp/hard\libc.a(lib_a-lock.o)
                0x0800e7f8                __retarget_lock_acquire_recursive
 .text.__retarget_lock_release
                0x0800e7fc        0x4 y:/coen20/gcc/bin/../lib/gcc/arm-none-eabi/9.3.1/../../../../arm-none-eabi/lib/thumb/v7e-m+fp/hard\libc.a(lib_a-lock.o)
                0x0800e7fc                __retarget_lock_release
 .text.__retarget_lock_release_recursive
                0x0800e800        0x4 y:/coen20/gcc/bin/../lib/gcc/arm-none-eabi/9.3.1/../../../../arm-none-eabi/lib/thumb/v7e-m+fp/hard\libc.a(lib_a-lock.o)
                0x0800e800                __retarget_lock_release_recursive
 .text._lseek_r
                0x0800e804       0x2c y:/coen20/gcc/bin/../lib/gcc/arm-none-eabi/9.3.1/../../../../arm-none-eabi/lib/thumb/v7e-m+fp/hard\libc.a(lib_a-lseekr.o)
                0x0800e804                _lseek_r
 .text.__swhatbuf_r
                0x0800e830       0x5c y:/coen20/gcc/bin/../lib/gcc/arm-none-eabi/9.3.1/../../../../arm-none-eabi/lib/thumb/v7e-m+fp/hard\libc.a(lib_a-makebuf.o)
                0x0800e830                __swhatbuf_r
 .text.__smakebuf_r
                0x0800e88c       0x98 y:/coen20/gcc/bin/../lib/gcc/arm-none-eabi/9.3.1/../../../../arm-none-eabi/lib/thumb/v7e-m+fp/hard\libc.a(lib_a-makebuf.o)
                0x0800e88c                __smakebuf_r
 .text.malloc   0x0800e924       0x10 y:/coen20/gcc/bin/../lib/gcc/arm-none-eabi/9.3.1/../../../../arm-none-eabi/lib/thumb/v7e-m+fp/hard\libc.a(lib_a-malloc.o)
                0x0800e924                malloc
 .text.free     0x0800e934       0x10 y:/coen20/gcc/bin/../lib/gcc/arm-none-eabi/9.3.1/../../../../arm-none-eabi/lib/thumb/v7e-m+fp/hard\libc.a(lib_a-malloc.o)
                0x0800e934                free
 .text._malloc_r
                0x0800e944      0x574 y:/coen20/gcc/bin/../lib/gcc/arm-none-eabi/9.3.1/../../../../arm-none-eabi/lib/thumb/v7e-m+fp/hard\libc.a(lib_a-mallocr.o)
                0x0800e944                _malloc_r
 .text._mbrtowc_r
                0x0800eeb8       0x44 y:/coen20/gcc/bin/../lib/gcc/arm-none-eabi/9.3.1/../../../../arm-none-eabi/lib/thumb/v7e-m+fp/hard\libc.a(lib_a-mbrtowc.o)
                0x0800eeb8                _mbrtowc_r
 .text.__ascii_mbtowc
                0x0800eefc       0x2c y:/coen20/gcc/bin/../lib/gcc/arm-none-eabi/9.3.1/../../../../arm-none-eabi/lib/thumb/v7e-m+fp/hard\libc.a(lib_a-mbtowc_r.o)
                0x0800eefc                __ascii_mbtowc
 *fill*         0x0800ef28        0x8 
 .text          0x0800ef30       0xa0 y:/coen20/gcc/bin/../lib/gcc/arm-none-eabi/9.3.1/../../../../arm-none-eabi/lib/thumb/v7e-m+fp/hard\libc.a(lib_a-memchr.o)
                0x0800ef30                memchr
 .text.__malloc_lock
                0x0800efd0        0xc y:/coen20/gcc/bin/../lib/gcc/arm-none-eabi/9.3.1/../../../../arm-none-eabi/lib/thumb/v7e-m+fp/hard\libc.a(lib_a-mlock.o)
                0x0800efd0                __malloc_lock
 .text.__malloc_unlock
                0x0800efdc        0xc y:/coen20/gcc/bin/../lib/gcc/arm-none-eabi/9.3.1/../../../../arm-none-eabi/lib/thumb/v7e-m+fp/hard\libc.a(lib_a-mlock.o)
                0x0800efdc                __malloc_unlock
 .text._Balloc  0x0800efe8       0x4c y:/coen20/gcc/bin/../lib/gcc/arm-none-eabi/9.3.1/../../../../arm-none-eabi/lib/thumb/v7e-m+fp/hard\libc.a(lib_a-mprec.o)
                0x0800efe8                _Balloc
 .text._Bfree   0x0800f034       0x14 y:/coen20/gcc/bin/../lib/gcc/arm-none-eabi/9.3.1/../../../../arm-none-eabi/lib/thumb/v7e-m+fp/hard\libc.a(lib_a-mprec.o)
                0x0800f034                _Bfree
 .text.__multadd
                0x0800f048       0xac y:/coen20/gcc/bin/../lib/gcc/arm-none-eabi/9.3.1/../../../../arm-none-eabi/lib/thumb/v7e-m+fp/hard\libc.a(lib_a-mprec.o)
                0x0800f048                __multadd
 .text.__s2b    0x0800f0f4       0xb4 y:/coen20/gcc/bin/../lib/gcc/arm-none-eabi/9.3.1/../../../../arm-none-eabi/lib/thumb/v7e-m+fp/hard\libc.a(lib_a-mprec.o)
                0x0800f0f4                __s2b
 .text.__hi0bits
                0x0800f1a8       0x40 y:/coen20/gcc/bin/../lib/gcc/arm-none-eabi/9.3.1/../../../../arm-none-eabi/lib/thumb/v7e-m+fp/hard\libc.a(lib_a-mprec.o)
                0x0800f1a8                __hi0bits
 .text.__lo0bits
                0x0800f1e8       0x60 y:/coen20/gcc/bin/../lib/gcc/arm-none-eabi/9.3.1/../../../../arm-none-eabi/lib/thumb/v7e-m+fp/hard\libc.a(lib_a-mprec.o)
                0x0800f1e8                __lo0bits
 .text.__i2b    0x0800f248       0x2c y:/coen20/gcc/bin/../lib/gcc/arm-none-eabi/9.3.1/../../../../arm-none-eabi/lib/thumb/v7e-m+fp/hard\libc.a(lib_a-mprec.o)
                0x0800f248                __i2b
 .text.__multiply
                0x0800f274      0x160 y:/coen20/gcc/bin/../lib/gcc/arm-none-eabi/9.3.1/../../../../arm-none-eabi/lib/thumb/v7e-m+fp/hard\libc.a(lib_a-mprec.o)
                0x0800f274                __multiply
 .text.__pow5mult
                0x0800f3d4       0x98 y:/coen20/gcc/bin/../lib/gcc/arm-none-eabi/9.3.1/../../../../arm-none-eabi/lib/thumb/v7e-m+fp/hard\libc.a(lib_a-mprec.o)
                0x0800f3d4                __pow5mult
 .text.__lshift
                0x0800f46c       0xe8 y:/coen20/gcc/bin/../lib/gcc/arm-none-eabi/9.3.1/../../../../arm-none-eabi/lib/thumb/v7e-m+fp/hard\libc.a(lib_a-mprec.o)
                0x0800f46c                __lshift
 .text.__mcmp   0x0800f554       0x3c y:/coen20/gcc/bin/../lib/gcc/arm-none-eabi/9.3.1/../../../../arm-none-eabi/lib/thumb/v7e-m+fp/hard\libc.a(lib_a-mprec.o)
                0x0800f554                __mcmp
 .text.__mdiff  0x0800f590      0x148 y:/coen20/gcc/bin/../lib/gcc/arm-none-eabi/9.3.1/../../../../arm-none-eabi/lib/thumb/v7e-m+fp/hard\libc.a(lib_a-mprec.o)
                0x0800f590                __mdiff
 .text.__ulp    0x0800f6d8       0x60 y:/coen20/gcc/bin/../lib/gcc/arm-none-eabi/9.3.1/../../../../arm-none-eabi/lib/thumb/v7e-m+fp/hard\libc.a(lib_a-mprec.o)
                0x0800f6d8                __ulp
 .text.__b2d    0x0800f738       0xc4 y:/coen20/gcc/bin/../lib/gcc/arm-none-eabi/9.3.1/../../../../arm-none-eabi/lib/thumb/v7e-m+fp/hard\libc.a(lib_a-mprec.o)
                0x0800f738                __b2d
 .text.__d2b    0x0800f7fc       0xd0 y:/coen20/gcc/bin/../lib/gcc/arm-none-eabi/9.3.1/../../../../arm-none-eabi/lib/thumb/v7e-m+fp/hard\libc.a(lib_a-mprec.o)
                0x0800f7fc                __d2b
 .text.__ratio  0x0800f8cc       0x5c y:/coen20/gcc/bin/../lib/gcc/arm-none-eabi/9.3.1/../../../../arm-none-eabi/lib/thumb/v7e-m+fp/hard\libc.a(lib_a-mprec.o)
                0x0800f8cc                __ratio
 .text.__copybits
                0x0800f928       0x48 y:/coen20/gcc/bin/../lib/gcc/arm-none-eabi/9.3.1/../../../../arm-none-eabi/lib/thumb/v7e-m+fp/hard\libc.a(lib_a-mprec.o)
                0x0800f928                __copybits
 .text.__any_on
                0x0800f970       0x64 y:/coen20/gcc/bin/../lib/gcc/arm-none-eabi/9.3.1/../../../../arm-none-eabi/lib/thumb/v7e-m+fp/hard\libc.a(lib_a-mprec.o)
                0x0800f970                __any_on
 .text._read_r  0x0800f9d4       0x2c y:/coen20/gcc/bin/../lib/gcc/arm-none-eabi/9.3.1/../../../../arm-none-eabi/lib/thumb/v7e-m+fp/hard\libc.a(lib_a-readr.o)
                0x0800f9d4                _read_r
 .text.realloc  0x0800fa00       0x10 y:/coen20/gcc/bin/../lib/gcc/arm-none-eabi/9.3.1/../../../../arm-none-eabi/lib/thumb/v7e-m+fp/hard\libc.a(lib_a-realloc.o)
                0x0800fa00                realloc
 .text._realloc_r
                0x0800fa10      0x3e0 y:/coen20/gcc/bin/../lib/gcc/arm-none-eabi/9.3.1/../../../../arm-none-eabi/lib/thumb/v7e-m+fp/hard\libc.a(lib_a-reallocr.o)
                0x0800fa10                _realloc_r
 .text.frexp    0x0800fdf0       0x6c y:/coen20/gcc/bin/../lib/gcc/arm-none-eabi/9.3.1/../../../../arm-none-eabi/lib/thumb/v7e-m+fp/hard\libc.a(lib_a-s_frexp.o)
                0x0800fdf0                frexp
 .text._sbrk_r  0x0800fe5c       0x24 y:/coen20/gcc/bin/../lib/gcc/arm-none-eabi/9.3.1/../../../../arm-none-eabi/lib/thumb/v7e-m+fp/hard\libc.a(lib_a-sbrkr.o)
                0x0800fe5c                _sbrk_r
 .text.__sccl   0x0800fe80       0x88 y:/coen20/gcc/bin/../lib/gcc/arm-none-eabi/9.3.1/../../../../arm-none-eabi/lib/thumb/v7e-m+fp/hard\libc.a(lib_a-sccl.o)
                0x0800fe80                __sccl
 .text.siscanf  0x0800ff08       0x58 y:/coen20/gcc/bin/../lib/gcc/arm-none-eabi/9.3.1/../../../../arm-none-eabi/lib/thumb/v7e-m+fp/hard\libc.a(lib_a-siscanf.o)
                0x0800ff08                siscanf
 .text.strncmp  0x0800ff60       0x7c y:/coen20/gcc/bin/../lib/gcc/arm-none-eabi/9.3.1/../../../../arm-none-eabi/lib/thumb/v7e-m+fp/hard\libc.a(lib_a-strncmp.o)
                0x0800ff60                strncmp
 .text.strncpy  0x0800ffdc       0x68 y:/coen20/gcc/bin/../lib/gcc/arm-none-eabi/9.3.1/../../../../arm-none-eabi/lib/thumb/v7e-m+fp/hard\libc.a(lib_a-strncpy.o)
                0x0800ffdc                strncpy
 .text.sulp     0x08010044       0x38 y:/coen20/gcc/bin/../lib/gcc/arm-none-eabi/9.3.1/../../../../arm-none-eabi/lib/thumb/v7e-m+fp/hard\libc.a(lib_a-strtod.o)
 *fill*         0x0801007c        0x4 
 .text._strtod_l
                0x08010080      0xf98 y:/coen20/gcc/bin/../lib/gcc/arm-none-eabi/9.3.1/../../../../arm-none-eabi/lib/thumb/v7e-m+fp/hard\libc.a(lib_a-strtod.o)
                0x08010080                _strtod_l
 .text._strtod_r
                0x08011018        0xc y:/coen20/gcc/bin/../lib/gcc/arm-none-eabi/9.3.1/../../../../arm-none-eabi/lib/thumb/v7e-m+fp/hard\libc.a(lib_a-strtod.o)
                0x08011018                _strtod_r
 .text._strtol_l.isra.0
                0x08011024      0x12c y:/coen20/gcc/bin/../lib/gcc/arm-none-eabi/9.3.1/../../../../arm-none-eabi/lib/thumb/v7e-m+fp/hard\libc.a(lib_a-strtol.o)
 .text._strtol_r
                0x08011150        0x4 y:/coen20/gcc/bin/../lib/gcc/arm-none-eabi/9.3.1/../../../../arm-none-eabi/lib/thumb/v7e-m+fp/hard\libc.a(lib_a-strtol.o)
                0x08011150                _strtol_r
 .text._strtoll_l.isra.0
                0x08011154      0x17c y:/coen20/gcc/bin/../lib/gcc/arm-none-eabi/9.3.1/../../../../arm-none-eabi/lib/thumb/v7e-m+fp/hard\libc.a(lib_a-strtoll.o)
 .text._strtoll_r
                0x080112d0        0x4 y:/coen20/gcc/bin/../lib/gcc/arm-none-eabi/9.3.1/../../../../arm-none-eabi/lib/thumb/v7e-m+fp/hard\libc.a(lib_a-strtoll.o)
                0x080112d0                _strtoll_r
 .text._strtoul_l.isra.0
                0x080112d4      0x13c y:/coen20/gcc/bin/../lib/gcc/arm-none-eabi/9.3.1/../../../../arm-none-eabi/lib/thumb/v7e-m+fp/hard\libc.a(lib_a-strtoul.o)
 .text._strtoul_r
                0x08011410        0x4 y:/coen20/gcc/bin/../lib/gcc/arm-none-eabi/9.3.1/../../../../arm-none-eabi/lib/thumb/v7e-m+fp/hard\libc.a(lib_a-strtoul.o)
                0x08011410                _strtoul_r
 .text.strtoul  0x08011414       0x18 y:/coen20/gcc/bin/../lib/gcc/arm-none-eabi/9.3.1/../../../../arm-none-eabi/lib/thumb/v7e-m+fp/hard\libc.a(lib_a-strtoul.o)
                0x08011414                strtoul
 .text._strtoull_l.isra.0
                0x0801142c      0x1b8 y:/coen20/gcc/bin/../lib/gcc/arm-none-eabi/9.3.1/../../../../arm-none-eabi/lib/thumb/v7e-m+fp/hard\libc.a(lib_a-strtoull.o)
 .text._strtoull_r
                0x080115e4        0x4 y:/coen20/gcc/bin/../lib/gcc/arm-none-eabi/9.3.1/../../../../arm-none-eabi/lib/thumb/v7e-m+fp/hard\libc.a(lib_a-strtoull.o)
                0x080115e4                _strtoull_r
 .text.__ssprint_r
                0x080115e8       0xf8 y:/coen20/gcc/bin/../lib/gcc/arm-none-eabi/9.3.1/../../../../arm-none-eabi/lib/thumb/v7e-m+fp/hard\libc.a(lib_a-svfiprintf.o)
                0x080115e8                __ssprint_r
 .text._sungetc_r
                0x080116e0       0x80 y:/coen20/gcc/bin/../lib/gcc/arm-none-eabi/9.3.1/../../../../arm-none-eabi/lib/thumb/v7e-m+fp/hard\libc.a(lib_a-svfiscanf.o)
                0x080116e0                _sungetc_r
 .text.__ssrefill_r
                0x08011760       0x3c y:/coen20/gcc/bin/../lib/gcc/arm-none-eabi/9.3.1/../../../../arm-none-eabi/lib/thumb/v7e-m+fp/hard\libc.a(lib_a-svfiscanf.o)
                0x08011760                __ssrefill_r
 .text._sfread_r
                0x0801179c       0x7c y:/coen20/gcc/bin/../lib/gcc/arm-none-eabi/9.3.1/../../../../arm-none-eabi/lib/thumb/v7e-m+fp/hard\libc.a(lib_a-svfiscanf.o)
                0x0801179c                _sfread_r
 .text.__ssvfiscanf_r
                0x08011818     0x125c y:/coen20/gcc/bin/../lib/gcc/arm-none-eabi/9.3.1/../../../../arm-none-eabi/lib/thumb/v7e-m+fp/hard\libc.a(lib_a-svfiscanf.o)
                0x08011818                __ssvfiscanf_r
 .text.__submore
                0x08012a74       0x78 y:/coen20/gcc/bin/../lib/gcc/arm-none-eabi/9.3.1/../../../../arm-none-eabi/lib/thumb/v7e-m+fp/hard\libc.a(lib_a-ungetc.o)
                0x08012a74                __submore
 .text.__sprint_r.part.0
                0x08012aec       0x78 y:/coen20/gcc/bin/../lib/gcc/arm-none-eabi/9.3.1/../../../../arm-none-eabi/lib/thumb/v7e-m+fp/hard\libc.a(lib_a-vfiprintf.o)
 .text._vfiprintf_r
                0x08012b64      0xd4c y:/coen20/gcc/bin/../lib/gcc/arm-none-eabi/9.3.1/../../../../arm-none-eabi/lib/thumb/v7e-m+fp/hard\libc.a(lib_a-vfiprintf.o)
                0x08012b64                _vfiprintf_r
 .text.__sbprintf
                0x080138b0       0x84 y:/coen20/gcc/bin/../lib/gcc/arm-none-eabi/9.3.1/../../../../arm-none-eabi/lib/thumb/v7e-m+fp/hard\libc.a(lib_a-vfiprintf.o)
 .text.__ascii_wctomb
                0x08013934       0x1c y:/coen20/gcc/bin/../lib/gcc/arm-none-eabi/9.3.1/../../../../arm-none-eabi/lib/thumb/v7e-m+fp/hard\libc.a(lib_a-wctomb_r.o)
                0x08013934                __ascii_wctomb
 .text.__register_exitproc
                0x08013950       0x8c y:/coen20/gcc/bin/../lib/gcc/arm-none-eabi/9.3.1/../../../../arm-none-eabi/lib/thumb/v7e-m+fp/hard\libc.a(lib_a-__atexit.o)
                0x08013950                __register_exitproc
 .text.__assert_func
                0x080139dc       0x3c y:/coen20/gcc/bin/../lib/gcc/arm-none-eabi/9.3.1/../../../../arm-none-eabi/lib/thumb/v7e-m+fp/hard\libc.a(lib_a-assert.o)
                0x080139dc                __assert_func
 .text._calloc_r
                0x08013a18       0x60 y:/coen20/gcc/bin/../lib/gcc/arm-none-eabi/9.3.1/../../../../arm-none-eabi/lib/thumb/v7e-m+fp/hard\libc.a(lib_a-callocr.o)
                0x08013a18                _calloc_r
 .text.__env_lock
                0x08013a78        0xc y:/coen20/gcc/bin/../lib/gcc/arm-none-eabi/9.3.1/../../../../arm-none-eabi/lib/thumb/v7e-m+fp/hard\libc.a(lib_a-envlock.o)
                0x08013a78                __env_lock
 .text.__env_unlock
                0x08013a84        0xc y:/coen20/gcc/bin/../lib/gcc/arm-none-eabi/9.3.1/../../../../arm-none-eabi/lib/thumb/v7e-m+fp/hard\libc.a(lib_a-envlock.o)
                0x08013a84                __env_unlock
 .text._fclose_r
                0x08013a90       0xcc y:/coen20/gcc/bin/../lib/gcc/arm-none-eabi/9.3.1/../../../../arm-none-eabi/lib/thumb/v7e-m+fp/hard\libc.a(lib_a-fclose.o)
                0x08013a90                _fclose_r
 .text.fiprintf
                0x08013b5c       0x28 y:/coen20/gcc/bin/../lib/gcc/arm-none-eabi/9.3.1/../../../../arm-none-eabi/lib/thumb/v7e-m+fp/hard\libc.a(lib_a-fiprintf.o)
                0x08013b5c                fiprintf
 .text.__fputwc
                0x08013b84       0xa8 y:/coen20/gcc/bin/../lib/gcc/arm-none-eabi/9.3.1/../../../../arm-none-eabi/lib/thumb/v7e-m+fp/hard\libc.a(lib_a-fputwc.o)
                0x08013b84                __fputwc
 .text._fputwc_r
                0x08013c2c       0x68 y:/coen20/gcc/bin/../lib/gcc/arm-none-eabi/9.3.1/../../../../arm-none-eabi/lib/thumb/v7e-m+fp/hard\libc.a(lib_a-fputwc.o)
                0x08013c2c                _fputwc_r
 .text._fstat_r
                0x08013c94       0x2c y:/coen20/gcc/bin/../lib/gcc/arm-none-eabi/9.3.1/../../../../arm-none-eabi/lib/thumb/v7e-m+fp/hard\libc.a(lib_a-fstatr.o)
                0x08013c94                _fstat_r
 .text.__sfvwrite_r
                0x08013cc0      0x2e0 y:/coen20/gcc/bin/../lib/gcc/arm-none-eabi/9.3.1/../../../../arm-none-eabi/lib/thumb/v7e-m+fp/hard\libc.a(lib_a-fvwrite.o)
                0x08013cc0                __sfvwrite_r
 .text.rshift   0x08013fa0       0xa4 y:/coen20/gcc/bin/../lib/gcc/arm-none-eabi/9.3.1/../../../../arm-none-eabi/lib/thumb/v7e-m+fp/hard\libc.a(lib_a-gdtoa-gethex.o)
 .text.__gethex
                0x08014044      0x570 y:/coen20/gcc/bin/../lib/gcc/arm-none-eabi/9.3.1/../../../../arm-none-eabi/lib/thumb/v7e-m+fp/hard\libc.a(lib_a-gdtoa-gethex.o)
                0x08014044                __gethex
 .text.__match  0x080145b4       0x30 y:/coen20/gcc/bin/../lib/gcc/arm-none-eabi/9.3.1/../../../../arm-none-eabi/lib/thumb/v7e-m+fp/hard\libc.a(lib_a-gdtoa-hexnan.o)
                0x080145b4                __match
 .text.__hexnan
                0x080145e4      0x1a4 y:/coen20/gcc/bin/../lib/gcc/arm-none-eabi/9.3.1/../../../../arm-none-eabi/lib/thumb/v7e-m+fp/hard\libc.a(lib_a-gdtoa-hexnan.o)
                0x080145e4                __hexnan
 .text._isatty_r
                0x08014788       0x24 y:/coen20/gcc/bin/../lib/gcc/arm-none-eabi/9.3.1/../../../../arm-none-eabi/lib/thumb/v7e-m+fp/hard\libc.a(lib_a-isattyr.o)
                0x08014788                _isatty_r
 .text.memmove  0x080147ac       0xd8 y:/coen20/gcc/bin/../lib/gcc/arm-none-eabi/9.3.1/../../../../arm-none-eabi/lib/thumb/v7e-m+fp/hard\libc.a(lib_a-memmove.o)
                0x080147ac                memmove
 *fill*         0x08014884        0x4 
 .text.nan      0x08014888       0x10 y:/coen20/gcc/bin/../lib/gcc/arm-none-eabi/9.3.1/../../../../arm-none-eabi/lib/thumb/v7e-m+fp/hard\libc.a(lib_a-s_nan.o)
                0x08014888                nan
 .text.__swbuf_r
                0x08014898       0xb0 y:/coen20/gcc/bin/../lib/gcc/arm-none-eabi/9.3.1/../../../../arm-none-eabi/lib/thumb/v7e-m+fp/hard\libc.a(lib_a-wbuf.o)
                0x08014898                __swbuf_r
 .text._wcrtomb_r
                0x08014948       0x3c y:/coen20/gcc/bin/../lib/gcc/arm-none-eabi/9.3.1/../../../../arm-none-eabi/lib/thumb/v7e-m+fp/hard\libc.a(lib_a-wcrtomb.o)
                0x08014948                _wcrtomb_r
 .text.abort    0x08014984       0x10 y:/coen20/gcc/bin/../lib/gcc/arm-none-eabi/9.3.1/../../../../arm-none-eabi/lib/thumb/v7e-m+fp/hard\libc.a(lib_a-abort.o)
                0x08014984                abort
 .text._raise_r
                0x08014994       0x58 y:/coen20/gcc/bin/../lib/gcc/arm-none-eabi/9.3.1/../../../../arm-none-eabi/lib/thumb/v7e-m+fp/hard\libc.a(lib_a-signal.o)
                0x08014994                _raise_r
 .text.raise    0x080149ec       0x10 y:/coen20/gcc/bin/../lib/gcc/arm-none-eabi/9.3.1/../../../../arm-none-eabi/lib/thumb/v7e-m+fp/hard\libc.a(lib_a-signal.o)
                0x080149ec                raise
 .text._kill_r  0x080149fc       0x2c y:/coen20/gcc/bin/../lib/gcc/arm-none-eabi/9.3.1/../../../../arm-none-eabi/lib/thumb/v7e-m+fp/hard\libc.a(lib_a-signalr.o)
                0x080149fc                _kill_r
 .text._getpid_r
                0x08014a28        0x4 y:/coen20/gcc/bin/../lib/gcc/arm-none-eabi/9.3.1/../../../../arm-none-eabi/lib/thumb/v7e-m+fp/hard\libc.a(lib_a-signalr.o)
                0x08014a28                _getpid_r
 .text._sbrk    0x08014a2c       0x1c y:/coen20/gcc/bin/../lib/gcc/arm-none-eabi/9.3.1/../../../../arm-none-eabi/lib/thumb/v7e-m+fp/hard\libnosys.a(sbrk.o)
                0x08014a2c                _sbrk
 .text._exit    0x08014a48        0x4 y:/coen20/gcc/bin/../lib/gcc/arm-none-eabi/9.3.1/../../../../arm-none-eabi/lib/thumb/v7e-m+fp/hard\libnosys.a(_exit.o)
                0x08014a48                _exit
 .text          0x08014a4c      0x378 y:/coen20/gcc/bin/../lib/gcc/arm-none-eabi/9.3.1/thumb/v7e-m+fp/hard\libgcc.a(_arm_addsubdf3.o)
                0x08014a4c                __aeabi_drsub
                0x08014a54                __aeabi_dsub
                0x08014a54                __subdf3
                0x08014a58                __aeabi_dadd
                0x08014a58                __adddf3
                0x08014cd0                __floatunsidf
                0x08014cd0                __aeabi_ui2d
                0x08014cf0                __floatsidf
                0x08014cf0                __aeabi_i2d
                0x08014d14                __aeabi_f2d
                0x08014d14                __extendsfdf2
                0x08014d58                __floatundidf
                0x08014d58                __aeabi_ul2d
                0x08014d68                __floatdidf
                0x08014d68                __aeabi_l2d
 .text          0x08014dc4      0x424 y:/coen20/gcc/bin/../lib/gcc/arm-none-eabi/9.3.1/thumb/v7e-m+fp/hard\libgcc.a(_arm_muldivdf3.o)
                0x08014dc4                __aeabi_dmul
                0x08014dc4                __muldf3
                0x08015018                __divdf3
                0x08015018                __aeabi_ddiv
 .text          0x080151e8      0x110 y:/coen20/gcc/bin/../lib/gcc/arm-none-eabi/9.3.1/thumb/v7e-m+fp/hard\libgcc.a(_arm_cmpdf2.o)
                0x080151e8                __gtdf2
                0x080151e8                __gedf2
                0x080151f0                __ltdf2
                0x080151f0                __ledf2
                0x080151f8                __nedf2
                0x080151f8                __eqdf2
                0x080151f8                __cmpdf2
                0x08015274                __aeabi_cdrcmple
                0x08015284                __aeabi_cdcmpeq
                0x08015284                __aeabi_cdcmple
                0x08015294                __aeabi_dcmpeq
                0x080152a8                __aeabi_dcmplt
                0x080152bc                __aeabi_dcmple
                0x080152d0                __aeabi_dcmpge
                0x080152e4                __aeabi_dcmpgt
 .text          0x080152f8       0x2c y:/coen20/gcc/bin/../lib/gcc/arm-none-eabi/9.3.1/thumb/v7e-m+fp/hard\libgcc.a(_arm_unorddf2.o)
                0x080152f8                __unorddf2
                0x080152f8                __aeabi_dcmpun
 .text          0x08015324       0x50 y:/coen20/gcc/bin/../lib/gcc/arm-none-eabi/9.3.1/thumb/v7e-m+fp/hard\libgcc.a(_arm_fixdfsi.o)
                0x08015324                __aeabi_d2iz
                0x08015324                __fixdfsi
 .text          0x08015374       0x40 y:/coen20/gcc/bin/../lib/gcc/arm-none-eabi/9.3.1/thumb/v7e-m+fp/hard\libgcc.a(_arm_fixunsdfsi.o)
                0x08015374                __aeabi_d2uiz
                0x08015374                __fixunsdfsi
 .text          0x080153b4       0xa0 y:/coen20/gcc/bin/../lib/gcc/arm-none-eabi/9.3.1/thumb/v7e-m+fp/hard\libgcc.a(_arm_truncdfsf2.o)
                0x080153b4                __truncdfsf2
                0x080153b4                __aeabi_d2f
 .text          0x08015454       0xa0 y:/coen20/gcc/bin/../lib/gcc/arm-none-eabi/9.3.1/thumb/v7e-m+fp/hard\libgcc.a(_aeabi_ldivmod.o)
                0x08015454                __aeabi_ldivmod
 .text          0x080154f4       0x30 y:/coen20/gcc/bin/../lib/gcc/arm-none-eabi/9.3.1/thumb/v7e-m+fp/hard\libgcc.a(_aeabi_uldivmod.o)
                0x080154f4                __aeabi_uldivmod
 .text          0x08015524       0x30 y:/coen20/gcc/bin/../lib/gcc/arm-none-eabi/9.3.1/thumb/v7e-m+fp/hard\libgcc.a(_fixdfdi.o)
                0x08015524                __fixdfdi
                0x08015524                __aeabi_d2lz
 .text          0x08015554       0x3c y:/coen20/gcc/bin/../lib/gcc/arm-none-eabi/9.3.1/thumb/v7e-m+fp/hard\libgcc.a(_fixunsdfdi.o)
                0x08015554                __fixunsdfdi
                0x08015554                __aeabi_d2ulz
 .text          0x08015590      0x2c4 y:/coen20/gcc/bin/../lib/gcc/arm-none-eabi/9.3.1/thumb/v7e-m+fp/hard\libgcc.a(_udivmoddi4.o)
                0x08015590                __udivmoddi4
 .text          0x08015854        0x4 y:/coen20/gcc/bin/../lib/gcc/arm-none-eabi/9.3.1/thumb/v7e-m+fp/hard\libgcc.a(_dvmd_tls.o)
                0x08015854                __aeabi_idiv0
                0x08015854                __aeabi_ldiv0
 *(.init)
 .init          0x08015858        0x4 y:/coen20/gcc/bin/../lib/gcc/arm-none-eabi/9.3.1/thumb/v7e-m+fp/hard/crti.o
                0x08015858                _init
 .init          0x0801585c        0x8 y:/coen20/gcc/bin/../lib/gcc/arm-none-eabi/9.3.1/thumb/v7e-m+fp/hard/crtn.o
 *(.fini)
 .fini          0x08015864        0x4 y:/coen20/gcc/bin/../lib/gcc/arm-none-eabi/9.3.1/thumb/v7e-m+fp/hard/crti.o
                0x08015864                _fini
 .fini          0x08015868        0x8 y:/coen20/gcc/bin/../lib/gcc/arm-none-eabi/9.3.1/thumb/v7e-m+fp/hard/crtn.o
 *crtbegin.o(.ctors)
 *crtbegin?.o(.ctors)
 *(EXCLUDE_FILE(*crtend.o *crtend?.o) .ctors)
 *(SORT_BY_NAME(.ctors.*))
 *(.ctors)
 *crtbegin.o(.dtors)
 *crtbegin?.o(.dtors)
 *(EXCLUDE_FILE(*crtend.o *crtend?.o) .dtors)
 *(SORT_BY_NAME(.dtors.*))
 *(.dtors)
 *(.rodata*)
 .rodata        0x08015870      0x1eb obj/Lab9C-Main-c.o
 *fill*         0x08015a5b        0x1 
 .rodata.location
                0x08015a5c       0x10 obj/Lab9C-Main-c.o
 .rodata.moon   0x08015a6c     0x2a66 obj/Lab9C-Main-c.o
 *fill*         0x080184d2        0x2 
 .rodata.sun    0x080184d4     0x2a66 obj/Lab9C-Main-c.o
 .rodata.DisplayHeader.str1.1
                0x0801af3a       0x27 library.a(initialize.o)
 .rodata._write.str1.1
                0x0801af61       0x27 library.a(initialize.o)
                                  0x1 (size before relaxing)
 .rodata.Font12_Table
                0x0801af61      0x474 library.a(stm32f429i_discovery_lcd.o)
                0x0801af61                Font12_Table
 .rodata.Font16_Table
                0x0801b3d5      0xbe0 library.a(stm32f429i_discovery_lcd.o)
                0x0801b3d5                Font16_Table
 .rodata.Font20_Table
                0x0801bfb5      0xed8 library.a(stm32f429i_discovery_lcd.o)
                0x0801bfb5                Font20_Table
 .rodata.Font24_Table
                0x0801ce8d     0x1ab8 library.a(stm32f429i_discovery_lcd.o)
                0x0801ce8d                Font24_Table
 .rodata.CSWTCH.4
                0x0801e945        0x7 library.a(stm32f4xx_hal_ltdc.o)
 .rodata.APBAHBPrescTable
                0x0801e94c       0x10 library.a(stm32f4xx_hal_rcc.o)
                0x0801e94c                APBAHBPrescTable
 .rodata.SVC_Label.str1.1
                0x0801e95c        0xe library.a(svcHandler.o)
 .rodata.F32.str1.1
                0x0801e96a       0x20 library.a(svcHandler.o)
 .rodata.FlPtRegs.str1.1
                0x0801e98a       0x1a library.a(svcHandler.o)
 .rodata._MemManageHandler.str1.1
                0x0801e9a4       0x10 library.a(svcHandler.o)
 .rodata._BusFault_Handler.str1.1
                0x0801e9b4        0xb library.a(svcHandler.o)
 .rodata._HardFault_Handler.str1.1
                0x0801e9bf        0xc library.a(svcHandler.o)
 .rodata._UsageFault_Handler.str1.1
                0x0801e9cb       0x76 library.a(svcHandler.o)
 .rodata.SVC_Exception.str1.1
                0x0801ea41       0x15 library.a(svcHandler.o)
 .rodata.str1.1
                0x0801ea56      0x11e library.a(svcHandler.o)
 .rodata.atanhi
                0x0801eb74       0x10 y:/coen20/gcc/bin/../lib/gcc/arm-none-eabi/9.3.1/../../../../arm-none-eabi/lib/thumb/v7e-m+fp/hard\libm.a(lib_a-sf_atan.o)
 .rodata.atanlo
                0x0801eb84       0x10 y:/coen20/gcc/bin/../lib/gcc/arm-none-eabi/9.3.1/../../../../arm-none-eabi/lib/thumb/v7e-m+fp/hard\libm.a(lib_a-sf_atan.o)
 .rodata.acosf.str1.4
                0x0801eb94        0x0 y:/coen20/gcc/bin/../lib/gcc/arm-none-eabi/9.3.1/../../../../arm-none-eabi/lib/thumb/v7e-m+fp/hard\libm.a(lib_a-wf_acos.o)
                                  0x1 (size before relaxing)
 .rodata.CSWTCH.8
                0x0801eb94        0xc y:/coen20/gcc/bin/../lib/gcc/arm-none-eabi/9.3.1/../../../../arm-none-eabi/lib/thumb/v7e-m+fp/hard\libm.a(lib_a-ef_atan2.o)
 .rodata.CSWTCH.9
                0x0801eba0        0xc y:/coen20/gcc/bin/../lib/gcc/arm-none-eabi/9.3.1/../../../../arm-none-eabi/lib/thumb/v7e-m+fp/hard\libm.a(lib_a-ef_atan2.o)
 .rodata.npio2_hw
                0x0801ebac       0x80 y:/coen20/gcc/bin/../lib/gcc/arm-none-eabi/9.3.1/../../../../arm-none-eabi/lib/thumb/v7e-m+fp/hard\libm.a(lib_a-ef_rem_pio2.o)
 .rodata.two_over_pi
                0x0801ec2c      0x318 y:/coen20/gcc/bin/../lib/gcc/arm-none-eabi/9.3.1/../../../../arm-none-eabi/lib/thumb/v7e-m+fp/hard\libm.a(lib_a-ef_rem_pio2.o)
 .rodata.PIo2   0x0801ef44       0x2c y:/coen20/gcc/bin/../lib/gcc/arm-none-eabi/9.3.1/../../../../arm-none-eabi/lib/thumb/v7e-m+fp/hard\libm.a(lib_a-kf_rem_pio2.o)
 .rodata.init_jk
                0x0801ef70        0xc y:/coen20/gcc/bin/../lib/gcc/arm-none-eabi/9.3.1/../../../../arm-none-eabi/lib/thumb/v7e-m+fp/hard\libm.a(lib_a-kf_rem_pio2.o)
 .rodata._global_impure_ptr
                0x0801ef7c        0x4 y:/coen20/gcc/bin/../lib/gcc/arm-none-eabi/9.3.1/../../../../arm-none-eabi/lib/thumb/v7e-m+fp/hard\libc.a(lib_a-impure.o)
                0x0801ef7c                _global_impure_ptr
 .rodata.DAYS_IN_MONTH
                0x0801ef80       0x30 y:/coen20/gcc/bin/../lib/gcc/arm-none-eabi/9.3.1/../../../../arm-none-eabi/lib/thumb/v7e-m+fp/hard\libc.a(lib_a-mktime.o)
 .rodata._DAYS_BEFORE_MONTH
                0x0801efb0       0x30 y:/coen20/gcc/bin/../lib/gcc/arm-none-eabi/9.3.1/../../../../arm-none-eabi/lib/thumb/v7e-m+fp/hard\libc.a(lib_a-mktime.o)
 .rodata._svfprintf_r.str1.4
                0x0801efe0       0x42 y:/coen20/gcc/bin/../lib/gcc/arm-none-eabi/9.3.1/../../../../arm-none-eabi/lib/thumb/v7e-m+fp/hard\libc.a(lib_a-svfprintf.o)
 *fill*         0x0801f022        0x2 
 .rodata.blanks.8698
                0x0801f024       0x10 y:/coen20/gcc/bin/../lib/gcc/arm-none-eabi/9.3.1/../../../../arm-none-eabi/lib/thumb/v7e-m+fp/hard\libc.a(lib_a-svfprintf.o)
 .rodata.zeroes.8699
                0x0801f034       0x10 y:/coen20/gcc/bin/../lib/gcc/arm-none-eabi/9.3.1/../../../../arm-none-eabi/lib/thumb/v7e-m+fp/hard\libc.a(lib_a-svfprintf.o)
 .rodata.__ssvfscanf_r.str1.4
                0x0801f044        0x5 y:/coen20/gcc/bin/../lib/gcc/arm-none-eabi/9.3.1/../../../../arm-none-eabi/lib/thumb/v7e-m+fp/hard\libc.a(lib_a-svfscanf.o)
                                  0x9 (size before relaxing)
 *fill*         0x0801f049        0x3 
 .rodata.basefix.8767
                0x0801f04c       0x22 y:/coen20/gcc/bin/../lib/gcc/arm-none-eabi/9.3.1/../../../../arm-none-eabi/lib/thumb/v7e-m+fp/hard\libc.a(lib_a-svfscanf.o)
 *fill*         0x0801f06e        0x2 
 .rodata._tzset_unlocked_r.str1.4
                0x0801f070       0x53 y:/coen20/gcc/bin/../lib/gcc/arm-none-eabi/9.3.1/../../../../arm-none-eabi/lib/thumb/v7e-m+fp/hard\libc.a(lib_a-tzset_r.o)
 .rodata.str1.4
                0x0801f0c3        0x4 y:/coen20/gcc/bin/../lib/gcc/arm-none-eabi/9.3.1/../../../../arm-none-eabi/lib/thumb/v7e-m+fp/hard\libc.a(lib_a-tzvars.o)
 *fill*         0x0801f0c3        0x1 
 .rodata._ctype_
                0x0801f0c4      0x101 y:/coen20/gcc/bin/../lib/gcc/arm-none-eabi/9.3.1/../../../../arm-none-eabi/lib/thumb/v7e-m+fp/hard\libc.a(lib_a-ctype_.o)
                0x0801f0c4                _ctype_
 *fill*         0x0801f1c5        0x3 
 .rodata._dtoa_r.str1.4
                0x0801f1c8       0xa0 y:/coen20/gcc/bin/../lib/gcc/arm-none-eabi/9.3.1/../../../../arm-none-eabi/lib/thumb/v7e-m+fp/hard\libc.a(lib_a-dtoa.o)
                                 0xa4 (size before relaxing)
 .rodata._setlocale_r.str1.4
                0x0801f268        0xa y:/coen20/gcc/bin/../lib/gcc/arm-none-eabi/9.3.1/../../../../arm-none-eabi/lib/thumb/v7e-m+fp/hard\libc.a(lib_a-locale.o)
                                  0xd (size before relaxing)
 *fill*         0x0801f272        0x2 
 .rodata.str1.4
                0x0801f274        0x2 y:/coen20/gcc/bin/../lib/gcc/arm-none-eabi/9.3.1/../../../../arm-none-eabi/lib/thumb/v7e-m+fp/hard\libc.a(lib_a-locale.o)
 .rodata._mbrtowc_r.str1.4
                0x0801f276        0x1 y:/coen20/gcc/bin/../lib/gcc/arm-none-eabi/9.3.1/../../../../arm-none-eabi/lib/thumb/v7e-m+fp/hard\libc.a(lib_a-mbrtowc.o)
 *fill*         0x0801f276        0x2 
 .rodata.__month_lengths
                0x0801f278       0x60 y:/coen20/gcc/bin/../lib/gcc/arm-none-eabi/9.3.1/../../../../arm-none-eabi/lib/thumb/v7e-m+fp/hard\libc.a(lib_a-month_lengths.o)
                0x0801f278                __month_lengths
 .rodata.__multadd.str1.4
                0x0801f2d8       0x7d y:/coen20/gcc/bin/../lib/gcc/arm-none-eabi/9.3.1/../../../../arm-none-eabi/lib/thumb/v7e-m+fp/hard\libc.a(lib_a-mprec.o)
                                 0x91 (size before relaxing)
 *fill*         0x0801f355        0x3 
 .rodata.__mprec_bigtens
                0x0801f358       0x28 y:/coen20/gcc/bin/../lib/gcc/arm-none-eabi/9.3.1/../../../../arm-none-eabi/lib/thumb/v7e-m+fp/hard\libc.a(lib_a-mprec.o)
                0x0801f358                __mprec_bigtens
 .rodata.__mprec_tens
                0x0801f380       0xc8 y:/coen20/gcc/bin/../lib/gcc/arm-none-eabi/9.3.1/../../../../arm-none-eabi/lib/thumb/v7e-m+fp/hard\libc.a(lib_a-mprec.o)
                0x0801f380                __mprec_tens
 .rodata.p05.7485
                0x0801f448        0xc y:/coen20/gcc/bin/../lib/gcc/arm-none-eabi/9.3.1/../../../../arm-none-eabi/lib/thumb/v7e-m+fp/hard\libc.a(lib_a-mprec.o)
 .rodata._strtod_l.str1.4
                0x0801f454        0xf y:/coen20/gcc/bin/../lib/gcc/arm-none-eabi/9.3.1/../../../../arm-none-eabi/lib/thumb/v7e-m+fp/hard\libc.a(lib_a-strtod.o)
                                 0x11 (size before relaxing)
 *fill*         0x0801f463        0x1 
 .rodata.fpi.7559
                0x0801f464       0x14 y:/coen20/gcc/bin/../lib/gcc/arm-none-eabi/9.3.1/../../../../arm-none-eabi/lib/thumb/v7e-m+fp/hard\libc.a(lib_a-strtod.o)
 .rodata.fpinan.7595
                0x0801f478       0x14 y:/coen20/gcc/bin/../lib/gcc/arm-none-eabi/9.3.1/../../../../arm-none-eabi/lib/thumb/v7e-m+fp/hard\libc.a(lib_a-strtod.o)
 *fill*         0x0801f48c        0x4 
 .rodata.tinytens
                0x0801f490       0x28 y:/coen20/gcc/bin/../lib/gcc/arm-none-eabi/9.3.1/../../../../arm-none-eabi/lib/thumb/v7e-m+fp/hard\libc.a(lib_a-strtod.o)
 .rodata.basefix.8280
                0x0801f4b8       0x22 y:/coen20/gcc/bin/../lib/gcc/arm-none-eabi/9.3.1/../../../../arm-none-eabi/lib/thumb/v7e-m+fp/hard\libc.a(lib_a-svfiscanf.o)
 .rodata._vfiprintf_r.str1.4
                0x0801f4da       0x2f y:/coen20/gcc/bin/../lib/gcc/arm-none-eabi/9.3.1/../../../../arm-none-eabi/lib/thumb/v7e-m+fp/hard\libc.a(lib_a-vfiprintf.o)
 *fill*         0x0801f4da        0x2 
 .rodata.blanks.8691
                0x0801f4dc       0x10 y:/coen20/gcc/bin/../lib/gcc/arm-none-eabi/9.3.1/../../../../arm-none-eabi/lib/thumb/v7e-m+fp/hard\libc.a(lib_a-vfiprintf.o)
 .rodata.zeroes.8692
                0x0801f4ec       0x10 y:/coen20/gcc/bin/../lib/gcc/arm-none-eabi/9.3.1/../../../../arm-none-eabi/lib/thumb/v7e-m+fp/hard\libc.a(lib_a-vfiprintf.o)
 .rodata.__assert_func.str1.4
                0x0801f4fc       0x3f y:/coen20/gcc/bin/../lib/gcc/arm-none-eabi/9.3.1/../../../../arm-none-eabi/lib/thumb/v7e-m+fp/hard\libc.a(lib_a-assert.o)
                                 0x43 (size before relaxing)
 *fill*         0x0801f53b        0x1 
 .rodata.__gethex.str1.4
                0x0801f53c       0x84 y:/coen20/gcc/bin/../lib/gcc/arm-none-eabi/9.3.1/../../../../arm-none-eabi/lib/thumb/v7e-m+fp/hard\libc.a(lib_a-gdtoa-gethex.o)
                                 0x98 (size before relaxing)
 .rodata.__hexdig
                0x0801f5c0      0x100 y:/coen20/gcc/bin/../lib/gcc/arm-none-eabi/9.3.1/../../../../arm-none-eabi/lib/thumb/v7e-m+fp/hard\libc.a(lib_a-gdtoa-gethex.o)
                0x0801f5c0                __hexdig
 .rodata.str1.4
                0x0801f6c0        0x5 y:/coen20/gcc/bin/../lib/gcc/arm-none-eabi/9.3.1/../../../../arm-none-eabi/lib/thumb/v7e-m+fp/hard\libc.a(lib_a-lnumeric.o)
 .rodata._C_numeric_locale
                0x0801f6c0        0xc y:/coen20/gcc/bin/../lib/gcc/arm-none-eabi/9.3.1/../../../../arm-none-eabi/lib/thumb/v7e-m+fp/hard\libc.a(lib_a-lnumeric.o)
                0x0801f6c0                _C_numeric_locale
 *(.eh_frame*)
 .eh_frame      0x0801f6cc        0x0 y:/coen20/gcc/bin/../lib/gcc/arm-none-eabi/9.3.1/thumb/v7e-m+fp/hard/crtbegin.o
 .eh_frame      0x0801f6cc        0x4 y:/coen20/gcc/bin/../lib/gcc/arm-none-eabi/9.3.1/thumb/v7e-m+fp/hard/crtend.o

.glue_7         0x0801f6d0        0x0
 .glue_7        0x0801f6d0        0x0 linker stubs

.glue_7t        0x0801f6d0        0x0
 .glue_7t       0x0801f6d0        0x0 linker stubs

.vfp11_veneer   0x0801f6d0        0x0
 .vfp11_veneer  0x0801f6d0        0x0 linker stubs

.v4_bx          0x0801f6d0        0x0
 .v4_bx         0x0801f6d0        0x0 linker stubs

.iplt           0x0801f6d0        0x0
 .iplt          0x0801f6d0        0x0 y:/coen20/gcc/bin/../lib/gcc/arm-none-eabi/9.3.1/thumb/v7e-m+fp/hard/crtbegin.o

.ARM.extab
 *(.ARM.extab* .gnu.linkonce.armextab.*)
                0x0801f6d0                __exidx_start = .

.ARM.exidx      0x0801f6d0        0x8
 *(.ARM.exidx* .gnu.linkonce.armexidx.*)
 .ARM.exidx     0x0801f6d0        0x8 y:/coen20/gcc/bin/../lib/gcc/arm-none-eabi/9.3.1/../../../../arm-none-eabi/lib/thumb/v7e-m+fp/hard/crt0.o
                                 0x10 (size before relaxing)
 .ARM.exidx     0x0801f6d8        0x0 y:/coen20/gcc/bin/../lib/gcc/arm-none-eabi/9.3.1/thumb/v7e-m+fp/hard\libgcc.a(_udivmoddi4.o)
                                  0x8 (size before relaxing)
                0x0801f6d8                __exidx_end = .
                0x0801f6d8                __etext = .

.rel.dyn        0x0801f6d8        0x0
 .rel.iplt      0x0801f6d8        0x0 y:/coen20/gcc/bin/../lib/gcc/arm-none-eabi/9.3.1/thumb/v7e-m+fp/hard/crtbegin.o

.data           0x20000000      0xcf8 load address 0x0801f6d8
                0x20000000                __data_start__ = .
 *(vtable)
 *(.data*)
 .data.ref.7041
                0x20000000        0xc obj/Lab9C-Main-c.o
 .data.line1.7071
                0x2000000c       0x20 obj/Lab9C-Main-c.o
 .data.line2.7072
                0x2000002c       0x20 obj/Lab9C-Main-c.o
 .data.max_phase.7113
                0x2000004c       0x20 obj/Lab9C-Main-c.o
 .data.days.7159
                0x2000006c        0xc obj/Lab9C-Main-c.o
 .data.message.7186
                0x20000078       0x2c obj/Lab9C-Main-c.o
 .data.never.7255
                0x200000a4        0x6 obj/Lab9C-Main-c.o
 *fill*         0x200000aa        0x2 
 .data.adjusts  0x200000ac       0x60 obj/Lab9C-Main-c.o
 .data.months   0x2000010c       0x30 obj/Lab9C-Main-c.o
 .data.BUTTON_PORT
                0x2000013c        0x4 library.a(stm32f429i_discovery.o)
                0x2000013c                BUTTON_PORT
 .data.I2cxTimeout
                0x20000140        0x4 library.a(stm32f429i_discovery.o)
                0x20000140                I2cxTimeout
 .data.SpixTimeout
                0x20000144        0x4 library.a(stm32f429i_discovery.o)
                0x20000144                SpixTimeout
 .data.Font12   0x20000148        0x8 library.a(stm32f429i_discovery_lcd.o)
                0x20000148                Font12
 .data.Font16   0x20000150        0x8 library.a(stm32f429i_discovery_lcd.o)
                0x20000150                Font16
 .data.Font20   0x20000158        0x8 library.a(stm32f429i_discovery_lcd.o)
                0x20000158                Font20
 .data.Font24   0x20000160        0x8 library.a(stm32f429i_discovery_lcd.o)