Archive member included to satisfy reference by file (symbol)

library.a(initialize.o)       obj/Lab5C-Main-c.o (InitializeHardware)
library.a(stm32f429i_discovery.o)
                              library.a(initialize.o) (BSP_PB_Init)
library.a(stm32f429i_discovery_lcd.o)
                              library.a(initialize.o) (BSP_LCD_LayerDefaultInit)
library.a(stm32f429i_discovery_sdram.o)
                              library.a(stm32f429i_discovery_lcd.o) (BSP_SDRAM_Init)
library.a(stm32f4xx_hal.o)    library.a(initialize.o) (HAL_Init)
library.a(stm32f4xx_hal_cortex.o)
                              library.a(stm32f4xx_hal.o) (HAL_NVIC_SetPriorityGrouping)
library.a(stm32f4xx_hal_dma.o)
                              library.a(stm32f429i_discovery_sdram.o) (HAL_DMA_Init)
library.a(stm32f4xx_hal_dma2d.o)
                              library.a(stm32f429i_discovery_lcd.o) (HAL_DMA2D_Init)
library.a(stm32f4xx_hal_gpio.o)
                              library.a(stm32f429i_discovery.o) (HAL_GPIO_Init)
library.a(stm32f4xx_hal_i2c.o)
                              library.a(stm32f429i_discovery.o) (HAL_I2C_Init)
library.a(stm32f4xx_hal_ltdc.o)
                              library.a(stm32f429i_discovery_lcd.o) (HAL_LTDC_Init)
library.a(stm32f4xx_hal_rcc.o)
                              library.a(initialize.o) (HAL_RCC_OscConfig)
library.a(stm32f4xx_hal_rcc_ex.o)
                              library.a(stm32f429i_discovery_lcd.o) (HAL_RCCEx_PeriphCLKConfig)
library.a(stm32f4xx_hal_sdram.o)
                              library.a(stm32f429i_discovery_sdram.o) (HAL_SDRAM_Init)
library.a(stm32f4xx_hal_spi.o)
                              library.a(stm32f429i_discovery.o) (HAL_SPI_Init)
library.a(stm32f4xx_it.o)     library.a(initialize.o) (IncludeThis)
library.a(stm32f4xx_ll_fmc.o)
                              library.a(stm32f4xx_hal_sdram.o) (FMC_SDRAM_Init)
library.a(svcHandler.o)       library.a(stm32f4xx_it.o) (SVC_Exception)
library.a(system_stm32f4xx.o)
                              library.a(stm32f4xx_hal_rcc.o) (SystemCoreClock)
library.a(startup_stm32f429xx.o)
                              library.a(initialize.o) (Reset_Handler)
library.a(ili9341.o)          library.a(stm32f429i_discovery_lcd.o) (ili9341_drv)
y:/coen20/gcc/bin/../lib/gcc/arm-none-eabi/9.3.1/../../../../arm-none-eabi/lib/thumb/v7e-m+fp/hard\libc.a(lib_a-exit.o)
                              y:/coen20/gcc/bin/../lib/gcc/arm-none-eabi/9.3.1/../../../../arm-none-eabi/lib/thumb/v7e-m+fp/hard/crt0.o (exit)
y:/coen20/gcc/bin/../lib/gcc/arm-none-eabi/9.3.1/../../../../arm-none-eabi/lib/thumb/v7e-m+fp/hard\libc.a(lib_a-impure.o)
                              y:/coen20/gcc/bin/../lib/gcc/arm-none-eabi/9.3.1/../../../../arm-none-eabi/lib/thumb/v7e-m+fp/hard\libc.a(lib_a-exit.o) (_global_impure_ptr)
y:/coen20/gcc/bin/../lib/gcc/arm-none-eabi/9.3.1/../../../../arm-none-eabi/lib/thumb/v7e-m+fp/hard\libc.a(lib_a-init.o)
                              y:/coen20/gcc/bin/../lib/gcc/arm-none-eabi/9.3.1/../../../../arm-none-eabi/lib/thumb/v7e-m+fp/hard/crt0.o (__libc_init_array)
y:/coen20/gcc/bin/../lib/gcc/arm-none-eabi/9.3.1/../../../../arm-none-eabi/lib/thumb/v7e-m+fp/hard\libc.a(lib_a-memcpy.o)
                              library.a(svcHandler.o) (memcpy)
y:/coen20/gcc/bin/../lib/gcc/arm-none-eabi/9.3.1/../../../../arm-none-eabi/lib/thumb/v7e-m+fp/hard\libc.a(lib_a-memmove.o)
                              obj/Lab5C-Main-c.o (memmove)
y:/coen20/gcc/bin/../lib/gcc/arm-none-eabi/9.3.1/../../../../arm-none-eabi/lib/thumb/v7e-m+fp/hard\libc.a(lib_a-memset.o)
                              y:/coen20/gcc/bin/../lib/gcc/arm-none-eabi/9.3.1/../../../../arm-none-eabi/lib/thumb/v7e-m+fp/hard/crt0.o (memset)
y:/coen20/gcc/bin/../lib/gcc/arm-none-eabi/9.3.1/../../../../arm-none-eabi/lib/thumb/v7e-m+fp/hard\libc.a(lib_a-printf.o)
                              obj/Lab5C-Main-c.o (printf)
y:/coen20/gcc/bin/../lib/gcc/arm-none-eabi/9.3.1/../../../../arm-none-eabi/lib/thumb/v7e-m+fp/hard\libc.a(lib_a-puts.o)
                              obj/Lab5C-Main-c.o (puts)
y:/coen20/gcc/bin/../lib/gcc/arm-none-eabi/9.3.1/../../../../arm-none-eabi/lib/thumb/v7e-m+fp/hard\libc.a(lib_a-sprintf.o)
                              obj/Lab5C-Main-c.o (sprintf)
y:/coen20/gcc/bin/../lib/gcc/arm-none-eabi/9.3.1/../../../../arm-none-eabi/lib/thumb/v7e-m+fp/hard\libc.a(lib_a-strcpy.o)
                              library.a(initialize.o) (strcpy)
y:/coen20/gcc/bin/../lib/gcc/arm-none-eabi/9.3.1/../../../../arm-none-eabi/lib/thumb/v7e-m+fp/hard\libc.a(lib_a-strlen.o)
                              library.a(svcHandler.o) (strlen)
y:/coen20/gcc/bin/../lib/gcc/arm-none-eabi/9.3.1/../../../../arm-none-eabi/lib/thumb/v7e-m+fp/hard\libc.a(lib_a-svfprintf.o)
                              y:/coen20/gcc/bin/../lib/gcc/arm-none-eabi/9.3.1/../../../../arm-none-eabi/lib/thumb/v7e-m+fp/hard\libc.a(lib_a-sprintf.o) (_svfprintf_r)
[...]
Memory Configuration

Name             Origin             Length             Attributes
ROM              0x08000000         0x00200000         xr
RAM              0x20000000         0x00030000         xrw
CCM              0x10000000         0x00010000         xrw
*default*        0x00000000         0xffffffff

Linker script and memory map

LOAD y:/coen20/gcc/bin/../lib/gcc/arm-none-eabi/9.3.1/thumb/v7e-m+fp/hard/crti.o
LOAD y:/coen20/gcc/bin/../lib/gcc/arm-none-eabi/9.3.1/thumb/v7e-m+fp/hard/crtbegin.o
LOAD y:/coen20/gcc/bin/../lib/gcc/arm-none-eabi/9.3.1/../../../../arm-none-eabi/lib/thumb/v7e-m+fp/hard/crt0.o
LOAD obj/Lab5C-Main-c.o
LOAD obj/Lab5C-Implementation-s.o
LOAD library.a
LOAD library.a
LOAD y:/coen20/gcc/bin/../lib/gcc/arm-none-eabi/9.3.1/../../../../arm-none-eabi/lib/thumb/v7e-m+fp/hard\libm.a
LOAD y:/coen20/gcc/bin/../lib/gcc/arm-none-eabi/9.3.1/../../../../arm-none-eabi/lib/thumb/v7e-m+fp/hard\libc.a
LOAD y:/coen20/gcc/bin/../lib/gcc/arm-none-eabi/9.3.1/../../../../arm-none-eabi/lib/thumb/v7e-m+fp/hard\libnosys.a
LOAD y:/coen20/gcc/bin/../lib/gcc/arm-none-eabi/9.3.1/../../../../arm-none-eabi/lib/thumb/v7e-m+fp/hard\libc.a
START GROUP
LOAD y:/coen20/gcc/bin/../lib/gcc/arm-none-eabi/9.3.1/thumb/v7e-m+fp/hard\libgcc.a
LOAD y:/coen20/gcc/bin/../lib/gcc/arm-none-eabi/9.3.1/../../../../arm-none-eabi/lib/thumb/v7e-m+fp/hard\libc.a
END GROUP
LOAD y:/coen20/gcc/bin/../lib/gcc/arm-none-eabi/9.3.1/thumb/v7e-m+fp/hard/crtend.o
LOAD y:/coen20/gcc/bin/../lib/gcc/arm-none-eabi/9.3.1/thumb/v7e-m+fp/hard/crtn.o

.text           0x08000000    0x10c7c
 *(.isr_vector)
 .isr_vector    0x08000000      0x1ac library.a(startup_stm32f429xx.o)
                0x08000000                __isr_vector
 *(.text*)
 .text          0x080001ac       0x40 y:/coen20/gcc/bin/../lib/gcc/arm-none-eabi/9.3.1/thumb/v7e-m+fp/hard/crtbegin.o
 .text          0x080001ec       0x7c y:/coen20/gcc/bin/../lib/gcc/arm-none-eabi/9.3.1/../../../../arm-none-eabi/lib/thumb/v7e-m+fp/hard/crt0.o
                0x080001ec                _stack_init
                0x080001f4                _start
                0x080001f4                _mainCRTStartup
 .text.startup.main
                0x08000268      0x724 obj/Lab5C-Main-c.o
                0x08000268                main
 .text.ADC_Reading
                0x0800098c       0x4c obj/Lab5C-Main-c.o
 .text.SanityChecksOK
                0x080009d8      0x268 obj/Lab5C-Main-c.o
 .text.PutStringAt.constprop.0
                0x08000c40       0x38 obj/Lab5C-Main-c.o
 .text          0x08000c78       0x24 obj/Lab5C-Implementation-s.o
                0x08000c78                MxPlusB
 .text.TextRows
                0x08000c9c       0x12 library.a(initialize.o)
 .text._close   0x08000cae        0x2 library.a(initialize.o)
                0x08000cae                _close
 .text._fstat   0x08000cb0        0x2 library.a(initialize.o)
                0x08000cb0                _fstat
 .text._getpid  0x08000cb2        0x2 library.a(initialize.o)
                0x08000cb2                _getpid
 .text._isatty  0x08000cb4        0x2 library.a(initialize.o)
                0x08000cb4                _isatty
 .text._kill    0x08000cb6        0x2 library.a(initialize.o)
                0x08000cb6                _kill
 .text._lseek   0x08000cb8        0x2 library.a(initialize.o)
                0x08000cb8                _lseek
 .text._read    0x08000cba        0x2 library.a(initialize.o)
                0x08000cba                _read
 .text.ClearDisplay
                0x08000cbc       0x34 library.a(initialize.o)
                0x08000cbc                ClearDisplay
 .text.DisplayHeader
                0x08000cf0       0x7c library.a(initialize.o)
                0x08000cf0                DisplayHeader
 .text.DisplayFooter
                0x08000d6c       0x58 library.a(initialize.o)
                0x08000d6c                DisplayFooter
 .text._write   0x08000dc4      0x104 library.a(initialize.o)
                0x08000dc4                _write
 .text.InitializeHardware
                0x08000ec8      0x124 library.a(initialize.o)
                0x08000ec8                InitializeHardware
 .text.WaitForPushButton
                0x08000fec       0x18 library.a(initialize.o)
                0x08000fec                WaitForPushButton
 .text.GetClockCycleCount
                0x08001004        0xc library.a(initialize.o)
                0x08001004                GetClockCycleCount
 .text.SPIx_Init
                0x08001010       0x98 library.a(stm32f429i_discovery.o)
 .text.SPIx_Write
                0x080010a8       0x30 library.a(stm32f429i_discovery.o)
 .text.BSP_PB_Init
                0x080010d8       0x70 library.a(stm32f429i_discovery.o)
                0x080010d8                BSP_PB_Init
 .text.BSP_PB_GetState
                0x08001148       0x14 library.a(stm32f429i_discovery.o)
                0x08001148                BSP_PB_GetState
 .text.LCD_IO_Init
                0x0800115c       0xb0 library.a(stm32f429i_discovery.o)
                0x0800115c                LCD_IO_Init
 .text.LCD_IO_WriteData
                0x0800120c       0x38 library.a(stm32f429i_discovery.o)
                0x0800120c                LCD_IO_WriteData
 .text.LCD_IO_WriteReg
                0x08001244       0x38 library.a(stm32f429i_discovery.o)
                0x08001244                LCD_IO_WriteReg
 .text.LCD_IO_ReadData
                0x0800127c       0x6c library.a(stm32f429i_discovery.o)
                0x0800127c                LCD_IO_ReadData
 .text.LCD_Delay
                0x080012e8        0x4 library.a(stm32f429i_discovery.o)
                0x080012e8                LCD_Delay
 .text.FillBuffer
                0x080012ec       0x64 library.a(stm32f429i_discovery_lcd.o)
 .text.BSP_LCD_GetXSize
                0x08001350       0x10 library.a(stm32f429i_discovery_lcd.o)
                0x08001350                BSP_LCD_GetXSize
 .text.BSP_LCD_GetYSize
                0x08001360       0x10 library.a(stm32f429i_discovery_lcd.o)
                0x08001360                BSP_LCD_GetYSize
 .text.BSP_LCD_LayerDefaultInit
                0x08001370       0x7c library.a(stm32f429i_discovery_lcd.o)
                0x08001370                BSP_LCD_LayerDefaultInit
 .text.BSP_LCD_SelectLayer
                0x080013ec        0xc library.a(stm32f429i_discovery_lcd.o)
                0x080013ec                BSP_LCD_SelectLayer
 .text.BSP_LCD_GetTextColor
                0x080013f8       0x18 library.a(stm32f429i_discovery_lcd.o)
                0x080013f8                BSP_LCD_GetTextColor
 .text.BSP_LCD_GetBackColor
                0x08001410       0x18 library.a(stm32f429i_discovery_lcd.o)
                0x08001410                BSP_LCD_GetBackColor
 .text.BSP_LCD_SetTextColor
                0x08001428       0x18 library.a(stm32f429i_discovery_lcd.o)
                0x08001428                BSP_LCD_SetTextColor
 .text.BSP_LCD_SetBackColor
                0x08001440       0x18 library.a(stm32f429i_discovery_lcd.o)
                0x08001440                BSP_LCD_SetBackColor
 .text.BSP_LCD_SetFont
                0x08001458       0x18 library.a(stm32f429i_discovery_lcd.o)
                0x08001458                BSP_LCD_SetFont
 .text.BSP_LCD_Init
                0x08001470      0x1bc library.a(stm32f429i_discovery_lcd.o)
                0x08001470                BSP_LCD_Init
 .text.BSP_LCD_GetFont
                0x0800162c       0x18 library.a(stm32f429i_discovery_lcd.o)
                0x0800162c                BSP_LCD_GetFont
 .text.BSP_LCD_Clear
                0x08001644       0x40 library.a(stm32f429i_discovery_lcd.o)
                0x08001644                BSP_LCD_Clear
 .text.BSP_LCD_DrawHLine
                0x08001684       0x50 library.a(stm32f429i_discovery_lcd.o)
                0x08001684                BSP_LCD_DrawHLine
 .text.BSP_LCD_DrawVLine
                0x080016d4       0x5c library.a(stm32f429i_discovery_lcd.o)
                0x080016d4                BSP_LCD_DrawVLine
 .text.BSP_LCD_DrawRect
                0x08001730       0x34 library.a(stm32f429i_discovery_lcd.o)
                0x08001730                BSP_LCD_DrawRect
 .text.BSP_LCD_FillRect
                0x08001764       0x78 library.a(stm32f429i_discovery_lcd.o)
                0x08001764                BSP_LCD_FillRect
 .text.BSP_LCD_DisplayOn
                0x080017dc       0x10 library.a(stm32f429i_discovery_lcd.o)
                0x080017dc                BSP_LCD_DisplayOn
 .text.BSP_LCD_DrawPixel
                0x080017ec       0x2c library.a(stm32f429i_discovery_lcd.o)
                0x080017ec                BSP_LCD_DrawPixel
 .text.BSP_LCD_DisplayChar
                0x08001818       0xd4 library.a(stm32f429i_discovery_lcd.o)
                0x08001818                BSP_LCD_DisplayChar
 .text.BSP_LCD_DisplayStringAt
                0x080018ec       0x9c library.a(stm32f429i_discovery_lcd.o)
                0x080018ec                BSP_LCD_DisplayStringAt
 .text.BSP_LCD_DrawLine
                0x08001988       0xa4 library.a(stm32f429i_discovery_lcd.o)
                0x08001988                BSP_LCD_DrawLine
 .text.BSP_SDRAM_Initialization_sequence
                0x08001a2c       0x94 library.a(stm32f429i_discovery_sdram.o)
                0x08001a2c                BSP_SDRAM_Initialization_sequence
 .text.BSP_SDRAM_Init
                0x08001ac0      0x1c8 library.a(stm32f429i_discovery_sdram.o)
                0x08001ac0                BSP_SDRAM_Init
 .text.HAL_MspInit
                0x08001c88        0x2 library.a(stm32f4xx_hal.o)
                0x08001c88                HAL_MspInit
 .text.HAL_InitTick
                0x08001c8a       0x28 library.a(stm32f4xx_hal.o)
                0x08001c8a                HAL_InitTick
 *fill*         0x08001cb2        0x2 
 .text.HAL_Init
                0x08001cb4       0x34 library.a(stm32f4xx_hal.o)
                0x08001cb4                HAL_Init
 .text.HAL_IncTick
                0x08001ce8       0x10 library.a(stm32f4xx_hal.o)
                0x08001ce8                HAL_IncTick
 .text.HAL_GetTick
                0x08001cf8        0xc library.a(stm32f4xx_hal.o)
                0x08001cf8                HAL_GetTick
 .text.HAL_Delay
                0x08001d04       0x1a library.a(stm32f4xx_hal.o)
                0x08001d04                HAL_Delay
 *fill*         0x08001d1e        0x2 
 .text.HAL_NVIC_SetPriorityGrouping
                0x08001d20       0x24 library.a(stm32f4xx_hal_cortex.o)
                0x08001d20                HAL_NVIC_SetPriorityGrouping
 .text.HAL_NVIC_SetPriority
                0x08001d44       0x64 library.a(stm32f4xx_hal_cortex.o)
                0x08001d44                HAL_NVIC_SetPriority
 .text.HAL_NVIC_EnableIRQ
                0x08001da8       0x18 library.a(stm32f4xx_hal_cortex.o)
                0x08001da8                HAL_NVIC_EnableIRQ
 .text.HAL_SYSTICK_Config
                0x08001dc0       0x28 library.a(stm32f4xx_hal_cortex.o)
                0x08001dc0                HAL_SYSTICK_Config
 .text.HAL_DMA_Init
                0x08001de8       0x78 library.a(stm32f4xx_hal_dma.o)
                0x08001de8                HAL_DMA_Init
 .text.HAL_DMA_DeInit
                0x08001e60      0xacc library.a(stm32f4xx_hal_dma.o)
                0x08001e60                HAL_DMA_DeInit
 .text.DMA2D_SetConfig
                0x0800292c       0x80 library.a(stm32f4xx_hal_dma2d.o)
 .text.HAL_DMA2D_MspInit
                0x080029ac        0x2 library.a(stm32f4xx_hal_dma2d.o)
                0x080029ac                HAL_DMA2D_MspInit
 .text.HAL_DMA2D_Init
                0x080029ae       0x5c library.a(stm32f4xx_hal_dma2d.o)
                0x080029ae                HAL_DMA2D_Init
 .text.HAL_DMA2D_Start
                0x08002a0a       0x40 library.a(stm32f4xx_hal_dma2d.o)
                0x08002a0a                HAL_DMA2D_Start
 .text.HAL_DMA2D_PollForTransfer
                0x08002a4a       0xc4 library.a(stm32f4xx_hal_dma2d.o)
                0x08002a4a                HAL_DMA2D_PollForTransfer
 *fill*         0x08002b0e        0x2 
 .text.HAL_DMA2D_ConfigLayer
                0x08002b10       0xdc library.a(stm32f4xx_hal_dma2d.o)
                0x08002b10                HAL_DMA2D_ConfigLayer
 .text.HAL_GPIO_Init
                0x08002bec      0x1d0 library.a(stm32f4xx_hal_gpio.o)
                0x08002bec                HAL_GPIO_Init
 .text.HAL_GPIO_ReadPin
                0x08002dbc        0xc library.a(stm32f4xx_hal_gpio.o)
                0x08002dbc                HAL_GPIO_ReadPin
 .text.HAL_GPIO_WritePin
                0x08002dc8        0xa library.a(stm32f4xx_hal_gpio.o)
                0x08002dc8                HAL_GPIO_WritePin
 *fill*         0x08002dd2        0x2 
 .text.LTDC_SetConfig
                0x08002dd4      0x144 library.a(stm32f4xx_hal_ltdc.o)
 .text.HAL_LTDC_MspInit
                0x08002f18        0x2 library.a(stm32f4xx_hal_ltdc.o)
                0x08002f18                HAL_LTDC_MspInit
 *fill*         0x08002f1a        0x2 
 .text.HAL_LTDC_Init
                0x08002f1c       0xfc library.a(stm32f4xx_hal_ltdc.o)
                0x08002f1c                HAL_LTDC_Init
 .text.HAL_LTDC_ConfigLayer
                0x08003018       0x5c library.a(stm32f4xx_hal_ltdc.o)
                0x08003018                HAL_LTDC_ConfigLayer
 .text.HAL_LTDC_EnableDither
                0x08003074       0x34 library.a(stm32f4xx_hal_ltdc.o)
                0x08003074                HAL_LTDC_EnableDither
 .text.HAL_RCC_OscConfig
                0x080030a8      0x330 library.a(stm32f4xx_hal_rcc.o)
                0x080030a8                HAL_RCC_OscConfig
 .text.HAL_RCC_ClockConfig
                0x080033d8      0x1f8 library.a(stm32f4xx_hal_rcc.o)
                0x080033d8                HAL_RCC_ClockConfig
 .text.HAL_RCC_GetSysClockFreq
                0x080035d0       0x78 library.a(stm32f4xx_hal_rcc.o)
                0x080035d0                HAL_RCC_GetSysClockFreq
 .text.HAL_RCC_GetHCLKFreq
                0x08003648       0x38 library.a(stm32f4xx_hal_rcc.o)
                0x08003648                HAL_RCC_GetHCLKFreq
 .text.HAL_RCCEx_PeriphCLKConfig
                0x08003680      0x2d8 library.a(stm32f4xx_hal_rcc_ex.o)
                0x08003680                HAL_RCCEx_PeriphCLKConfig
 .text.HAL_SDRAM_MspInit
                0x08003958        0x2 library.a(stm32f4xx_hal_sdram.o)
                0x08003958                HAL_SDRAM_MspInit
 .text.HAL_SDRAM_Init
                0x0800395a       0x40 library.a(stm32f4xx_hal_sdram.o)
                0x0800395a                HAL_SDRAM_Init
 .text.HAL_SDRAM_SendCommand
                0x0800399a       0x2e library.a(stm32f4xx_hal_sdram.o)
                0x0800399a                HAL_SDRAM_SendCommand
 .text.HAL_SDRAM_ProgramRefreshRate
                0x080039c8       0x24 library.a(stm32f4xx_hal_sdram.o)
                0x080039c8                HAL_SDRAM_ProgramRefreshRate
 .text.SPI_WaitOnFlagUntilTimeout
                0x080039ec       0x94 library.a(stm32f4xx_hal_spi.o)
 .text.HAL_SPI_MspInit
                0x08003a80        0x2 library.a(stm32f4xx_hal_spi.o)
                0x08003a80                HAL_SPI_MspInit
 .text.HAL_SPI_Init
                0x08003a82       0x82 library.a(stm32f4xx_hal_spi.o)
                0x08003a82                HAL_SPI_Init
 .text.HAL_SPI_MspDeInit
                0x08003b04        0x2 library.a(stm32f4xx_hal_spi.o)
                0x08003b04                HAL_SPI_MspDeInit
 .text.HAL_SPI_DeInit
                0x08003b06       0x26 library.a(stm32f4xx_hal_spi.o)
                0x08003b06                HAL_SPI_DeInit
 .text.HAL_SPI_Transmit
                0x08003b2c      0x164 library.a(stm32f4xx_hal_spi.o)
                0x08003b2c                HAL_SPI_Transmit
 .text.HAL_SPI_TransmitReceive
                0x08003c90      0x2c2 library.a(stm32f4xx_hal_spi.o)
                0x08003c90                HAL_SPI_TransmitReceive
 .text.HAL_SPI_Receive
                0x08003f52      0x1d2 library.a(stm32f4xx_hal_spi.o)
                0x08003f52                HAL_SPI_Receive
 .text.HAL_SPI_GetState
                0x08004124        0x6 library.a(stm32f4xx_hal_spi.o)
                0x08004124                HAL_SPI_GetState
 .text.NMI_Handler
                0x0800412a        0x2 library.a(stm32f4xx_it.o)
                0x0800412a                NMI_Handler
 .text.SVC_Handler
                0x0800412c       0x20 library.a(stm32f4xx_it.o)
                0x0800412c                SVC_Handler
 .text.DebugMon_Handler
                0x0800414c        0x2 library.a(stm32f4xx_it.o)
                0x0800414c                DebugMon_Handler
 .text.PendSV_Handler
                0x0800414e        0x2 library.a(stm32f4xx_it.o)
                0x0800414e                PendSV_Handler
 .text.SysTick_Handler
                0x08004150        0x4 library.a(stm32f4xx_it.o)
                0x08004150                SysTick_Handler
 .text.FMC_SDRAM_Init
                0x08004154       0x68 library.a(stm32f4xx_ll_fmc.o)
                0x08004154                FMC_SDRAM_Init
 .text.FMC_SDRAM_Timing_Init
                0x080041bc       0x72 library.a(stm32f4xx_ll_fmc.o)
                0x080041bc                FMC_SDRAM_Timing_Init
 .text.FMC_SDRAM_SendCommand
                0x0800422e       0x50 library.a(stm32f4xx_ll_fmc.o)
                0x0800422e                FMC_SDRAM_SendCommand
 .text.FMC_SDRAM_ProgramRefreshRate
                0x0800427e        0xc library.a(stm32f4xx_ll_fmc.o)
                0x0800427e                FMC_SDRAM_ProgramRefreshRate
 *fill*         0x0800428a        0x2 
 .text.SVC_Label
                0x0800428c       0x58 library.a(svcHandler.o)
 .text.Preserve
                0x080042e4       0xa8 library.a(svcHandler.o)
 .text.HardStopHandler
                0x0800438c       0x94 library.a(svcHandler.o)
 .text.F32      0x08004420       0xc0 library.a(svcHandler.o)
 .text.Restore  0x080044e0       0x5c library.a(svcHandler.o)
 .text.FlPtRegs
                0x0800453c       0x9c library.a(svcHandler.o)
 .text._MemManageHandler
                0x080045d8       0x10 library.a(svcHandler.o)
                0x080045d8                _MemManageHandler
 .text.MemManage_Handler
                0x080045e8        0xc library.a(svcHandler.o)
                0x080045e8                MemManage_Handler
 .text._BusFault_Handler
                0x080045f4       0x10 library.a(svcHandler.o)
                0x080045f4                _BusFault_Handler
 .text.BusFault_Handler
                0x08004604        0xc library.a(svcHandler.o)
                0x08004604                BusFault_Handler
 .text._HardFault_Handler
                0x08004610       0x10 library.a(svcHandler.o)
                0x08004610                _HardFault_Handler
 .text.HardFault_Handler
                0x08004620        0xc library.a(svcHandler.o)
                0x08004620                HardFault_Handler
 .text._UsageFault_Handler
                0x0800462c       0x5c library.a(svcHandler.o)
                0x0800462c                _UsageFault_Handler
 .text.UsageFault_Handler
                0x08004688        0xc library.a(svcHandler.o)
                0x08004688                UsageFault_Handler
 .text.SVC_Exception
                0x08004694       0xd8 library.a(svcHandler.o)
                0x08004694                SVC_Exception
 .text.SystemInit
                0x0800476c       0x4c library.a(system_stm32f4xx.o)
                0x0800476c                SystemInit
 .text          0x080047b8      0x118 library.a(startup_stm32f429xx.o)
                0x080047b8                Reset_Handler
                0x08004810                Default_Handler
                0x08004812                WWDG_IRQHandler
                0x08004814                PVD_IRQHandler
                0x08004816                TAMP_STAMP_IRQHandler
                0x08004818                RTC_WKUP_IRQHandler
                0x0800481a                FLASH_IRQHandler
                0x0800481c                RCC_IRQHandler
                0x0800481e                EXTI0_IRQHandler
                0x08004820                EXTI1_IRQHandler
                0x08004822                EXTI2_IRQHandler
                0x08004824                EXTI3_IRQHandler
                0x08004826                EXTI4_IRQHandler
                0x08004828                DMA1_Stream0_IRQHandler
                0x0800482a                DMA1_Stream1_IRQHandler
                0x0800482c                DMA1_Stream2_IRQHandler
                0x0800482e                DMA1_Stream3_IRQHandler
                0x08004830                DMA1_Stream4_IRQHandler
                0x08004832                DMA1_Stream5_IRQHandler
                0x08004834                DMA1_Stream6_IRQHandler
                0x08004836                ADC_IRQHandler
                0x08004838                CAN1_TX_IRQHandler
                0x0800483a                CAN1_RX0_IRQHandler
                0x0800483c                CAN1_RX1_IRQHandler
                0x0800483e                CAN1_SCE_IRQHandler
                0x08004840                EXTI9_5_IRQHandler
                0x08004842                TIM1_BRK_TIM9_IRQHandler
                0x08004844                TIM1_UP_TIM10_IRQHandler
                0x08004846                TIM1_TRG_COM_TIM11_IRQHandler
                0x08004848                TIM1_CC_IRQHandler
                0x0800484a                TIM2_IRQHandler
                0x0800484c                TIM3_IRQHandler
                0x0800484e                TIM4_IRQHandler
                0x08004850                I2C1_EV_IRQHandler
                0x08004852                I2C1_ER_IRQHandler
                0x08004854                I2C2_EV_IRQHandler
                0x08004856                I2C2_ER_IRQHandler
                0x08004858                SPI1_IRQHandler
                0x0800485a                SPI2_IRQHandler
                0x0800485c                USART1_IRQHandler
                0x0800485e                USART2_IRQHandler
                0x08004860                USART3_IRQHandler
                0x08004862                EXTI15_10_IRQHandler
                0x08004864                RTC_Alarm_IRQHandler
                0x08004866                OTG_FS_WKUP_IRQHandler
                0x08004868                TIM8_BRK_TIM12_IRQHandler
                0x0800486a                TIM8_UP_TIM13_IRQHandler
                0x0800486c                TIM8_TRG_COM_TIM14_IRQHandler
                0x0800486e                TIM8_CC_IRQHandler
                0x08004870                DMA1_Stream7_IRQHandler
                0x08004872                FSMC_IRQHandler
                0x08004874                SDIO_IRQHandler
                0x08004876                TIM5_IRQHandler
                0x08004878                SPI3_IRQHandler
                0x0800487a                UART4_IRQHandler
                0x0800487c                UART5_IRQHandler
                0x0800487e                TIM6_DAC_IRQHandler
                0x08004880                TIM7_IRQHandler
                0x08004882                DMA2_Stream0_IRQHandler
                0x08004884                DMA2_Stream1_IRQHandler
                0x08004886                DMA2_Stream2_IRQHandler
                0x08004888                DMA2_Stream3_IRQHandler
                0x0800488a                DMA2_Stream4_IRQHandler
                0x0800488c                ETH_IRQHandler
                0x0800488e                ETH_WKUP_IRQHandler
                0x08004890                CAN2_TX_IRQHandler
                0x08004892                CAN2_RX0_IRQHandler
                0x08004894                CAN2_RX1_IRQHandler
                0x08004896                CAN2_SCE_IRQHandler
                0x08004898                OTG_FS_IRQHandler
                0x0800489a                DMA2_Stream5_IRQHandler
                0x0800489c                DMA2_Stream6_IRQHandler
                0x0800489e                DMA2_Stream7_IRQHandler
                0x080048a0                USART6_IRQHandler
                0x080048a2                I2C3_EV_IRQHandler
                0x080048a4                I2C3_ER_IRQHandler
                0x080048a6                OTG_HS_EP1_OUT_IRQHandler
                0x080048a8                OTG_HS_EP1_IN_IRQHandler
                0x080048aa                OTG_HS_WKUP_IRQHandler
                0x080048ac                OTG_HS_IRQHandler
                0x080048ae                DCMI_IRQHandler
                0x080048b0                CRYP_IRQHandler
                0x080048b2                HASH_RNG_IRQHandler
                0x080048b4                FPU_IRQHandler
                0x080048b6                UART7_IRQHandler
                0x080048b8                UART8_IRQHandler
                0x080048ba                SPI4_IRQHandler
                0x080048bc                SPI5_IRQHandler
                0x080048be                SPI6_IRQHandler
                0x080048c0                SAI1_IRQHandler
                0x080048c2                LTDC_IRQHandler
                0x080048c4                LTDC_ER_IRQHandler
                0x080048c6                DMA2D_IRQHandler
 .text.ili9341_GetLcdPixelWidth
                0x080048d0        0x4 library.a(ili9341.o)
                0x080048d0                ili9341_GetLcdPixelWidth
 .text.ili9341_GetLcdPixelHeight
                0x080048d4        0x6 library.a(ili9341.o)
                0x080048d4                ili9341_GetLcdPixelHeight
 .text.ili9341_DisplayOn
                0x080048da        0x6 library.a(ili9341.o)
                0x080048da                ili9341_DisplayOn
 .text.ili9341_DisplayOff
                0x080048e0        0x6 library.a(ili9341.o)
                0x080048e0                ili9341_DisplayOff
 .text.ili9341_Init
                0x080048e6      0x292 library.a(ili9341.o)
                0x080048e6                ili9341_Init
 .text.ili9341_ReadID
                0x08004b78       0x12 library.a(ili9341.o)
                0x08004b78                ili9341_ReadID
 *fill*         0x08004b8a        0x2 
 .text.exit     0x08004b8c       0x20 y:/coen20/gcc/bin/../lib/gcc/arm-none-eabi/9.3.1/../../../../arm-none-eabi/lib/thumb/v7e-m+fp/hard\libc.a(lib_a-exit.o)
                0x08004b8c                exit
 .text.__libc_init_array
                0x08004bac       0x48 y:/coen20/gcc/bin/../lib/gcc/arm-none-eabi/9.3.1/../../../../arm-none-eabi/lib/thumb/v7e-m+fp/hard\libc.a(lib_a-init.o)
                0x08004bac                __libc_init_array
 .text          0x08004bf4      0x134 y:/coen20/gcc/bin/../lib/gcc/arm-none-eabi/9.3.1/../../../../arm-none-eabi/lib/thumb/v7e-m+fp/hard\libc.a(lib_a-memcpy.o)
                0x08004bf4                memcpy
 .text.memmove  0x08004d28       0xd8 y:/coen20/gcc/bin/../lib/gcc/arm-none-eabi/9.3.1/../../../../arm-none-eabi/lib/thumb/v7e-m+fp/hard\libc.a(lib_a-memmove.o)
                0x08004d28                memmove
 .text.memset   0x08004e00       0xa0 y:/coen20/gcc/bin/../lib/gcc/arm-none-eabi/9.3.1/../../../../arm-none-eabi/lib/thumb/v7e-m+fp/hard\libc.a(lib_a-memset.o)
                0x08004e00                memset
 .text.printf   0x08004ea0       0x28 y:/coen20/gcc/bin/../lib/gcc/arm-none-eabi/9.3.1/../../../../arm-none-eabi/lib/thumb/v7e-m+fp/hard\libc.a(lib_a-printf.o)
                0x08004ea0                printf
 .text._puts_r  0x08004ec8       0x9c y:/coen20/gcc/bin/../lib/gcc/arm-none-eabi/9.3.1/../../../../arm-none-eabi/lib/thumb/v7e-m+fp/hard\libc.a(lib_a-puts.o)
                0x08004ec8                _puts_r
 .text.puts     0x08004f64       0x10 y:/coen20/gcc/bin/../lib/gcc/arm-none-eabi/9.3.1/../../../../arm-none-eabi/lib/thumb/v7e-m+fp/hard\libc.a(lib_a-puts.o)
                0x08004f64                puts
 .text.sprintf  0x08004f74       0x44 y:/coen20/gcc/bin/../lib/gcc/arm-none-eabi/9.3.1/../../../../arm-none-eabi/lib/thumb/v7e-m+fp/hard\libc.a(lib_a-sprintf.o)
                0x08004f74                sprintf
 .text.strcpy   0x08004fb8       0xbc y:/coen20/gcc/bin/../lib/gcc/arm-none-eabi/9.3.1/../../../../arm-none-eabi/lib/thumb/v7e-m+fp/hard\libc.a(lib_a-strcpy.o)
                0x08004fb8                strcpy
 *fill*         0x08005074        0xc 
 .text          0x08005080       0xdc y:/coen20/gcc/bin/../lib/gcc/arm-none-eabi/9.3.1/../../../../arm-none-eabi/lib/thumb/v7e-m+fp/hard\libc.a(lib_a-strlen.o)
                0x08005080                strlen
 *fill*         0x0800515c        0x4 
 .text._svfprintf_r
                0x08005160     0x1b38 y:/coen20/gcc/bin/../lib/gcc/arm-none-eabi/9.3.1/../../../../arm-none-eabi/lib/thumb/v7e-m+fp/hard\libc.a(lib_a-svfprintf.o)
                0x08005160                _svfprintf_r
 .text._vfprintf_r
                0x08006c98     0x1be0 y:/coen20/gcc/bin/../lib/gcc/arm-none-eabi/9.3.1/../../../../arm-none-eabi/lib/thumb/v7e-m+fp/hard\libc.a(lib_a-vfprintf.o)
                0x08006c98                _vfprintf_r
 .text.__sbprintf
                0x08008878       0x84 y:/coen20/gcc/bin/../lib/gcc/arm-none-eabi/9.3.1/../../../../arm-none-eabi/lib/thumb/v7e-m+fp/hard\libc.a(lib_a-vfprintf.o)
 .text._vsprintf_r
                0x080088fc       0x28 y:/coen20/gcc/bin/../lib/gcc/arm-none-eabi/9.3.1/../../../../arm-none-eabi/lib/thumb/v7e-m+fp/hard\libc.a(lib_a-vsprintf.o)
                0x080088fc                _vsprintf_r
 .text.vsprintf
                0x08008924       0x18 y:/coen20/gcc/bin/../lib/gcc/arm-none-eabi/9.3.1/../../../../arm-none-eabi/lib/thumb/v7e-m+fp/hard\libc.a(lib_a-vsprintf.o)
                0x08008924                vsprintf
 .text.__swsetup_r
                0x0800893c       0xd0 y:/coen20/gcc/bin/../lib/gcc/arm-none-eabi/9.3.1/../../../../arm-none-eabi/lib/thumb/v7e-m+fp/hard\libc.a(lib_a-wsetup.o)
                0x0800893c                __swsetup_r
 .text.startup.register_fini
                0x08008a0c       0x14 y:/coen20/gcc/bin/../lib/gcc/arm-none-eabi/9.3.1/../../../../arm-none-eabi/lib/thumb/v7e-m+fp/hard\libc.a(lib_a-__call_atexit.o)
 .text.__call_exitprocs
                0x08008a20       0xcc y:/coen20/gcc/bin/../lib/gcc/arm-none-eabi/9.3.1/../../../../arm-none-eabi/lib/thumb/v7e-m+fp/hard\libc.a(lib_a-__call_atexit.o)
                0x08008a20                __call_exitprocs
 .text.atexit   0x08008aec        0xc y:/coen20/gcc/bin/../lib/gcc/arm-none-eabi/9.3.1/../../../../arm-none-eabi/lib/thumb/v7e-m+fp/hard\libc.a(lib_a-atexit.o)
                0x08008aec                atexit
 .text.quorem   0x08008af8      0x11c y:/coen20/gcc/bin/../lib/gcc/arm-none-eabi/9.3.1/../../../../arm-none-eabi/lib/thumb/v7e-m+fp/hard\libc.a(lib_a-dtoa.o)
 *fill*         0x08008c14        0x4 
 .text._dtoa_r  0x08008c18      0xf44 y:/coen20/gcc/bin/../lib/gcc/arm-none-eabi/9.3.1/../../../../arm-none-eabi/lib/thumb/v7e-m+fp/hard\libc.a(lib_a-dtoa.o)
                0x08008c18                _dtoa_r
 .text.__sflush_r
                0x08009b5c      0x130 y:/coen20/gcc/bin/../lib/gcc/arm-none-eabi/9.3.1/../../../../arm-none-eabi/lib/thumb/v7e-m+fp/hard\libc.a(lib_a-fflush.o)
                0x08009b5c                __sflush_r
 .text._fflush_r
                0x08009c8c       0x5c y:/coen20/gcc/bin/../lib/gcc/arm-none-eabi/9.3.1/../../../../arm-none-eabi/lib/thumb/v7e-m+fp/hard\libc.a(lib_a-fflush.o)
                0x08009c8c                _fflush_r
 .text.std      0x08009ce8       0x50 y:/coen20/gcc/bin/../lib/gcc/arm-none-eabi/9.3.1/../../../../arm-none-eabi/lib/thumb/v7e-m+fp/hard\libc.a(lib_a-findfp.o)
 .text._cleanup_r
                0x08009d38        0xc y:/coen20/gcc/bin/../lib/gcc/arm-none-eabi/9.3.1/../../../../arm-none-eabi/lib/thumb/v7e-m+fp/hard\libc.a(lib_a-findfp.o)
                0x08009d38                _cleanup_r
 .text.__sinit  0x08009d44       0x54 y:/coen20/gcc/bin/../lib/gcc/arm-none-eabi/9.3.1/../../../../arm-none-eabi/lib/thumb/v7e-m+fp/hard\libc.a(lib_a-findfp.o)
                0x08009d44                __sinit
 .text.__sfp_lock_acquire
                0x08009d98        0xc y:/coen20/gcc/bin/../lib/gcc/arm-none-eabi/9.3.1/../../../../arm-none-eabi/lib/thumb/v7e-m+fp/hard\libc.a(lib_a-findfp.o)
                0x08009d98                __sfp_lock_acquire
 .text.__sfp_lock_release
                0x08009da4        0xc y:/coen20/gcc/bin/../lib/gcc/arm-none-eabi/9.3.1/../../../../arm-none-eabi/lib/thumb/v7e-m+fp/hard\libc.a(lib_a-findfp.o)
                0x08009da4                __sfp_lock_release
 .text.__libc_fini_array
                0x08009db0       0x2c y:/coen20/gcc/bin/../lib/gcc/arm-none-eabi/9.3.1/../../../../arm-none-eabi/lib/thumb/v7e-m+fp/hard\libc.a(lib_a-fini.o)
                0x08009db0                __libc_fini_array
 .text._malloc_trim_r
                0x08009ddc       0xa0 y:/coen20/gcc/bin/../lib/gcc/arm-none-eabi/9.3.1/../../../../arm-none-eabi/lib/thumb/v7e-m+fp/hard\libc.a(lib_a-freer.o)
                0x08009ddc                _malloc_trim_r
 .text._free_r  0x08009e7c      0x208 y:/coen20/gcc/bin/../lib/gcc/arm-none-eabi/9.3.1/../../../../arm-none-eabi/lib/thumb/v7e-m+fp/hard\libc.a(lib_a-freer.o)
                0x08009e7c                _free_r
 .text.__sfvwrite_r
                0x0800a084      0x2e0 y:/coen20/gcc/bin/../lib/gcc/arm-none-eabi/9.3.1/../../../../arm-none-eabi/lib/thumb/v7e-m+fp/hard\libc.a(lib_a-fvwrite.o)
                0x0800a084                __sfvwrite_r
 .text._fwalk_reent
                0x0800a364       0x48 y:/coen20/gcc/bin/../lib/gcc/arm-none-eabi/9.3.1/../../../../arm-none-eabi/lib/thumb/v7e-m+fp/hard\libc.a(lib_a-fwalk.o)
                0x0800a364                _fwalk_reent
 .text._localeconv_r
                0x0800a3ac        0x8 y:/coen20/gcc/bin/../lib/gcc/arm-none-eabi/9.3.1/../../../../arm-none-eabi/lib/thumb/v7e-m+fp/hard\libc.a(lib_a-localeconv.o)
                0x0800a3ac                _localeconv_r
 .text.__retarget_lock_init_recursive
                0x0800a3b4        0x4 y:/coen20/gcc/bin/../lib/gcc/arm-none-eabi/9.3.1/../../../../arm-none-eabi/lib/thumb/v7e-m+fp/hard\libc.a(lib_a-lock.o)
                0x0800a3b4                __retarget_lock_init_recursive
 .text.__retarget_lock_close_recursive
                0x0800a3b8        0x4 y:/coen20/gcc/bin/../lib/gcc/arm-none-eabi/9.3.1/../../../../arm-none-eabi/lib/thumb/v7e-m+fp/hard\libc.a(lib_a-lock.o)
                0x0800a3b8                __retarget_lock_close_recursive
 .text.__retarget_lock_acquire_recursive
                0x0800a3bc        0x4 y:/coen20/gcc/bin/../lib/gcc/arm-none-eabi/9.3.1/../../../../arm-none-eabi/lib/thumb/v7e-m+fp/hard\libc.a(lib_a-lock.o)
                0x0800a3bc                __retarget_lock_acquire_recursive
 .text.__retarget_lock_release_recursive
                0x0800a3c0        0x4 y:/coen20/gcc/bin/../lib/gcc/arm-none-eabi/9.3.1/../../../../arm-none-eabi/lib/thumb/v7e-m+fp/hard\libc.a(lib_a-lock.o)
                0x0800a3c0                __retarget_lock_release_recursive
 .text.__swhatbuf_r
                0x0800a3c4       0x5c y:/coen20/gcc/bin/../lib/gcc/arm-none-eabi/9.3.1/../../../../arm-none-eabi/lib/thumb/v7e-m+fp/hard\libc.a(lib_a-makebuf.o)
                0x0800a3c4                __swhatbuf_r
 .text.__smakebuf_r
                0x0800a420       0x98 y:/coen20/gcc/bin/../lib/gcc/arm-none-eabi/9.3.1/../../../../arm-none-eabi/lib/thumb/v7e-m+fp/hard\libc.a(lib_a-makebuf.o)
                0x0800a420                __smakebuf_r
 .text._malloc_r
                0x0800a4b8      0x574 y:/coen20/gcc/bin/../lib/gcc/arm-none-eabi/9.3.1/../../../../arm-none-eabi/lib/thumb/v7e-m+fp/hard\libc.a(lib_a-mallocr.o)
                0x0800a4b8                _malloc_r
 *fill*         0x0800aa2c        0x4 
 .text          0x0800aa30       0xa0 y:/coen20/gcc/bin/../lib/gcc/arm-none-eabi/9.3.1/../../../../arm-none-eabi/lib/thumb/v7e-m+fp/hard\libc.a(lib_a-memchr.o)
                0x0800aa30                memchr
 .text.__malloc_lock
                0x0800aad0        0xc y:/coen20/gcc/bin/../lib/gcc/arm-none-eabi/9.3.1/../../../../arm-none-eabi/lib/thumb/v7e-m+fp/hard\libc.a(lib_a-mlock.o)
                0x0800aad0                __malloc_lock
 .text.__malloc_unlock
                0x0800aadc        0xc y:/coen20/gcc/bin/../lib/gcc/arm-none-eabi/9.3.1/../../../../arm-none-eabi/lib/thumb/v7e-m+fp/hard\libc.a(lib_a-mlock.o)
                0x0800aadc                __malloc_unlock
 .text._Balloc  0x0800aae8       0x4c y:/coen20/gcc/bin/../lib/gcc/arm-none-eabi/9.3.1/../../../../arm-none-eabi/lib/thumb/v7e-m+fp/hard\libc.a(lib_a-mprec.o)
                0x0800aae8                _Balloc
 .text._Bfree   0x0800ab34       0x14 y:/coen20/gcc/bin/../lib/gcc/arm-none-eabi/9.3.1/../../../../arm-none-eabi/lib/thumb/v7e-m+fp/hard\libc.a(lib_a-mprec.o)
                0x0800ab34                _Bfree
 .text.__multadd
                0x0800ab48       0xac y:/coen20/gcc/bin/../lib/gcc/arm-none-eabi/9.3.1/../../../../arm-none-eabi/lib/thumb/v7e-m+fp/hard\libc.a(lib_a-mprec.o)
                0x0800ab48                __multadd
 .text.__hi0bits
                0x0800abf4       0x40 y:/coen20/gcc/bin/../lib/gcc/arm-none-eabi/9.3.1/../../../../arm-none-eabi/lib/thumb/v7e-m+fp/hard\libc.a(lib_a-mprec.o)
                0x0800abf4                __hi0bits
 .text.__lo0bits
                0x0800ac34       0x60 y:/coen20/gcc/bin/../lib/gcc/arm-none-eabi/9.3.1/../../../../arm-none-eabi/lib/thumb/v7e-m+fp/hard\libc.a(lib_a-mprec.o)
                0x0800ac34                __lo0bits
 .text.__i2b    0x0800ac94       0x2c y:/coen20/gcc/bin/../lib/gcc/arm-none-eabi/9.3.1/../../../../arm-none-eabi/lib/thumb/v7e-m+fp/hard\libc.a(lib_a-mprec.o)
                0x0800ac94                __i2b
 .text.__multiply
                0x0800acc0      0x160 y:/coen20/gcc/bin/../lib/gcc/arm-none-eabi/9.3.1/../../../../arm-none-eabi/lib/thumb/v7e-m+fp/hard\libc.a(lib_a-mprec.o)
                0x0800acc0                __multiply
 .text.__pow5mult
                0x0800ae20       0x98 y:/coen20/gcc/bin/../lib/gcc/arm-none-eabi/9.3.1/../../../../arm-none-eabi/lib/thumb/v7e-m+fp/hard\libc.a(lib_a-mprec.o)
                0x0800ae20                __pow5mult
 .text.__lshift
                0x0800aeb8       0xe8 y:/coen20/gcc/bin/../lib/gcc/arm-none-eabi/9.3.1/../../../../arm-none-eabi/lib/thumb/v7e-m+fp/hard\libc.a(lib_a-mprec.o)
                0x0800aeb8                __lshift
 .text.__mcmp   0x0800afa0       0x3c y:/coen20/gcc/bin/../lib/gcc/arm-none-eabi/9.3.1/../../../../arm-none-eabi/lib/thumb/v7e-m+fp/hard\libc.a(lib_a-mprec.o)
                0x0800afa0                __mcmp
 .text.__mdiff  0x0800afdc      0x148 y:/coen20/gcc/bin/../lib/gcc/arm-none-eabi/9.3.1/../../../../arm-none-eabi/lib/thumb/v7e-m+fp/hard\libc.a(lib_a-mprec.o)
                0x0800afdc                __mdiff
 .text.__d2b    0x0800b124       0xd0 y:/coen20/gcc/bin/../lib/gcc/arm-none-eabi/9.3.1/../../../../arm-none-eabi/lib/thumb/v7e-m+fp/hard\libc.a(lib_a-mprec.o)
                0x0800b124                __d2b
 .text._realloc_r
                0x0800b1f4      0x3e0 y:/coen20/gcc/bin/../lib/gcc/arm-none-eabi/9.3.1/../../../../arm-none-eabi/lib/thumb/v7e-m+fp/hard\libc.a(lib_a-reallocr.o)
                0x0800b1f4                _realloc_r
 .text.frexp    0x0800b5d4       0x6c y:/coen20/gcc/bin/../lib/gcc/arm-none-eabi/9.3.1/../../../../arm-none-eabi/lib/thumb/v7e-m+fp/hard\libc.a(lib_a-s_frexp.o)
                0x0800b5d4                frexp
 .text._sbrk_r  0x0800b640       0x24 y:/coen20/gcc/bin/../lib/gcc/arm-none-eabi/9.3.1/../../../../arm-none-eabi/lib/thumb/v7e-m+fp/hard\libc.a(lib_a-sbrkr.o)
                0x0800b640                _sbrk_r
 .text.__sread  0x0800b664       0x24 y:/coen20/gcc/bin/../lib/gcc/arm-none-eabi/9.3.1/../../../../arm-none-eabi/lib/thumb/v7e-m+fp/hard\libc.a(lib_a-stdio.o)
                0x0800b664                __sread
 .text.__swrite
                0x0800b688       0x40 y:/coen20/gcc/bin/../lib/gcc/arm-none-eabi/9.3.1/../../../../arm-none-eabi/lib/thumb/v7e-m+fp/hard\libc.a(lib_a-stdio.o)
                0x0800b688                __swrite
 .text.__sseek  0x0800b6c8       0x20 y:/coen20/gcc/bin/../lib/gcc/arm-none-eabi/9.3.1/../../../../arm-none-eabi/lib/thumb/v7e-m+fp/hard\libc.a(lib_a-stdio.o)
                0x0800b6c8                __sseek
 .text.__sclose
                0x0800b6e8        0x8 y:/coen20/gcc/bin/../lib/gcc/arm-none-eabi/9.3.1/../../../../arm-none-eabi/lib/thumb/v7e-m+fp/hard\libc.a(lib_a-stdio.o)
                0x0800b6e8                __sclose
 .text.strncpy  0x0800b6f0       0x68 y:/coen20/gcc/bin/../lib/gcc/arm-none-eabi/9.3.1/../../../../arm-none-eabi/lib/thumb/v7e-m+fp/hard\libc.a(lib_a-strncpy.o)
                0x0800b6f0                strncpy
 .text.__ssprint_r
                0x0800b758       0xf8 y:/coen20/gcc/bin/../lib/gcc/arm-none-eabi/9.3.1/../../../../arm-none-eabi/lib/thumb/v7e-m+fp/hard\libc.a(lib_a-svfiprintf.o)
                0x0800b758                __ssprint_r
 .text.__sprint_r.part.0
                0x0800b850       0x78 y:/coen20/gcc/bin/../lib/gcc/arm-none-eabi/9.3.1/../../../../arm-none-eabi/lib/thumb/v7e-m+fp/hard\libc.a(lib_a-vfiprintf.o)
 .text.__sprint_r
                0x0800b8c8       0x18 y:/coen20/gcc/bin/../lib/gcc/arm-none-eabi/9.3.1/../../../../arm-none-eabi/lib/thumb/v7e-m+fp/hard\libc.a(lib_a-vfiprintf.o)
                0x0800b8c8                __sprint_r
 .text._vfiprintf_r
                0x0800b8e0      0xd4c y:/coen20/gcc/bin/../lib/gcc/arm-none-eabi/9.3.1/../../../../arm-none-eabi/lib/thumb/v7e-m+fp/hard\libc.a(lib_a-vfiprintf.o)
                0x0800b8e0                _vfiprintf_r
 .text.__sbprintf
                0x0800c62c       0x84 y:/coen20/gcc/bin/../lib/gcc/arm-none-eabi/9.3.1/../../../../arm-none-eabi/lib/thumb/v7e-m+fp/hard\libc.a(lib_a-vfiprintf.o)
 .text._write_r
                0x0800c6b0       0x2c y:/coen20/gcc/bin/../lib/gcc/arm-none-eabi/9.3.1/../../../../arm-none-eabi/lib/thumb/v7e-m+fp/hard\libc.a(lib_a-writer.o)
                0x0800c6b0                _write_r
 .text.__register_exitproc
                0x0800c6dc       0x8c y:/coen20/gcc/bin/../lib/gcc/arm-none-eabi/9.3.1/../../../../arm-none-eabi/lib/thumb/v7e-m+fp/hard\libc.a(lib_a-__atexit.o)
                0x0800c6dc                __register_exitproc
 .text.__assert_func
                0x0800c768       0x3c y:/coen20/gcc/bin/../lib/gcc/arm-none-eabi/9.3.1/../../../../arm-none-eabi/lib/thumb/v7e-m+fp/hard\libc.a(lib_a-assert.o)
                0x0800c768                __assert_func
 .text._calloc_r
                0x0800c7a4       0x60 y:/coen20/gcc/bin/../lib/gcc/arm-none-eabi/9.3.1/../../../../arm-none-eabi/lib/thumb/v7e-m+fp/hard\libc.a(lib_a-callocr.o)
                0x0800c7a4                _calloc_r
 .text._close_r
                0x0800c804       0x24 y:/coen20/gcc/bin/../lib/gcc/arm-none-eabi/9.3.1/../../../../arm-none-eabi/lib/thumb/v7e-m+fp/hard\libc.a(lib_a-closer.o)
                0x0800c804                _close_r
 .text._fclose_r
                0x0800c828       0xcc y:/coen20/gcc/bin/../lib/gcc/arm-none-eabi/9.3.1/../../../../arm-none-eabi/lib/thumb/v7e-m+fp/hard\libc.a(lib_a-fclose.o)
                0x0800c828                _fclose_r
 .text.fiprintf
                0x0800c8f4       0x28 y:/coen20/gcc/bin/../lib/gcc/arm-none-eabi/9.3.1/../../../../arm-none-eabi/lib/thumb/v7e-m+fp/hard\libc.a(lib_a-fiprintf.o)
                0x0800c8f4                fiprintf
 .text.__fputwc
                0x0800c91c       0xa8 y:/coen20/gcc/bin/../lib/gcc/arm-none-eabi/9.3.1/../../../../arm-none-eabi/lib/thumb/v7e-m+fp/hard\libc.a(lib_a-fputwc.o)
                0x0800c91c                __fputwc
 .text._fputwc_r
                0x0800c9c4       0x68 y:/coen20/gcc/bin/../lib/gcc/arm-none-eabi/9.3.1/../../../../arm-none-eabi/lib/thumb/v7e-m+fp/hard\libc.a(lib_a-fputwc.o)
                0x0800c9c4                _fputwc_r
 .text._fstat_r
                0x0800ca2c       0x2c y:/coen20/gcc/bin/../lib/gcc/arm-none-eabi/9.3.1/../../../../arm-none-eabi/lib/thumb/v7e-m+fp/hard\libc.a(lib_a-fstatr.o)
                0x0800ca2c                _fstat_r
 .text._isatty_r
                0x0800ca58       0x24 y:/coen20/gcc/bin/../lib/gcc/arm-none-eabi/9.3.1/../../../../arm-none-eabi/lib/thumb/v7e-m+fp/hard\libc.a(lib_a-isattyr.o)
                0x0800ca58                _isatty_r
 .text.__locale_mb_cur_max
                0x0800ca7c        0xc y:/coen20/gcc/bin/../lib/gcc/arm-none-eabi/9.3.1/../../../../arm-none-eabi/lib/thumb/v7e-m+fp/hard\libc.a(lib_a-locale.o)
                0x0800ca7c                __locale_mb_cur_max
 .text._lseek_r
                0x0800ca88       0x2c y:/coen20/gcc/bin/../lib/gcc/arm-none-eabi/9.3.1/../../../../arm-none-eabi/lib/thumb/v7e-m+fp/hard\libc.a(lib_a-lseekr.o)
                0x0800ca88                _lseek_r
 .text.__ascii_mbtowc
                0x0800cab4       0x2c y:/coen20/gcc/bin/../lib/gcc/arm-none-eabi/9.3.1/../../../../arm-none-eabi/lib/thumb/v7e-m+fp/hard\libc.a(lib_a-mbtowc_r.o)
                0x0800cab4                __ascii_mbtowc
 .text._read_r  0x0800cae0       0x2c y:/coen20/gcc/bin/../lib/gcc/arm-none-eabi/9.3.1/../../../../arm-none-eabi/lib/thumb/v7e-m+fp/hard\libc.a(lib_a-readr.o)
                0x0800cae0                _read_r
 .text.__swbuf_r
                0x0800cb0c       0xb0 y:/coen20/gcc/bin/../lib/gcc/arm-none-eabi/9.3.1/../../../../arm-none-eabi/lib/thumb/v7e-m+fp/hard\libc.a(lib_a-wbuf.o)
                0x0800cb0c                __swbuf_r
 .text._wcrtomb_r
                0x0800cbbc       0x3c y:/coen20/gcc/bin/../lib/gcc/arm-none-eabi/9.3.1/../../../../arm-none-eabi/lib/thumb/v7e-m+fp/hard\libc.a(lib_a-wcrtomb.o)
                0x0800cbbc                _wcrtomb_r
 .text.__ascii_wctomb
                0x0800cbf8       0x1c y:/coen20/gcc/bin/../lib/gcc/arm-none-eabi/9.3.1/../../../../arm-none-eabi/lib/thumb/v7e-m+fp/hard\libc.a(lib_a-wctomb_r.o)
                0x0800cbf8                __ascii_wctomb
 .text.abort    0x0800cc14       0x10 y:/coen20/gcc/bin/../lib/gcc/arm-none-eabi/9.3.1/../../../../arm-none-eabi/lib/thumb/v7e-m+fp/hard\libc.a(lib_a-abort.o)
                0x0800cc14                abort
 .text._raise_r
                0x0800cc24       0x58 y:/coen20/gcc/bin/../lib/gcc/arm-none-eabi/9.3.1/../../../../arm-none-eabi/lib/thumb/v7e-m+fp/hard\libc.a(lib_a-signal.o)
                0x0800cc24                _raise_r
 .text.raise    0x0800cc7c       0x10 y:/coen20/gcc/bin/../lib/gcc/arm-none-eabi/9.3.1/../../../../arm-none-eabi/lib/thumb/v7e-m+fp/hard\libc.a(lib_a-signal.o)
                0x0800cc7c                raise
 .text._kill_r  0x0800cc8c       0x2c y:/coen20/gcc/bin/../lib/gcc/arm-none-eabi/9.3.1/../../../../arm-none-eabi/lib/thumb/v7e-m+fp/hard\libc.a(lib_a-signalr.o)
                0x0800cc8c                _kill_r
 .text._getpid_r
                0x0800ccb8        0x4 y:/coen20/gcc/bin/../lib/gcc/arm-none-eabi/9.3.1/../../../../arm-none-eabi/lib/thumb/v7e-m+fp/hard\libc.a(lib_a-signalr.o)
                0x0800ccb8                _getpid_r
 .text._sbrk    0x0800ccbc       0x1c y:/coen20/gcc/bin/../lib/gcc/arm-none-eabi/9.3.1/../../../../arm-none-eabi/lib/thumb/v7e-m+fp/hard\libnosys.a(sbrk.o)
                0x0800ccbc                _sbrk
 .text._exit    0x0800ccd8        0x4 y:/coen20/gcc/bin/../lib/gcc/arm-none-eabi/9.3.1/../../../../arm-none-eabi/lib/thumb/v7e-m+fp/hard\libnosys.a(_exit.o)
                0x0800ccd8                _exit
 .text          0x0800ccdc      0x378 y:/coen20/gcc/bin/../lib/gcc/arm-none-eabi/9.3.1/thumb/v7e-m+fp/hard\libgcc.a(_arm_addsubdf3.o)
                0x0800ccdc                __aeabi_drsub
                0x0800cce4                __aeabi_dsub
                0x0800cce4                __subdf3
                0x0800cce8                __aeabi_dadd
                0x0800cce8                __adddf3
                0x0800cf60                __floatunsidf
                0x0800cf60                __aeabi_ui2d
                0x0800cf80                __floatsidf
                0x0800cf80                __aeabi_i2d
                0x0800cfa4                __aeabi_f2d
                0x0800cfa4                __extendsfdf2
                0x0800cfe8                __floatundidf
                0x0800cfe8                __aeabi_ul2d
                0x0800cff8                __floatdidf
                0x0800cff8                __aeabi_l2d
 .text          0x0800d054      0x424 y:/coen20/gcc/bin/../lib/gcc/arm-none-eabi/9.3.1/thumb/v7e-m+fp/hard\libgcc.a(_arm_muldivdf3.o)
                0x0800d054                __aeabi_dmul
                0x0800d054                __muldf3
                0x0800d2a8                __divdf3
                0x0800d2a8                __aeabi_ddiv
 .text          0x0800d478      0x110 y:/coen20/gcc/bin/../lib/gcc/arm-none-eabi/9.3.1/thumb/v7e-m+fp/hard\libgcc.a(_arm_cmpdf2.o)
                0x0800d478                __gtdf2
                0x0800d478                __gedf2
                0x0800d480                __ltdf2
                0x0800d480                __ledf2
                0x0800d488                __nedf2
                0x0800d488                __eqdf2
                0x0800d488                __cmpdf2
                0x0800d504                __aeabi_cdrcmple
                0x0800d514                __aeabi_cdcmpeq
                0x0800d514                __aeabi_cdcmple
                0x0800d524                __aeabi_dcmpeq
                0x0800d538                __aeabi_dcmplt
                0x0800d54c                __aeabi_dcmple
                0x0800d560                __aeabi_dcmpge
                0x0800d574                __aeabi_dcmpgt
 .text          0x0800d588       0x2c y:/coen20/gcc/bin/../lib/gcc/arm-none-eabi/9.3.1/thumb/v7e-m+fp/hard\libgcc.a(_arm_unorddf2.o)
                0x0800d588                __unorddf2
                0x0800d588                __aeabi_dcmpun
 .text          0x0800d5b4       0x50 y:/coen20/gcc/bin/../lib/gcc/arm-none-eabi/9.3.1/thumb/v7e-m+fp/hard\libgcc.a(_arm_fixdfsi.o)
                0x0800d5b4                __aeabi_d2iz
                0x0800d5b4                __fixdfsi
 .text          0x0800d604       0x30 y:/coen20/gcc/bin/../lib/gcc/arm-none-eabi/9.3.1/thumb/v7e-m+fp/hard\libgcc.a(_aeabi_uldivmod.o)
                0x0800d604                __aeabi_uldivmod
 .text          0x0800d634      0x2c4 y:/coen20/gcc/bin/../lib/gcc/arm-none-eabi/9.3.1/thumb/v7e-m+fp/hard\libgcc.a(_udivmoddi4.o)
                0x0800d634                __udivmoddi4
 .text          0x0800d8f8        0x4 y:/coen20/gcc/bin/../lib/gcc/arm-none-eabi/9.3.1/thumb/v7e-m+fp/hard\libgcc.a(_dvmd_tls.o)
                0x0800d8f8                __aeabi_idiv0
                0x0800d8f8                __aeabi_ldiv0
 *(.init)
 .init          0x0800d8fc        0x4 y:/coen20/gcc/bin/../lib/gcc/arm-none-eabi/9.3.1/thumb/v7e-m+fp/hard/crti.o
                0x0800d8fc                _init
 .init          0x0800d900        0x8 y:/coen20/gcc/bin/../lib/gcc/arm-none-eabi/9.3.1/thumb/v7e-m+fp/hard/crtn.o
 *(.fini)
 .fini          0x0800d908        0x4 y:/coen20/gcc/bin/../lib/gcc/arm-none-eabi/9.3.1/thumb/v7e-m+fp/hard/crti.o
                0x0800d908                _fini
 .fini          0x0800d90c        0x8 y:/coen20/gcc/bin/../lib/gcc/arm-none-eabi/9.3.1/thumb/v7e-m+fp/hard/crtn.o
 *crtbegin.o(.ctors)
 *crtbegin?.o(.ctors)
 *(EXCLUDE_FILE(*crtend.o *crtend?.o) .ctors)
 *(SORT_BY_NAME(.ctors.*))
 *(.ctors)
 *crtbegin.o(.dtors)
 *crtbegin?.o(.dtors)
 *(EXCLUDE_FILE(*crtend.o *crtend?.o) .dtors)
 *(SORT_BY_NAME(.dtors.*))
 *(.dtors)
 *(.rodata*)
 .rodata        0x0800d914      0x1e1 obj/Lab5C-Main-c.o
 .rodata.DisplayHeader.str1.1
                0x0800daf5       0x27 library.a(initialize.o)
 .rodata._write.str1.1
                0x0800db1c       0x27 library.a(initialize.o)
                                  0x1 (size before relaxing)
 .rodata.Font12_Table
                0x0800db1c      0x474 library.a(stm32f429i_discovery_lcd.o)
                0x0800db1c                Font12_Table
 .rodata.Font16_Table
                0x0800df90      0xbe0 library.a(stm32f429i_discovery_lcd.o)
                0x0800df90                Font16_Table
 .rodata.Font24_Table
                0x0800eb70     0x1ab8 library.a(stm32f429i_discovery_lcd.o)
                0x0800eb70                Font24_Table
 .rodata.CSWTCH.4
                0x08010628        0x7 library.a(stm32f4xx_hal_ltdc.o)
 .rodata.APBAHBPrescTable
                0x0801062f       0x10 library.a(stm32f4xx_hal_rcc.o)
                0x0801062f                APBAHBPrescTable
 .rodata.SVC_Label.str1.1
                0x0801063f        0xe library.a(svcHandler.o)
 .rodata.F32.str1.1
                0x0801064d       0x20 library.a(svcHandler.o)
 .rodata.FlPtRegs.str1.1
                0x0801066d       0x1a library.a(svcHandler.o)
 .rodata._MemManageHandler.str1.1
                0x08010687       0x10 library.a(svcHandler.o)
 .rodata._BusFault_Handler.str1.1
                0x08010697        0xb library.a(svcHandler.o)
 .rodata._HardFault_Handler.str1.1
                0x080106a2        0xc library.a(svcHandler.o)
 .rodata._UsageFault_Handler.str1.1
                0x080106ae       0x76 library.a(svcHandler.o)
 .rodata.SVC_Exception.str1.1
                0x08010724       0x15 library.a(svcHandler.o)
 .rodata.str1.1
                0x08010739      0x11e library.a(svcHandler.o)
 *fill*         0x08010857        0x1 
 .rodata._global_impure_ptr
                0x08010858        0x4 y:/coen20/gcc/bin/../lib/gcc/arm-none-eabi/9.3.1/../../../../arm-none-eabi/lib/thumb/v7e-m+fp/hard\libc.a(lib_a-impure.o)
                0x08010858                _global_impure_ptr
 .rodata._puts_r.str1.4
                0x0801085c        0x2 y:/coen20/gcc/bin/../lib/gcc/arm-none-eabi/9.3.1/../../../../arm-none-eabi/lib/thumb/v7e-m+fp/hard\libc.a(lib_a-puts.o)
 *fill*         0x0801085e        0x2 
 .rodata._svfprintf_r.str1.4
                0x08010860       0x42 y:/coen20/gcc/bin/../lib/gcc/arm-none-eabi/9.3.1/../../../../arm-none-eabi/lib/thumb/v7e-m+fp/hard\libc.a(lib_a-svfprintf.o)
 *fill*         0x080108a2        0x2 
 .rodata.blanks.8698
                0x080108a4       0x10 y:/coen20/gcc/bin/../lib/gcc/arm-none-eabi/9.3.1/../../../../arm-none-eabi/lib/thumb/v7e-m+fp/hard\libc.a(lib_a-svfprintf.o)
 .rodata.zeroes.8699
                0x080108b4       0x10 y:/coen20/gcc/bin/../lib/gcc/arm-none-eabi/9.3.1/../../../../arm-none-eabi/lib/thumb/v7e-m+fp/hard\libc.a(lib_a-svfprintf.o)
 .rodata._vfprintf_r.str1.4
                0x080108c4       0x42 y:/coen20/gcc/bin/../lib/gcc/arm-none-eabi/9.3.1/../../../../arm-none-eabi/lib/thumb/v7e-m+fp/hard\libc.a(lib_a-vfprintf.o)
 .rodata.blanks.8713
                0x080108c4       0x10 y:/coen20/gcc/bin/../lib/gcc/arm-none-eabi/9.3.1/../../../../arm-none-eabi/lib/thumb/v7e-m+fp/hard\libc.a(lib_a-vfprintf.o)
 .rodata.zeroes.8714
                0x080108d4       0x10 y:/coen20/gcc/bin/../lib/gcc/arm-none-eabi/9.3.1/../../../../arm-none-eabi/lib/thumb/v7e-m+fp/hard\libc.a(lib_a-vfprintf.o)
 .rodata._dtoa_r.str1.4
                0x080108e4       0xa0 y:/coen20/gcc/bin/../lib/gcc/arm-none-eabi/9.3.1/../../../../arm-none-eabi/lib/thumb/v7e-m+fp/hard\libc.a(lib_a-dtoa.o)
                                 0xa4 (size before relaxing)
 .rodata.__multadd.str1.4
                0x08010984       0x7d y:/coen20/gcc/bin/../lib/gcc/arm-none-eabi/9.3.1/../../../../arm-none-eabi/lib/thumb/v7e-m+fp/hard\libc.a(lib_a-mprec.o)
                                 0x91 (size before relaxing)
 *fill*         0x08010a01        0x7 
 .rodata.__mprec_bigtens
                0x08010a08       0x28 y:/coen20/gcc/bin/../lib/gcc/arm-none-eabi/9.3.1/../../../../arm-none-eabi/lib/thumb/v7e-m+fp/hard\libc.a(lib_a-mprec.o)
                0x08010a08                __mprec_bigtens
 .rodata.__mprec_tens
                0x08010a30       0xc8 y:/coen20/gcc/bin/../lib/gcc/arm-none-eabi/9.3.1/../../../../arm-none-eabi/lib/thumb/v7e-m+fp/hard\libc.a(lib_a-mprec.o)
                0x08010a30                __mprec_tens
 .rodata.p05.7485
                0x08010af8        0xc y:/coen20/gcc/bin/../lib/gcc/arm-none-eabi/9.3.1/../../../../arm-none-eabi/lib/thumb/v7e-m+fp/hard\libc.a(lib_a-mprec.o)
 .rodata._vfiprintf_r.str1.4
                0x08010b04       0x2f y:/coen20/gcc/bin/../lib/gcc/arm-none-eabi/9.3.1/../../../../arm-none-eabi/lib/thumb/v7e-m+fp/hard\libc.a(lib_a-vfiprintf.o)
 .rodata.blanks.8691
                0x08010b04       0x10 y:/coen20/gcc/bin/../lib/gcc/arm-none-eabi/9.3.1/../../../../arm-none-eabi/lib/thumb/v7e-m+fp/hard\libc.a(lib_a-vfiprintf.o)
 .rodata.zeroes.8692
                0x08010b14       0x10 y:/coen20/gcc/bin/../lib/gcc/arm-none-eabi/9.3.1/../../../../arm-none-eabi/lib/thumb/v7e-m+fp/hard\libc.a(lib_a-vfiprintf.o)
 .rodata.__assert_func.str1.4
                0x08010b24       0x3f y:/coen20/gcc/bin/../lib/gcc/arm-none-eabi/9.3.1/../../../../arm-none-eabi/lib/thumb/v7e-m+fp/hard\libc.a(lib_a-assert.o)
                                 0x43 (size before relaxing)
 *fill*         0x08010b63        0x1 
 .rodata._setlocale_r.str1.4
                0x08010b64        0xa y:/coen20/gcc/bin/../lib/gcc/arm-none-eabi/9.3.1/../../../../arm-none-eabi/lib/thumb/v7e-m+fp/hard\libc.a(lib_a-locale.o)
                                  0xd (size before relaxing)
 *fill*         0x08010b6e        0x2 
 .rodata.str1.4
                0x08010b70        0x2 y:/coen20/gcc/bin/../lib/gcc/arm-none-eabi/9.3.1/../../../../arm-none-eabi/lib/thumb/v7e-m+fp/hard\libc.a(lib_a-locale.o)
 *fill*         0x08010b72        0x2 
 .rodata._ctype_
                0x08010b74      0x101 y:/coen20/gcc/bin/../lib/gcc/arm-none-eabi/9.3.1/../../../../arm-none-eabi/lib/thumb/v7e-m+fp/hard\libc.a(lib_a-ctype_.o)
                0x08010b74                _ctype_
 *(.eh_frame*)
 *fill*         0x08010c75        0x3 
 .eh_frame      0x08010c78        0x0 y:/coen20/gcc/bin/../lib/gcc/arm-none-eabi/9.3.1/thumb/v7e-m+fp/hard/crtbegin.o
 .eh_frame      0x08010c78        0x4 y:/coen20/gcc/bin/../lib/gcc/arm-none-eabi/9.3.1/thumb/v7e-m+fp/hard/crtend.o

.glue_7         0x08010c7c        0x0
 .glue_7        0x08010c7c        0x0 linker stubs

.glue_7t        0x08010c7c        0x0
 .glue_7t       0x08010c7c        0x0 linker stubs

.vfp11_veneer   0x08010c7c        0x0
 .vfp11_veneer  0x08010c7c        0x0 linker stubs

.v4_bx          0x08010c7c        0x0
 .v4_bx         0x08010c7c        0x0 linker stubs

.iplt           0x08010c7c        0x0
 .iplt          0x08010c7c        0x0 y:/coen20/gcc/bin/../lib/gcc/arm-none-eabi/9.3.1/thumb/v7e-m+fp/hard/crtbegin.o

.ARM.extab
 *(.ARM.extab* .gnu.linkonce.armextab.*)
                0x08010c7c                __exidx_start = .

.ARM.exidx      0x08010c7c        0x8
 *(.ARM.exidx* .gnu.linkonce.armexidx.*)
 .ARM.exidx     0x08010c7c        0x8 y:/coen20/gcc/bin/../lib/gcc/arm-none-eabi/9.3.1/../../../../arm-none-eabi/lib/thumb/v7e-m+fp/hard/crt0.o
                                 0x10 (size before relaxing)
 .ARM.exidx     0x08010c84        0x0 y:/coen20/gcc/bin/../lib/gcc/arm-none-eabi/9.3.1/thumb/v7e-m+fp/hard\libgcc.a(_udivmoddi4.o)
                                  0x8 (size before relaxing)
                0x08010c84                __exidx_end = .
                0x08010c84                __etext = .

.rel.dyn        0x08010c84        0x0
 .rel.iplt      0x08010c84        0x0 y:/coen20/gcc/bin/../lib/gcc/arm-none-eabi/9.3.1/thumb/v7e-m+fp/hard/crtbegin.o

.data           0x20000000      0xc38 load address 0x08010c84
                0x20000000                __data_start__ = .
 *(vtable)
 *(.data*)
 .data.ADC      0x20000000        0x4 obj/Lab5C-Main-c.o
 .data.ADC1     0x20000004        0x4 obj/Lab5C-Main-c.o
 .data.CALIBRATION
                0x20000008        0x4 obj/Lab5C-Main-c.o
 .data.RCC      0x2000000c        0x4 obj/Lab5C-Main-c.o
 .data.check.6823
                0x20000010      0x120 obj/Lab5C-Main-c.o
 .data.BUTTON_PORT
                0x20000130        0x4 library.a(stm32f429i_discovery.o)
                0x20000130                BUTTON_PORT
 .data.SpixTimeout
                0x20000134        0x4 library.a(stm32f429i_discovery.o)
                0x20000134                SpixTimeout
 .data.Font12   0x20000138        0x8 library.a(stm32f429i_discovery_lcd.o)
                0x20000138                Font12
 .data.Font16   0x20000140        0x8 library.a(stm32f429i_discovery_lcd.o)
                0x20000140                Font16
 .data.Font24   0x20000148        0x8 library.a(stm32f429i_discovery_lcd.o)
                0x20000148                Font24
 .data.context.0
                0x20000150       0x20 library.a(svcHandler.o)
 .data.context.1
                0x20000170       0x20 library.a(svcHandler.o)
 .data.context.3
                0x20000190       0x20 library.a(svcHandler.o)
 .data.context.6
                0x200001b0       0x20 library.a(svcHandler.o)
 .data.lines.2  0x200001d0       0x30 library.a(svcHandler.o)
 .data.lines.5  0x20000200       0x40 library.a(svcHandler.o)
 .data.SystemCoreClock
                0x20000240        0x4 library.a(system_stm32f4xx.o)
                0x20000240                SystemCoreClock
 .data.ili9341_drv
                0x20000244       0x38 library.a(ili9341.o)
                0x20000244                ili9341_drv
 .data._impure_ptr
                0x2000027c        0x4 y:/coen20/gcc/bin/../lib/gcc/arm-none-eabi/9.3.1/../../../../arm-none-eabi/lib/thumb/v7e-m+fp/hard\libc.a(lib_a-impure.o)
                0x2000027c                _impure_ptr
 .data.impure_data
                0x20000280      0x428 y:/coen20/gcc/bin/../lib/gcc/arm-none-eabi/9.3.1/../../../../arm-none-eabi/lib/thumb/v7e-m+fp/hard\libc.a(lib_a-impure.o)
 .data.__atexit_recursive_mutex
                0x200006a8        0x4 y:/coen20/gcc/bin/../lib/gcc/arm-none-eabi/9.3.1/../../../../arm-none-eabi/lib/thumb/v7e-m+fp/hard\libc.a(lib_a-__call_atexit.o)
                0x200006a8                __atexit_recursive_mutex
 .data.__malloc_av_
                0x200006ac      0x408 y:/coen20/gcc/bin/../lib/gcc/arm-none-eabi/9.3.1/../../../../arm-none-eabi/lib/thumb/v7e-m+fp/hard\libc.a(lib_a-mallocr.o)
                0x200006ac                __malloc_av_
 .data.__malloc_sbrk_base
                0x20000ab4        0x4 y:/coen20/gcc/bin/../lib/gcc/arm-none-eabi/9.3.1/../../../../arm-none-eabi/lib/thumb/v7e-m+fp/hard\libc.a(lib_a-mallocr.o)
                0x20000ab4                __malloc_sbrk_base
 .data.__malloc_trim_threshold
                0x20000ab8        0x4 y:/coen20/gcc/bin/../lib/gcc/arm-none-eabi/9.3.1/../../../../arm-none-eabi/lib/thumb/v7e-m+fp/hard\libc.a(lib_a-mallocr.o)
                0x20000ab8                __malloc_trim_threshold
 .data.__global_locale
                0x20000abc      0x16c y:/coen20/gcc/bin/../lib/gcc/arm-none-eabi/9.3.1/../../../../arm-none-eabi/lib/thumb/v7e-m+fp/hard\libc.a(lib_a-locale.o)
                0x20000abc                __global_locale
                0x20000c28                . = ALIGN (0x4)
                0x20000c28                PROVIDE (__preinit_array_start = .)
 *(.preinit_array)
                0x20000c28                PROVIDE (__preinit_array_end = .)
                0x20000c28                . = ALIGN (0x4)
                0x20000c28                PROVIDE (__init_array_start = .)
 *(SORT_BY_NAME(.init_array.*))
 .init_array.00000
                0x20000c28        0x4 y:/coen20/gcc/bin/../lib/gcc/arm-none-eabi/9.3.1/../../../../arm-none-eabi/lib/thumb/v7e-m+fp/hard\libc.a(lib_a-__call_atexit.o)
 *(.init_array)
 .init_array    0x20000c2c        0x4 y:/coen20/gcc/bin/../lib/gcc/arm-none-eabi/9.3.1/thumb/v7e-m+fp/hard/crtbegin.o
                0x20000c30                PROVIDE (__init_array_end = .)
                0x20000c30                . = ALIGN (0x8)
                0x20000c30                PROVIDE (__fini_array_start = .)
 *(SORT_BY_NAME(.fini_array.*))
 *(.fini_array)
 .fini_array    0x20000c30        0x4 y:/coen20/gcc/bin/../lib/gcc/arm-none-eabi/9.3.1/thumb/v7e-m+fp/hard/crtbegin.o
                0x20000c34                PROVIDE (__fini_array_end = .)
                0x20000c38                . = ALIGN (0x8)
 *fill*         0x20000c34        0x4 
                0x20000c38                __data_end__ = .

.igot.plt       0x20000c38        0x0 load address 0x080118bc
 .igot.plt      0x20000c38        0x0 y:/coen20/gcc/bin/../lib/gcc/arm-none-eabi/9.3.1/thumb/v7e-m+fp/hard/crtbegin.o

.bss            0x20000c38    0x1d1b0 load address 0x080118bc
                0x20000c38                __bss_start__ = .
 *(.bss*)
 .bss           0x20000c38       0x1c y:/coen20/gcc/bin/../lib/gcc/arm-none-eabi/9.3.1/thumb/v7e-m+fp/hard/crtbegin.o
 .bss.oldMax.6730
                0x20000c54        0x4 obj/Lab5C-Main-c.o
 .bss.oldMin.6729
                0x20000c58        0x4 obj/Lab5C-Main-c.o
 .bss.plot.6723
                0x20000c5c      0x658 obj/Lab5C-Main-c.o
 .bss.buffer    0x200012b4      0x620 library.a(initialize.o)
 .bss.txtCol    0x200018d4        0x4 library.a(initialize.o)
 .bss.txtRow    0x200018d8        0x4 library.a(initialize.o)
 .bss.Is_LCD_IO_Initialized
                0x200018dc        0x1 library.a(stm32f429i_discovery.o)
 *fill*         0x200018dd        0x3 
 .bss.SpiHandle
                0x200018e0       0x58 library.a(stm32f429i_discovery.o)
 .bss.ActiveLayer
                0x20001938        0x4 library.a(stm32f429i_discovery_lcd.o)
 .bss.Dma2dHandler
                0x2000193c       0x40 library.a(stm32f429i_discovery_lcd.o)
 .bss.DrawProp  0x2000197c       0x18 library.a(stm32f429i_discovery_lcd.o)
 .bss.LcdDrv    0x20001994        0x4 library.a(stm32f429i_discovery_lcd.o)
                0x20001994                LcdDrv
 .bss.LtdcHandler
                0x20001998       0xa8 library.a(stm32f429i_discovery_lcd.o)
 .bss.PeriphClkInitStruct
                0x20001a40       0x30 library.a(stm32f429i_discovery_lcd.o)
 .bss.Command   0x20001a70       0x10 library.a(stm32f429i_discovery_sdram.o)
 .bss.SdramHandle
                0x20001a80       0x34 library.a(stm32f429i_discovery_sdram.o)
 .bss.Timing    0x20001ab4       0x1c library.a(stm32f429i_discovery_sdram.o)
 .bss.dmaHandle.0
                0x20001ad0       0x50 library.a(stm32f429i_discovery_sdram.o)
 .bss.uwTick    0x20001b20        0x4 library.a(stm32f4xx_hal.o)
 .bss.rgb       0x20001b24    0x1c200 library.a(svcHandler.o)
                0x20001b24                rgb
 .bss.text.4    0x2001dd24       0x64 library.a(svcHandler.o)
 .bss.__malloc_current_mallinfo
                0x2001dd88       0x28 y:/coen20/gcc/bin/../lib/gcc/arm-none-eabi/9.3.1/../../../../arm-none-eabi/lib/thumb/v7e-m+fp/hard\libc.a(lib_a-mallocr.o)
                0x2001dd88                __malloc_current_mallinfo
 .bss.__malloc_max_sbrked_mem
                0x2001ddb0        0x4 y:/coen20/gcc/bin/../lib/gcc/arm-none-eabi/9.3.1/../../../../arm-none-eabi/lib/thumb/v7e-m+fp/hard\libc.a(lib_a-mallocr.o)
                0x2001ddb0                __malloc_max_sbrked_mem
 .bss.__malloc_max_total_mem
                0x2001ddb4        0x4 y:/coen20/gcc/bin/../lib/gcc/arm-none-eabi/9.3.1/../../../../arm-none-eabi/lib/thumb/v7e-m+fp/hard\libc.a(lib_a-mallocr.o)
                0x2001ddb4                __malloc_max_total_mem
 .bss.__malloc_top_pad
                0x2001ddb8        0x4 y:/coen20/gcc/bin/../lib/gcc/arm-none-eabi/9.3.1/../../../../arm-none-eabi/lib/thumb/v7e-m+fp/hard\libc.a(lib_a-mallocr.o)
                0x2001ddb8                __malloc_top_pad
 .bss.heap_end.5507
                0x2001ddbc        0x4 y:/coen20/gcc/bin/../lib/gcc/arm-none-eabi/9.3.1/../../../../arm-none-eabi/lib/thumb/v7e-m+fp/hard\libnosys.a(sbrk.o)
 *(COMMON)
 COMMON         0x2001ddc0       0x21 y:/coen20/gcc/bin/../lib/gcc/arm-none-eabi/9.3.1/../../../../arm-none-eabi/lib/thumb/v7e-m+fp/hard\libc.a(lib_a-lock.o)
                0x2001ddc0                __lock___atexit_recursive_mutex
                0x2001ddc4                __lock___arc4random_mutex
                0x2001ddc8                __lock___env_recursive_mutex
                0x2001ddcc                __lock___sinit_recursive_mutex
                0x2001ddd0                __lock___malloc_recursive_mutex
                0x2001ddd4                __lock___at_quick_exit_mutex
                0x2001ddd8                __lock___dd_hash_mutex
                0x2001dddc                __lock___tz_mutex
                0x2001dde0                __lock___sfp_recursive_mutex
 *fill*         0x2001dde1        0x3 
 COMMON         0x2001dde4        0x4 y:/coen20/gcc/bin/../lib/gcc/arm-none-eabi/9.3.1/../../../../arm-none-eabi/lib/thumb/v7e-m+fp/hard\libc.a(lib_a-reent.o)
                0x2001dde4                errno
                0x2001dde8                __bss_end__ = .

.ccm            0x10000000        0x0
                0x10000000                . = ALIGN (0x4)
                0x10000000                __ccm_start__ = .
 *(.ccm*)
                0x10000000                . = ALIGN (0x4)
                0x10000000                __ccm_end__ = .

.heap           0x10000000      0xc00
                0x10000000                __end__ = .
                0x10000000                end = __end__
 *(.heap*)
 .heap          0x10000000      0xc00 library.a(startup_stm32f429xx.o)
                0x10000000                __HeapBase
                0x10000c00                __HeapLimit = .

.stack_dummy    0x10000000     0x1000
 *(.stack)
 .stack         0x10000000     0x1000 library.a(startup_stm32f429xx.o)
                0x10010000                __StackTop = (ORIGIN (CCM) + LENGTH (CCM))
                0x1000f000                __StackLimit = (__StackTop - SIZEOF (.stack_dummy))
                0x10010000                PROVIDE (__stack = __StackTop)
                0x00000001                ASSERT ((__StackLimit >= __HeapLimit), region CCM overflowed with stack)
OUTPUT(output.elf elf32-littlearm)
LOAD linker stubs

.ARM.attributes
                0x00000000       0x30
 .ARM.attributes
                0x00000000       0x1e y:/coen20/gcc/bin/../lib/gcc/arm-none-eabi/9.3.1/thumb/v7e-m+fp/hard/crti.o
 .ARM.attributes
                0x0000001e       0x34 y:/coen20/gcc/bin/../lib/gcc/arm-none-eabi/9.3.1/thumb/v7e-m+fp/hard/crtbegin.o
 .ARM.attributes
                0x00000052       0x1c y:/coen20/gcc/bin/../lib/gcc/arm-none-eabi/9.3.1/../../../../arm-none-eabi/lib/thumb/v7e-m+fp/hard/crt0.o
 .ARM.attributes
                0x0000006e       0x34 obj/Lab5C-Main-c.o
 .ARM.attributes
                0x000000a2       0x25 obj/Lab5C-Implementation-s.o
 .ARM.attributes
                0x000000c7       0x34 library.a(initialize.o)
 .ARM.attributes
                0x000000fb       0x34 library.a(stm32f429i_discovery.o)
 .ARM.attributes
                0x0000012f       0x34 library.a(stm32f429i_discovery_lcd.o)
 .ARM.attributes
                0x00000163       0x34 library.a(stm32f429i_discovery_sdram.o)
 .ARM.attributes
                0x00000197       0x34 library.a(stm32f4xx_hal.o)
 .ARM.attributes
                0x000001cb       0x34 library.a(stm32f4xx_hal_cortex.o)
 .ARM.attributes
                0x000001ff       0x34 library.a(stm32f4xx_hal_dma.o)
 .ARM.attributes
                0x00000233       0x34 library.a(stm32f4xx_hal_dma2d.o)
 .ARM.attributes
                0x00000267       0x34 library.a(stm32f4xx_hal_gpio.o)
 .ARM.attributes
                0x0000029b       0x34 library.a(stm32f4xx_hal_ltdc.o)
 .ARM.attributes
                0x000002cf       0x34 library.a(stm32f4xx_hal_rcc.o)
 .ARM.attributes
                0x00000303       0x34 library.a(stm32f4xx_hal_rcc_ex.o)
 .ARM.attributes
                0x00000337       0x34 library.a(stm32f4xx_hal_sdram.o)
 .ARM.attributes
                0x0000036b       0x34 library.a(stm32f4xx_hal_spi.o)
 .ARM.attributes
                0x0000039f       0x34 library.a(stm32f4xx_it.o)
 .ARM.attributes
                0x000003d3       0x34 library.a(stm32f4xx_ll_fmc.o)
 .ARM.attributes
                0x00000407       0x34 library.a(svcHandler.o)
 .ARM.attributes
                0x0000043b       0x34 library.a(system_stm32f4xx.o)
 .ARM.attributes
                0x0000046f       0x1f library.a(startup_stm32f429xx.o)
 .ARM.attributes
                0x0000048e       0x34 library.a(ili9341.o)
 .ARM.attributes
                0x000004c2       0x34 y:/coen20/gcc/bin/../lib/gcc/arm-none-eabi/9.3.1/../../../../arm-none-eabi/lib/thumb/v7e-m+fp/hard\libc.a(lib_a-exit.o)
 .ARM.attributes
                0x000004f6       0x32 y:/coen20/gcc/bin/../lib/gcc/arm-none-eabi/9.3.1/../../../../arm-none-eabi/lib/thumb/v7e-m+fp/hard\libc.a(lib_a-impure.o)
 .ARM.attributes
                0x00000528       0x34 y:/coen20/gcc/bin/../lib/gcc/arm-none-eabi/9.3.1/../../../../arm-none-eabi/lib/thumb/v7e-m+fp/hard\libc.a(lib_a-init.o)
 .ARM.attributes
                0x0000055c       0x1c y:/coen20/gcc/bin/../lib/gcc/arm-none-eabi/9.3.1/../../../../arm-none-eabi/lib/thumb/v7e-m+fp/hard\libc.a(lib_a-memcpy.o)
 .ARM.attributes
                0x00000578       0x34 y:/coen20/gcc/bin/../lib/gcc/arm-none-eabi/9.3.1/../../../../arm-none-eabi/lib/thumb/v7e-m+fp/hard\libc.a(lib_a-memmove.o)
 .ARM.attributes
                0x000005ac       0x34 y:/coen20/gcc/bin/../lib/gcc/arm-none-eabi/9.3.1/../../../../arm-none-eabi/lib/thumb/v7e-m+fp/hard\libc.a(lib_a-memset.o)
 .ARM.attributes
                0x000005e0       0x34 y:/coen20/gcc/bin/../lib/gcc/arm-none-eabi/9.3.1/../../../../arm-none-eabi/lib/thumb/v7e-m+fp/hard\libc.a(lib_a-printf.o)
 .ARM.attributes
                0x00000614       0x34 y:/coen20/gcc/bin/../lib/gcc/arm-none-eabi/9.3.1/../../../../arm-none-eabi/lib/thumb/v7e-m+fp/hard\libc.a(lib_a-puts.o)
 .ARM.attributes
                0x00000648       0x34 y:/coen20/gcc/bin/../lib/gcc/arm-none-eabi/9.3.1/../../../../arm-none-eabi/lib/thumb/v7e-m+fp/hard\libc.a(lib_a-sprintf.o)
 .ARM.attributes
                0x0000067c       0x34 y:/coen20/gcc/bin/../lib/gcc/arm-none-eabi/9.3.1/../../../../arm-none-eabi/lib/thumb/v7e-m+fp/hard\libc.a(lib_a-strcpy.o)
 .ARM.attributes
                0x000006b0       0x1c y:/coen20/gcc/bin/../lib/gcc/arm-none-eabi/9.3.1/../../../../arm-none-eabi/lib/thumb/v7e-m+fp/hard\libc.a(lib_a-strlen.o)
 .ARM.attributes
                0x000006cc       0x34 y:/coen20/gcc/bin/../lib/gcc/arm-none-eabi/9.3.1/../../../../arm-none-eabi/lib/thumb/v7e-m+fp/hard\libc.a(lib_a-svfprintf.o)
 .ARM.attributes
                0x00000700       0x34 y:/coen20/gcc/bin/../lib/gcc/arm-none-eabi/9.3.1/../../../../arm-none-eabi/lib/thumb/v7e-m+fp/hard\libc.a(lib_a-vfprintf.o)
 .ARM.attributes
                0x00000734       0x34 y:/coen20/gcc/bin/../lib/gcc/arm-none-eabi/9.3.1/../../../../arm-none-eabi/lib/thumb/v7e-m+fp/hard\libc.a(lib_a-vsprintf.o)
 .ARM.attributes
                0x00000768       0x34 y:/coen20/gcc/bin/../lib/gcc/arm-none-eabi/9.3.1/../../../../arm-none-eabi/lib/thumb/v7e-m+fp/hard\libc.a(lib_a-wsetup.o)
 .ARM.attributes
                0x0000079c       0x34 y:/coen20/gcc/bin/../lib/gcc/arm-none-eabi/9.3.1/../../../../arm-none-eabi/lib/thumb/v7e-m+fp/hard\libc.a(lib_a-__call_atexit.o)
 .ARM.attributes
                0x000007d0       0x34 y:/coen20/gcc/bin/../lib/gcc/arm-none-eabi/9.3.1/../../../../arm-none-eabi/lib/thumb/v7e-m+fp/hard\libc.a(lib_a-atexit.o)
 .ARM.attributes
                0x00000804       0x34 y:/coen20/gcc/bin/../lib/gcc/arm-none-eabi/9.3.1/../../../../arm-none-eabi/lib/thumb/v7e-m+fp/hard\libc.a(lib_a-dtoa.o)
 .ARM.attributes
                0x00000838       0x34 y:/coen20/gcc/bin/../lib/gcc/arm-none-eabi/9.3.1/../../../../arm-none-eabi/lib/thumb/v7e-m+fp/hard\libc.a(lib_a-fflush.o)
 .ARM.attributes
                0x0000086c       0x34 y:/coen20/gcc/bin/../lib/gcc/arm-none-eabi/9.3.1/../../../../arm-none-eabi/lib/thumb/v7e-m+fp/hard\libc.a(lib_a-findfp.o)
 .ARM.attributes
                0x000008a0       0x34 y:/coen20/gcc/bin/../lib/gcc/arm-none-eabi/9.3.1/../../../../arm-none-eabi/lib/thumb/v7e-m+fp/hard\libc.a(lib_a-fini.o)
 .ARM.attributes
                0x000008d4       0x34 y:/coen20/gcc/bin/../lib/gcc/arm-none-eabi/9.3.1/../../../../arm-none-eabi/lib/thumb/v7e-m+fp/hard\libc.a(lib_a-freer.o)
 .ARM.attributes
                0x00000908       0x34 y:/coen20/gcc/bin/../lib/gcc/arm-none-eabi/9.3.1/../../../../arm-none-eabi/lib/thumb/v7e-m+fp/hard\libc.a(lib_a-fvwrite.o)
 .ARM.attributes
                0x0000093c       0x34 y:/coen20/gcc/bin/../lib/gcc/arm-none-eabi/9.3.1/../../../../arm-none-eabi/lib/thumb/v7e-m+fp/hard\libc.a(lib_a-fwalk.o)
 .ARM.attributes
                0x00000970       0x34 y:/coen20/gcc/bin/../lib/gcc/arm-none-eabi/9.3.1/../../../../arm-none-eabi/lib/thumb/v7e-m+fp/hard\libc.a(lib_a-localeconv.o)
 .ARM.attributes
                0x000009a4       0x34 y:/coen20/gcc/bin/../lib/gcc/arm-none-eabi/9.3.1/../../../../arm-none-eabi/lib/thumb/v7e-m+fp/hard\libc.a(lib_a-lock.o)
 .ARM.attributes
                0x000009d8       0x34 y:/coen20/gcc/bin/../lib/gcc/arm-none-eabi/9.3.1/../../../../arm-none-eabi/lib/thumb/v7e-m+fp/hard\libc.a(lib_a-makebuf.o)
 .ARM.attributes
                0x00000a0c       0x34 y:/coen20/gcc/bin/../lib/gcc/arm-none-eabi/9.3.1/../../../../arm-none-eabi/lib/thumb/v7e-m+fp/hard\libc.a(lib_a-mallocr.o)
 .ARM.attributes
                0x00000a40       0x1c y:/coen20/gcc/bin/../lib/gcc/arm-none-eabi/9.3.1/../../../../arm-none-eabi/lib/thumb/v7e-m+fp/hard\libc.a(lib_a-memchr.o)
 .ARM.attributes
                0x00000a5c       0x34 y:/coen20/gcc/bin/../lib/gcc/arm-none-eabi/9.3.1/../../../../arm-none-eabi/lib/thumb/v7e-m+fp/hard\libc.a(lib_a-mlock.o)
 .ARM.attributes
                0x00000a90       0x34 y:/coen20/gcc/bin/../lib/gcc/arm-none-eabi/9.3.1/../../../../arm-none-eabi/lib/thumb/v7e-m+fp/hard\libc.a(lib_a-mprec.o)
 .ARM.attributes
                0x00000ac4       0x34 y:/coen20/gcc/bin/../lib/gcc/arm-none-eabi/9.3.1/../../../../arm-none-eabi/lib/thumb/v7e-m+fp/hard\libc.a(lib_a-reallocr.o)
 .ARM.attributes
                0x00000af8       0x34 y:/coen20/gcc/bin/../lib/gcc/arm-none-eabi/9.3.1/../../../../arm-none-eabi/lib/thumb/v7e-m+fp/hard\libc.a(lib_a-s_frexp.o)
 .ARM.attributes
                0x00000b2c       0x34 y:/coen20/gcc/bin/../lib/gcc/arm-none-eabi/9.3.1/../../../../arm-none-eabi/lib/thumb/v7e-m+fp/hard\libc.a(lib_a-sbrkr.o)
 .ARM.attributes
                0x00000b60       0x34 y:/coen20/gcc/bin/../lib/gcc/arm-none-eabi/9.3.1/../../../../arm-none-eabi/lib/thumb/v7e-m+fp/hard\libc.a(lib_a-stdio.o)
 .ARM.attributes
                0x00000b94       0x34 y:/coen20/gcc/bin/../lib/gcc/arm-none-eabi/9.3.1/../../../../arm-none-eabi/lib/thumb/v7e-m+fp/hard\libc.a(lib_a-strncpy.o)
 .ARM.attributes
                0x00000bc8       0x34 y:/coen20/gcc/bin/../lib/gcc/arm-none-eabi/9.3.1/../../../../arm-none-eabi/lib/thumb/v7e-m+fp/hard\libc.a(lib_a-svfiprintf.o)
 .ARM.attributes
                0x00000bfc       0x34 y:/coen20/gcc/bin/../lib/gcc/arm-none-eabi/9.3.1/../../../../arm-none-eabi/lib/thumb/v7e-m+fp/hard\libc.a(lib_a-vfiprintf.o)
 .ARM.attributes
                0x00000c30       0x34 y:/coen20/gcc/bin/../lib/gcc/arm-none-eabi/9.3.1/../../../../arm-none-eabi/lib/thumb/v7e-m+fp/hard\libc.a(lib_a-writer.o)
 .ARM.attributes
                0x00000c64       0x34 y:/coen20/gcc/bin/../lib/gcc/arm-none-eabi/9.3.1/../../../../arm-none-eabi/lib/thumb/v7e-m+fp/hard\libc.a(lib_a-__atexit.o)
 .ARM.attributes
                0x00000c98       0x34 y:/coen20/gcc/bin/../lib/gcc/arm-none-eabi/9.3.1/../../../../arm-none-eabi/lib/thumb/v7e-m+fp/hard\libc.a(lib_a-assert.o)
 .ARM.attributes
                0x00000ccc       0x34 y:/coen20/gcc/bin/../lib/gcc/arm-none-eabi/9.3.1/../../../../arm-none-eabi/lib/thumb/v7e-m+fp/hard\libc.a(lib_a-callocr.o)
 .ARM.attributes
                0x00000d00       0x34 y:/coen20/gcc/bin/../lib/gcc/arm-none-eabi/9.3.1/../../../../arm-none-eabi/lib/thumb/v7e-m+fp/hard\libc.a(lib_a-closer.o)
 .ARM.attributes
                0x00000d34       0x34 y:/coen20/gcc/bin/../lib/gcc/arm-none-eabi/9.3.1/../../../../arm-none-eabi/lib/thumb/v7e-m+fp/hard\libc.a(lib_a-fclose.o)
 .ARM.attributes
                0x00000d68       0x34 y:/coen20/gcc/bin/../lib/gcc/arm-none-eabi/9.3.1/../../../../arm-none-eabi/lib/thumb/v7e-m+fp/hard\libc.a(lib_a-fiprintf.o)
 .ARM.attributes
                0x00000d9c       0x34 y:/coen20/gcc/bin/../lib/gcc/arm-none-eabi/9.3.1/../../../../arm-none-eabi/lib/thumb/v7e-m+fp/hard\libc.a(lib_a-fputwc.o)
 .ARM.attributes
                0x00000dd0       0x34 y:/coen20/gcc/bin/../lib/gcc/arm-none-eabi/9.3.1/../../../../arm-none-eabi/lib/thumb/v7e-m+fp/hard\libc.a(lib_a-fstatr.o)
 .ARM.attributes
                0x00000e04       0x34 y:/coen20/gcc/bin/../lib/gcc/arm-none-eabi/9.3.1/../../../../arm-none-eabi/lib/thumb/v7e-m+fp/hard\libc.a(lib_a-isattyr.o)
 .ARM.attributes
                0x00000e38       0x34 y:/coen20/gcc/bin/../lib/gcc/arm-none-eabi/9.3.1/../../../../arm-none-eabi/lib/thumb/v7e-m+fp/hard\libc.a(lib_a-locale.o)
 .ARM.attributes
                0x00000e6c       0x34 y:/coen20/gcc/bin/../lib/gcc/arm-none-eabi/9.3.1/../../../../arm-none-eabi/lib/thumb/v7e-m+fp/hard\libc.a(lib_a-lseekr.o)
 .ARM.attributes
                0x00000ea0       0x34 y:/coen20/gcc/bin/../lib/gcc/arm-none-eabi/9.3.1/../../../../arm-none-eabi/lib/thumb/v7e-m+fp/hard\libc.a(lib_a-mbtowc_r.o)
 .ARM.attributes
                0x00000ed4       0x34 y:/coen20/gcc/bin/../lib/gcc/arm-none-eabi/9.3.1/../../../../arm-none-eabi/lib/thumb/v7e-m+fp/hard\libc.a(lib_a-readr.o)
 .ARM.attributes
                0x00000f08       0x34 y:/coen20/gcc/bin/../lib/gcc/arm-none-eabi/9.3.1/../../../../arm-none-eabi/lib/thumb/v7e-m+fp/hard\libc.a(lib_a-reent.o)
 .ARM.attributes
                0x00000f3c       0x34 y:/coen20/gcc/bin/../lib/gcc/arm-none-eabi/9.3.1/../../../../arm-none-eabi/lib/thumb/v7e-m+fp/hard\libc.a(lib_a-wbuf.o)
 .ARM.attributes
                0x00000f70       0x34 y:/coen20/gcc/bin/../lib/gcc/arm-none-eabi/9.3.1/../../../../arm-none-eabi/lib/thumb/v7e-m+fp/hard\libc.a(lib_a-wcrtomb.o)
 .ARM.attributes
                0x00000fa4       0x34 y:/coen20/gcc/bin/../lib/gcc/arm-none-eabi/9.3.1/../../../../arm-none-eabi/lib/thumb/v7e-m+fp/hard\libc.a(lib_a-wctomb_r.o)
 .ARM.attributes
                0x00000fd8       0x34 y:/coen20/gcc/bin/../lib/gcc/arm-none-eabi/9.3.1/../../../../arm-none-eabi/lib/thumb/v7e-m+fp/hard\libc.a(lib_a-abort.o)
 .ARM.attributes
                0x0000100c       0x32 y:/coen20/gcc/bin/../lib/gcc/arm-none-eabi/9.3.1/../../../../arm-none-eabi/lib/thumb/v7e-m+fp/hard\libc.a(lib_a-ctype_.o)
 .ARM.attributes
                0x0000103e       0x34 y:/coen20/gcc/bin/../lib/gcc/arm-none-eabi/9.3.1/../../../../arm-none-eabi/lib/thumb/v7e-m+fp/hard\libc.a(lib_a-signal.o)
 .ARM.attributes
                0x00001072       0x34 y:/coen20/gcc/bin/../lib/gcc/arm-none-eabi/9.3.1/../../../../arm-none-eabi/lib/thumb/v7e-m+fp/hard\libc.a(lib_a-signalr.o)
 .ARM.attributes
                0x000010a6       0x34 y:/coen20/gcc/bin/../lib/gcc/arm-none-eabi/9.3.1/../../../../arm-none-eabi/lib/thumb/v7e-m+fp/hard\libnosys.a(sbrk.o)
 .ARM.attributes
                0x000010da       0x34 y:/coen20/gcc/bin/../lib/gcc/arm-none-eabi/9.3.1/../../../../arm-none-eabi/lib/thumb/v7e-m+fp/hard\libnosys.a(_exit.o)
 .ARM.attributes
                0x0000110e       0x1e y:/coen20/gcc/bin/../lib/gcc/arm-none-eabi/9.3.1/thumb/v7e-m+fp/hard\libgcc.a(_arm_addsubdf3.o)
 .ARM.attributes
                0x0000112c       0x1e y:/coen20/gcc/bin/../lib/gcc/arm-none-eabi/9.3.1/thumb/v7e-m+fp/hard\libgcc.a(_arm_muldivdf3.o)
 .ARM.attributes
                0x0000114a       0x1e y:/coen20/gcc/bin/../lib/gcc/arm-none-eabi/9.3.1/thumb/v7e-m+fp/hard\libgcc.a(_arm_cmpdf2.o)
 .ARM.attributes
                0x00001168       0x1e y:/coen20/gcc/bin/../lib/gcc/arm-none-eabi/9.3.1/thumb/v7e-m+fp/hard\libgcc.a(_arm_unorddf2.o)
 .ARM.attributes
                0x00001186       0x1e y:/coen20/gcc/bin/../lib/gcc/arm-none-eabi/9.3.1/thumb/v7e-m+fp/hard\libgcc.a(_arm_fixdfsi.o)
 .ARM.attributes
                0x000011a4       0x1e y:/coen20/gcc/bin/../lib/gcc/arm-none-eabi/9.3.1/thumb/v7e-m+fp/hard\libgcc.a(_aeabi_uldivmod.o)
 .ARM.attributes
                0x000011c2       0x34 y:/coen20/gcc/bin/../lib/gcc/arm-none-eabi/9.3.1/thumb/v7e-m+fp/hard\libgcc.a(_udivmoddi4.o)
 .ARM.attributes
                0x000011f6       0x1e y:/coen20/gcc/bin/../lib/gcc/arm-none-eabi/9.3.1/thumb/v7e-m+fp/hard\libgcc.a(_dvmd_tls.o)
 .ARM.attributes
                0x00001214       0x32 y:/coen20/gcc/bin/../lib/gcc/arm-none-eabi/9.3.1/thumb/v7e-m+fp/hard/crtend.o
 .ARM.attributes
                0x00001246       0x1e y:/coen20/gcc/bin/../lib/gcc/arm-none-eabi/9.3.1/thumb/v7e-m+fp/hard/crtn.o

.comment        0x00000000       0x7f
 .comment       0x00000000       0x4c obj/Lab5C-Main-c.o
                                 0x4d (size before relaxing)
 .comment       0x0000004c       0x33 library.a(initialize.o)
                                 0x34 (size before relaxing)
 .comment       0x0000007f       0x34 library.a(stm32f429i_discovery.o)
 .comment       0x0000007f       0x34 library.a(stm32f429i_discovery_lcd.o)
 .comment       0x0000007f       0x34 library.a(stm32f429i_discovery_sdram.o)
 .comment       0x0000007f       0x34 library.a(stm32f4xx_hal.o)
 .comment       0x0000007f       0x34 library.a(stm32f4xx_hal_cortex.o)
 .comment       0x0000007f       0x34 library.a(stm32f4xx_hal_dma.o)
 .comment       0x0000007f       0x34 library.a(stm32f4xx_hal_dma2d.o)
 .comment       0x0000007f       0x34 library.a(stm32f4xx_hal_gpio.o)
 .comment       0x0000007f       0x34 library.a(stm32f4xx_hal_ltdc.o)
 .comment       0x0000007f       0x34 library.a(stm32f4xx_hal_rcc.o)
 .comment       0x0000007f       0x34 library.a(stm32f4xx_hal_rcc_ex.o)
 .comment       0x0000007f       0x34 library.a(stm32f4xx_hal_sdram.o)
 .comment       0x0000007f       0x34 library.a(stm32f4xx_hal_spi.o)
 .comment       0x0000007f       0x34 library.a(stm32f4xx_it.o)
 .comment       0x0000007f       0x34 library.a(stm32f4xx_ll_fmc.o)
 .comment       0x0000007f       0x34 library.a(svcHandler.o)
 .comment       0x0000007f       0x34 library.a(system_stm32f4xx.o)
 .comment       0x0000007f       0x34 library.a(ili9341.o)

.debug_frame    0x00000000     0x1810
 .debug_frame   0x00000000       0x28 y:/coen20/gcc/bin/../lib/gcc/arm-none-eabi/9.3.1/../../../../arm-none-eabi/lib/thumb/v7e-m+fp/hard\libc.a(lib_a-exit.o)
 .debug_frame   0x00000028       0x2c y:/coen20/gcc/bin/../lib/gcc/arm-none-eabi/9.3.1/../../../../arm-none-eabi/lib/thumb/v7e-m+fp/hard\libc.a(lib_a-init.o)
 .debug_frame   0x00000054       0x40 y:/coen20/gcc/bin/../lib/gcc/arm-none-eabi/9.3.1/../../../../arm-none-eabi/lib/thumb/v7e-m+fp/hard\libc.a(lib_a-memmove.o)
 .debug_frame   0x00000094       0x38 y:/coen20/gcc/bin/../lib/gcc/arm-none-eabi/9.3.1/../../../../arm-none-eabi/lib/thumb/v7e-m+fp/hard\libc.a(lib_a-memset.o)
 .debug_frame   0x000000cc       0x74 y:/coen20/gcc/bin/../lib/gcc/arm-none-eabi/9.3.1/../../../../arm-none-eabi/lib/thumb/v7e-m+fp/hard\libc.a(lib_a-printf.o)
 .debug_frame   0x00000140       0x4c y:/coen20/gcc/bin/../lib/gcc/arm-none-eabi/9.3.1/../../../../arm-none-eabi/lib/thumb/v7e-m+fp/hard\libc.a(lib_a-puts.o)
 .debug_frame   0x0000018c       0x7c y:/coen20/gcc/bin/../lib/gcc/arm-none-eabi/9.3.1/../../../../arm-none-eabi/lib/thumb/v7e-m+fp/hard\libc.a(lib_a-sprintf.o)
 .debug_frame   0x00000208       0x20 y:/coen20/gcc/bin/../lib/gcc/arm-none-eabi/9.3.1/../../../../arm-none-eabi/lib/thumb/v7e-m+fp/hard\libc.a(lib_a-strcpy.o)
 .debug_frame   0x00000228       0x68 y:/coen20/gcc/bin/../lib/gcc/arm-none-eabi/9.3.1/../../../../arm-none-eabi/lib/thumb/v7e-m+fp/hard\libc.a(lib_a-svfprintf.o)
 .debug_frame   0x00000290       0xbc y:/coen20/gcc/bin/../lib/gcc/arm-none-eabi/9.3.1/../../../../arm-none-eabi/lib/thumb/v7e-m+fp/hard\libc.a(lib_a-vfprintf.o)
 .debug_frame   0x0000034c       0x4c y:/coen20/gcc/bin/../lib/gcc/arm-none-eabi/9.3.1/../../../../arm-none-eabi/lib/thumb/v7e-m+fp/hard\libc.a(lib_a-vsprintf.o)
 .debug_frame   0x00000398       0x2c y:/coen20/gcc/bin/../lib/gcc/arm-none-eabi/9.3.1/../../../../arm-none-eabi/lib/thumb/v7e-m+fp/hard\libc.a(lib_a-wsetup.o)
 .debug_frame   0x000003c4       0x68 y:/coen20/gcc/bin/../lib/gcc/arm-none-eabi/9.3.1/../../../../arm-none-eabi/lib/thumb/v7e-m+fp/hard\libc.a(lib_a-__call_atexit.o)
 .debug_frame   0x0000042c       0x20 y:/coen20/gcc/bin/../lib/gcc/arm-none-eabi/9.3.1/../../../../arm-none-eabi/lib/thumb/v7e-m+fp/hard\libc.a(lib_a-atexit.o)
 .debug_frame   0x0000044c       0xc4 y:/coen20/gcc/bin/../lib/gcc/arm-none-eabi/9.3.1/../../../../arm-none-eabi/lib/thumb/v7e-m+fp/hard\libc.a(lib_a-dtoa.o)
 .debug_frame   0x00000510       0x5c y:/coen20/gcc/bin/../lib/gcc/arm-none-eabi/9.3.1/../../../../arm-none-eabi/lib/thumb/v7e-m+fp/hard\libc.a(lib_a-fflush.o)
 .debug_frame   0x0000056c      0x14c y:/coen20/gcc/bin/../lib/gcc/arm-none-eabi/9.3.1/../../../../arm-none-eabi/lib/thumb/v7e-m+fp/hard\libc.a(lib_a-findfp.o)
 .debug_frame   0x000006b8       0x34 y:/coen20/gcc/bin/../lib/gcc/arm-none-eabi/9.3.1/../../../../arm-none-eabi/lib/thumb/v7e-m+fp/hard\libc.a(lib_a-fini.o)
 .debug_frame   0x000006ec       0x8c y:/coen20/gcc/bin/../lib/gcc/arm-none-eabi/9.3.1/../../../../arm-none-eabi/lib/thumb/v7e-m+fp/hard\libc.a(lib_a-freer.o)
 .debug_frame   0x00000778       0x64 y:/coen20/gcc/bin/../lib/gcc/arm-none-eabi/9.3.1/../../../../arm-none-eabi/lib/thumb/v7e-m+fp/hard\libc.a(lib_a-fvwrite.o)
 .debug_frame   0x000007dc       0x54 y:/coen20/gcc/bin/../lib/gcc/arm-none-eabi/9.3.1/../../../../arm-none-eabi/lib/thumb/v7e-m+fp/hard\libc.a(lib_a-fwalk.o)
 .debug_frame   0x00000830       0x40 y:/coen20/gcc/bin/../lib/gcc/arm-none-eabi/9.3.1/../../../../arm-none-eabi/lib/thumb/v7e-m+fp/hard\libc.a(lib_a-localeconv.o)
 .debug_frame   0x00000870       0xb0 y:/coen20/gcc/bin/../lib/gcc/arm-none-eabi/9.3.1/../../../../arm-none-eabi/lib/thumb/v7e-m+fp/hard\libc.a(lib_a-lock.o)
 .debug_frame   0x00000920       0x6c y:/coen20/gcc/bin/../lib/gcc/arm-none-eabi/9.3.1/../../../../arm-none-eabi/lib/thumb/v7e-m+fp/hard\libc.a(lib_a-makebuf.o)
 .debug_frame   0x0000098c       0x4c y:/coen20/gcc/bin/../lib/gcc/arm-none-eabi/9.3.1/../../../../arm-none-eabi/lib/thumb/v7e-m+fp/hard\libc.a(lib_a-mallocr.o)
 .debug_frame   0x000009d8       0x30 y:/coen20/gcc/bin/../lib/gcc/arm-none-eabi/9.3.1/../../../../arm-none-eabi/lib/thumb/v7e-m+fp/hard\libc.a(lib_a-mlock.o)
 .debug_frame   0x00000a08      0x27c y:/coen20/gcc/bin/../lib/gcc/arm-none-eabi/9.3.1/../../../../arm-none-eabi/lib/thumb/v7e-m+fp/hard\libc.a(lib_a-mprec.o)
 .debug_frame   0x00000c84       0x48 y:/coen20/gcc/bin/../lib/gcc/arm-none-eabi/9.3.1/../../../../arm-none-eabi/lib/thumb/v7e-m+fp/hard\libc.a(lib_a-reallocr.o)
 .debug_frame   0x00000ccc       0x2c y:/coen20/gcc/bin/../lib/gcc/arm-none-eabi/9.3.1/../../../../arm-none-eabi/lib/thumb/v7e-m+fp/hard\libc.a(lib_a-s_frexp.o)
 .debug_frame   0x00000cf8       0x2c y:/coen20/gcc/bin/../lib/gcc/arm-none-eabi/9.3.1/../../../../arm-none-eabi/lib/thumb/v7e-m+fp/hard\libc.a(lib_a-sbrkr.o)
 .debug_frame   0x00000d24       0x8c y:/coen20/gcc/bin/../lib/gcc/arm-none-eabi/9.3.1/../../../../arm-none-eabi/lib/thumb/v7e-m+fp/hard\libc.a(lib_a-stdio.o)
 .debug_frame   0x00000db0       0x38 y:/coen20/gcc/bin/../lib/gcc/arm-none-eabi/9.3.1/../../../../arm-none-eabi/lib/thumb/v7e-m+fp/hard\libc.a(lib_a-strncpy.o)
 .debug_frame   0x00000de8       0x88 y:/coen20/gcc/bin/../lib/gcc/arm-none-eabi/9.3.1/../../../../arm-none-eabi/lib/thumb/v7e-m+fp/hard\libc.a(lib_a-svfiprintf.o)
 .debug_frame   0x00000e70       0xe8 y:/coen20/gcc/bin/../lib/gcc/arm-none-eabi/9.3.1/../../../../arm-none-eabi/lib/thumb/v7e-m+fp/hard\libc.a(lib_a-vfiprintf.o)
 .debug_frame   0x00000f58       0x2c y:/coen20/gcc/bin/../lib/gcc/arm-none-eabi/9.3.1/../../../../arm-none-eabi/lib/thumb/v7e-m+fp/hard\libc.a(lib_a-writer.o)
 .debug_frame   0x00000f84       0x34 y:/coen20/gcc/bin/../lib/gcc/arm-none-eabi/9.3.1/../../../../arm-none-eabi/lib/thumb/v7e-m+fp/hard\libc.a(lib_a-__atexit.o)
 .debug_frame   0x00000fb8       0x40 y:/coen20/gcc/bin/../lib/gcc/arm-none-eabi/9.3.1/../../../../arm-none-eabi/lib/thumb/v7e-m+fp/hard\libc.a(lib_a-assert.o)
 .debug_frame   0x00000ff8       0x28 y:/coen20/gcc/bin/../lib/gcc/arm-none-eabi/9.3.1/../../../../arm-none-eabi/lib/thumb/v7e-m+fp/hard\libc.a(lib_a-callocr.o)
 .debug_frame   0x00001020       0x2c y:/coen20/gcc/bin/../lib/gcc/arm-none-eabi/9.3.1/../../../../arm-none-eabi/lib/thumb/v7e-m+fp/hard\libc.a(lib_a-closer.o)
 .debug_frame   0x0000104c       0x3c y:/coen20/gcc/bin/../lib/gcc/arm-none-eabi/9.3.1/../../../../arm-none-eabi/lib/thumb/v7e-m+fp/hard\libc.a(lib_a-fclose.o)
 .debug_frame   0x00001088       0x70 y:/coen20/gcc/bin/../lib/gcc/arm-none-eabi/9.3.1/../../../../arm-none-eabi/lib/thumb/v7e-m+fp/hard\libc.a(lib_a-fiprintf.o)
 .debug_frame   0x000010f8       0xa4 y:/coen20/gcc/bin/../lib/gcc/arm-none-eabi/9.3.1/../../../../arm-none-eabi/lib/thumb/v7e-m+fp/hard\libc.a(lib_a-fputwc.o)
 .debug_frame   0x0000119c       0x2c y:/coen20/gcc/bin/../lib/gcc/arm-none-eabi/9.3.1/../../../../arm-none-eabi/lib/thumb/v7e-m+fp/hard\libc.a(lib_a-fstatr.o)